******************************************************************************
             TMS320C2000 Linker PC v22.6.0                     
******************************************************************************
>> Linked Fri Sep  8 12:13:35 2023

OUTPUT FILE NAME:   <empty_driverlib_project.out>
ENTRY POINT SYMBOL: "code_start"  address: 00000000


MEMORY CONFIGURATION

         name            origin    length      used     unused   attr    fill
----------------------  --------  ---------  --------  --------  ----  --------
PAGE 0:
  BEGIN                 00000000   00000002  00000002  00000000  RWIX
  RAMM0                 00000123   000002dd  00000018  000002c5  RWIX
  RAMLS0                00008000   00000800  00000800  00000000  RWIX
  RAMLS1                00008800   00000800  00000800  00000000  RWIX
  RAMLS2                00009000   00000800  00000800  00000000  RWIX
  RAMLS3                00009800   00000800  000002e5  0000051b  RWIX
  RAMLS4                0000a000   00000800  00000000  00000800  RWIX
  RAMD0                 0000b000   00000800  00000800  00000000  RWIX
  FLASHA                00080002   00001ffe  00000000  00001ffe  RWIX
  FLASHB                00082000   00002000  00000000  00002000  RWIX
  FLASHC                00084000   00002000  00000000  00002000  RWIX
  FLASHD                00086000   00002000  00000000  00002000  RWIX
  FLASHE                00088000   00008000  00000000  00008000  RWIX
  FLASHF                00090000   00008000  00000000  00008000  RWIX
  FLASHG                00098000   00008000  00000000  00008000  RWIX
  FLASHH                000a0000   00008000  00000000  00008000  RWIX
  FLASHI                000a8000   00008000  00000000  00008000  RWIX
  FLASHJ                000b0000   00008000  00000000  00008000  RWIX
  FLASHK                000b8000   00002000  00000000  00002000  RWIX
  FLASHL                000ba000   00002000  00000000  00002000  RWIX
  FLASHM                000bc000   00002000  00000000  00002000  RWIX
  FLASHN                000be000   00001ff0  00000000  00001ff0  RWIX
  RESET                 003fffc0   00000002  00000000  00000002  RWIX

PAGE 1:
  BOOT_RSVD             00000002   00000121  00000000  00000121  RWIX
  RAMM1                 00000400   000003f8  00000100  000002f8  RWIX
  RAMLS5                0000a800   00000800  00000509  000002f7  RWIX
  RAMD1                 0000b800   00000800  00000000  00000800  RWIX
  RAMGS0                0000c000   00001000  00000000  00001000  RWIX
  RAMGS1                0000d000   00001000  00000000  00001000  RWIX
  RAMGS2                0000e000   00001000  00000000  00001000  RWIX
  RAMGS3                0000f000   00001000  00000000  00001000  RWIX
  RAMGS4                00010000   00001000  00000000  00001000  RWIX
  RAMGS5                00011000   00001000  00000000  00001000  RWIX
  RAMGS6                00012000   00001000  00000000  00001000  RWIX
  RAMGS7                00013000   00001000  00000000  00001000  RWIX
  RAMGS8                00014000   00001000  00000000  00001000  RWIX
  RAMGS9                00015000   00001000  00000000  00001000  RWIX
  RAMGS10               00016000   00001000  00000000  00001000  RWIX
  RAMGS11               00017000   00001000  00000000  00001000  RWIX
  RAMGS12               00018000   00001000  00000000  00001000  RWIX
  RAMGS13               00019000   00001000  00000000  00001000  RWIX
  RAMGS14               0001a000   00001000  00000000  00001000  RWIX
  RAMGS15               0001b000   00000ff8  00000000  00000ff8  RWIX
  CPU2TOCPU1RAM         0003f800   00000400  00000000  00000400  RWIX
  CPU1TOCPU2RAM         0003fc00   00000400  00000000  00000400  RWIX
  CANA_MSG_RAM          00049000   00000800  00000000  00000800  RWIX
  CANB_MSG_RAM          0004b000   00000800  00000000  00000800  RWIX


SECTION ALLOCATION MAP

 output                                  attributes/
section   page    origin      length       input sections
--------  ----  ----------  ----------   ----------------
codestart 
*          0    00000000    00000002     
                  00000000    00000002     F2837xD_CodeStartBranch.obj (codestart)

.cinit     0    00000128    00000014     
                  00000128    0000000a     (.cinit..data.load) [load image, compression = lzss]
                  00000132    00000004     (__TI_handler_table)
                  00000136    00000002     --HOLE-- [fill = 0]
                  00000138    00000004     (__TI_cinit_table)

.reset     0    003fffc0    00000000     DSECT

.stack     1    00000400    00000100     UNINITIALIZED
                  00000400    00000100     --HOLE--

.init_array 
*          0    00000123    00000000     UNINITIALIZED

.const     1    0000a800    000004f8     
                  0000a800    00000101     rts2800_fpu32_eabi.lib : ctype.c.obj (.const:.string:_ctypes_)
                  0000a901    00000001     --HOLE-- [fill = 0]
                  0000a902    000000c2     driverlib_eabi.lib : sysctl.obj (.const:.string)
                  0000a9c4    000000bc                        : gpio.obj (.const:.string)
                  0000aa80    000000bb                        : sci.obj (.const:.string)
                  0000ab3b    00000001     --HOLE-- [fill = 0]
                  0000ab3c    0000009b     28379D_uart.obj (.const:.string)
                  0000abd7    00000001     --HOLE-- [fill = 0]
                  0000abd8    00000062     driverlib_eabi.lib : cputimer.obj (.const:.string)
                  0000ac3a    00000044     empty_driverlib_main.obj (.const:.string)
                  0000ac7e    00000026     rts2800_fpu32_eabi.lib : _printfi.c.obj (.const:.string)
                  0000aca4    0000001c                            : _printfi.c.obj (.const)
                  0000acc0    0000001c                            : s_scalbn.c.obj (.const)
                  0000acdc    00000013     device.obj (.const:.string)
                  0000acef    00000001     --HOLE-- [fill = 0]
                  0000acf0    00000008     rts2800_fpu32_eabi.lib : s_frexp.c.obj (.const)

.data      1    0000acf8    00000011     UNINITIALIZED
                  0000acf8    00000006     device.obj (.data)
                  0000acfe    00000002     rts2800_fpu32_eabi.lib : _lock.c.obj (.data:_lock)
                  0000ad00    00000006                            : exit.c.obj (.data)
                  0000ad06    00000002                            : _lock.c.obj (.data:_unlock)
                  0000ad08    00000001                            : errno.c.obj (.data)

.TI.ramfunc 
*          0    00000123    00000004     
                  00000123    00000004     driverlib_eabi.lib : sysctl.obj (.TI.ramfunc)

GETBUFFER 
*          0    0003f800    00000000     DSECT

GETWRITEIDX 
*          0    0003f800    00000000     DSECT

PUTREADIDX 
*          0    0003f800    00000000     DSECT

.text.1    0    00008000    00000800     
                  00008000    00000614     rts2800_fpu32_eabi.lib : _printfi.c.obj (.text:__TI_printfi)
                  00008614    000000a9                            : s_scalbn.c.obj (.text)
                  000086bd    0000009c                            : fd_add28.asm.obj (.text)
                  00008759    00000090     empty_driverlib_main.obj (.text)
                  000087e9    00000017     driverlib_eabi.lib : cputimer.obj (.text:CPUTimer_isBaseValid)

.text.2    0    00008800    00000800     
                  00008800    000003fa     device.obj (.text)
                  00008bfa    0000029f     28379D_uart.obj (.text)
                  00008e99    0000008b     rts2800_fpu32_eabi.lib : fd_div28.asm.obj (.text)
                  00008f24    0000008a     driverlib_eabi.lib : sysctl.obj (.text:SysCtl_selectXTAL)
                  00008fae    00000052                        : gpio.obj (.text:GPIO_setPadConfig)

.text.3    0    00009000    00000800     
                  00009000    00000206     driverlib_eabi.lib : sysctl.obj (.text:SysCtl_setClock)
                  00009206    00000088     rts2800_fpu32_eabi.lib : fs_div28.asm.obj (.text)
                  0000928e    00000083                            : fd_mpy28.asm.obj (.text)
                  00009311    00000068     driverlib_eabi.lib : sysctl.obj (.text:SysCtl_getDeviceParametric)
                  00009379    0000005a     rts2800_fpu32_eabi.lib : s_frexp.c.obj (.text)
                  000093d3    00000051     driverlib_eabi.lib : sysctl.obj (.text:SysCtl_getClock)
                  00009424    00000048                        : sysctl.obj (.text:SysCtl_selectOscSource)
                  0000946c    00000045                        : sci.obj (.text:SCI_clearInterruptStatus)
                  000094b1    0000003e                        : sci.obj (.text:SCI_setConfig)
                  000094ef    0000003d                        : interrupt.obj (.text:Interrupt_initModule)
                  0000952c    00000037                        : gpio.obj (.text:GPIO_setPinConfig)
                  00009563    00000037                        : gpio.obj (.text:GPIO_setQualificationMode)
                  0000959a    00000037                        : interrupt.obj (.text:Interrupt_enable)
                  000095d1    00000032     28379D_uart.obj (.text:retain)
                  00009603    00000032     rts2800_fpu32_eabi.lib : sprintf.c.obj (.text)
                  00009635    00000031     driverlib_eabi.lib : gpio.obj (.text:GPIO_setDirectionMode)
                  00009666    00000031     rts2800_fpu32_eabi.lib : atoi.c.obj (.text)
                  00009697    00000030                            : _ltoa.c.obj (.text)
                  000096c7    0000002e                            : copy_decompress_lzss.c.obj (.text:decompress:lzss)
                  000096f5    0000002b                            : autoinit.c.obj (.text:__TI_auto_init_nobinit_nopinit)
                  00009720    0000002a                            : fd_cmp28.asm.obj (.text)
                  0000974a    0000002a                            : l_div28.asm.obj (.text)
                  00009774    00000029                            : exit.c.obj (.text)
                  0000979d    00000024                            : s_copysign.c.obj (.text)
                  000097c1    00000021     driverlib_eabi.lib : sysctl.obj (.text:CPUTimer_selectClockSource)
                  000097e2    0000001e                        : interrupt.obj (.text:Interrupt_initVectorTable)

.text.4    0    00009800    000002e5     
                  00009800    00000021     rts2800_fpu32_eabi.lib : fd_toi28.asm.obj (.text)
                  00009821    0000001f     driverlib_eabi.lib : sysctl.obj (.text:CPUTimer_getTimerOverflowStatus)
                  00009840    0000001f     rts2800_fpu32_eabi.lib : fd_tol28.asm.obj (.text)
                  0000985f    0000001e                            : ll_cmp28.asm.obj (.text)
                  0000987d    0000001d                            : i_tofd28.asm.obj (.text)
                  0000989a    0000001d                            : memcpy.c.obj (.text)
                  000098b7    0000001c                            : l_tofd28.asm.obj (.text)
                  000098d3    0000001b     driverlib_eabi.lib : sci.obj (.text:SCI_isBaseValid)
                  000098ee    0000001a                        : sysctl.obj (.text:CPUTimer_startTimer)
                  00009908    0000001a                        : sysctl.obj (.text:SysCtl_getLowSpeedClock)
                  00009922    00000018                        : sci.obj (.text:SCI_disableModule)
                  0000993a    00000018                        : sci.obj (.text:SCI_performSoftwareReset)
                  00009952    00000018     rts2800_fpu32_eabi.lib : ll_aox28.asm.obj (.text)
                  0000996a    00000017     driverlib_eabi.lib : sysctl.obj (.text:CPUTimer_isBaseValid)
                  00009981    00000017     rts2800_fpu32_eabi.lib : boot28.asm.obj (.text)
                  00009998    00000014     driverlib_eabi.lib : sysctl.obj (.text:CPUTimer_stopTimer)
                  000099ac    00000013                        : cputimer.obj (.text:CPUTimer_setEmulationMode)
                  000099bf    00000013                        : sci.obj (.text:SCI_enableModule)
                  000099d2    00000012                        : sysctl.obj (.text:CPUTimer_clearOverflowFlag)
                  000099e4    00000012                        : sysctl.obj (.text:CPUTimer_disableInterrupt)
                  000099f6    00000011                        : sysctl.obj (.text:CPUTimer_setPeriod)
                  00009a07    00000010     rts2800_fpu32_eabi.lib : memccpy.c.obj (.text)
                  00009a17    0000000f     driverlib_eabi.lib : sysctl.obj (.text:SysCtl_pollCpuTimer)
                  00009a26    0000000e                        : gpio.obj (.text:GPIO_isPinValid)
                  00009a34    0000000e                        : interrupt.obj (.text:Interrupt_defaultHandler)
                  00009a42    0000000e     rts2800_fpu32_eabi.lib : fd_sub28.asm.obj (.text)
                  00009a50    0000000d     driverlib_eabi.lib : interrupt.obj (.text:Interrupt_disableGlobal)
                  00009a5d    0000000d                        : interrupt.obj (.text:Interrupt_enableGlobal)
                  00009a6a    0000000c     rts2800_fpu32_eabi.lib : args_main.c.obj (.text)
                  00009a76    0000000c                            : strchr.c.obj (.text)
                  00009a82    0000000b     driverlib_eabi.lib : sysctl.obj (.text:SysCtl_isMCDClockFailureDetected)
                  00009a8d    0000000b     rts2800_fpu32_eabi.lib : wcslen.c.obj (.text)
                  00009a98    00000009     driverlib_eabi.lib : sysctl.obj (.text:SysCtl_serviceWatchdog)
                  00009aa1    00000009     rts2800_fpu32_eabi.lib : _lock.c.obj (.text)
                  00009aaa    00000009                            : fd_neg28.asm.obj (.text)
                  00009ab3    00000008     F2837xD_CodeStartBranch.obj (.text)
                  00009abb    00000008     rts2800_fpu32_eabi.lib : copy_decompress_none.c.obj (.text:decompress:none)
                  00009ac3    00000008                            : strlen.c.obj (.text)
                  00009acb    00000007     driverlib_eabi.lib : sysctl.obj (.text:SysCtl_resetMCD)
                  00009ad2    00000007     rts2800_fpu32_eabi.lib : memset.c.obj (.text)
                  00009ad9    00000005                            : strcpy.c.obj (.text)
                  00009ade    00000002     driverlib_eabi.lib : interrupt.obj (.text:Interrupt_illegalOperationHandler)
                  00009ae0    00000002                        : interrupt.obj (.text:Interrupt_nmiHandler)
                  00009ae2    00000002     rts2800_fpu32_eabi.lib : pre_init.c.obj (.text)
                  00009ae4    00000001                            : startup.c.obj (.text)

.text.5    0    0000b000    00000800     
                  0000b000    000006c2     rts2800_fpu32_eabi.lib : _printfi.c.obj (.text)
                  0000b6c2    00000107                            : ll_div28.asm.obj (.text)
                  0000b7c9    00000037     driverlib_eabi.lib : gpio.obj (.text:GPIO_setControllerCore)

MODULE SUMMARY

       Module                        code   ro data   rw data
       ------                        ----   -------   -------
    .\
       28379D_uart.obj               721    155       0      
       empty_driverlib_main.obj      144    68        0      
    +--+-----------------------------+------+---------+---------+
       Total:                        865    223       0      
                                                             
    .\device\
       device.obj                    1018   19        6      
       F2837xD_CodeStartBranch.obj   10     0         0      
    +--+-----------------------------+------+---------+---------+
       Total:                        1028   19        6      
                                                             
    C:\ti\c2000\C2000Ware_5_00_00_00\driverlib\f2837xd\driverlib\ccs\Debug\driverlib_eabi.lib
       sysctl.obj                    1171   194       0      
       gpio.obj                      310    188       0      
       sci.obj                       225    187       0      
       interrupt.obj                 190    0         0      
       cputimer.obj                  42     98        0      
    +--+-----------------------------+------+---------+---------+
       Total:                        1938   667       0      
                                                             
    C:\ti\ccs1240\ccs\tools\compiler\ti-cgt-c2000_22.6.0.LTS\lib\rts2800_fpu32_eabi.lib
       _printfi.c.obj                3286   66        0      
       ll_div28.asm.obj              263    0         0      
       ctype.c.obj                   0      257       0      
       s_scalbn.c.obj                169    28        0      
       fd_add28.asm.obj              156    0         0      
       fd_div28.asm.obj              139    0         0      
       fs_div28.asm.obj              136    0         0      
       fd_mpy28.asm.obj              131    0         0      
       s_frexp.c.obj                 90     8         0      
       sprintf.c.obj                 50     0         0      
       atoi.c.obj                    49     0         0      
       _ltoa.c.obj                   48     0         0      
       exit.c.obj                    41     0         6      
       copy_decompress_lzss.c.obj    46     0         0      
       autoinit.c.obj                43     0         0      
       fd_cmp28.asm.obj              42     0         0      
       l_div28.asm.obj               42     0         0      
       s_copysign.c.obj              36     0         0      
       fd_toi28.asm.obj              33     0         0      
       fd_tol28.asm.obj              31     0         0      
       ll_cmp28.asm.obj              30     0         0      
       i_tofd28.asm.obj              29     0         0      
       memcpy.c.obj                  29     0         0      
       l_tofd28.asm.obj              28     0         0      
       ll_aox28.asm.obj              24     0         0      
       boot28.asm.obj                23     0         0      
       memccpy.c.obj                 16     0         0      
       fd_sub28.asm.obj              14     0         0      
       _lock.c.obj                   9      0         4      
       args_main.c.obj               12     0         0      
       strchr.c.obj                  12     0         0      
       wcslen.c.obj                  11     0         0      
       fd_neg28.asm.obj              9      0         0      
       copy_decompress_none.c.obj    8      0         0      
       strlen.c.obj                  8      0         0      
       memset.c.obj                  7      0         0      
       strcpy.c.obj                  5      0         0      
       pre_init.c.obj                2      0         0      
       errno.c.obj                   0      0         1      
       startup.c.obj                 1      0         0      
    +--+-----------------------------+------+---------+---------+
       Total:                        5108   359       11     
                                                             
       Stack:                        0      0         256    
       Linker Generated:             0      18        0      
    +--+-----------------------------+------+---------+---------+
       Grand Total:                  8939   1286      273    


LINKER GENERATED COPY TABLES

__TI_cinit_table @ 00000138 records: 1, size/record: 4, table size: 4
	.data: load addr=00000128, load size=0000000a bytes, run addr=0000acf8, run size=00000011 bytes, compression=lzss


LINKER GENERATED HANDLER TABLE

__TI_handler_table @ 00000132 records: 2, size/record: 2, table size: 4
	index: 0, handler: __TI_decompress_lzss
	index: 1, handler: __TI_decompress_none


GLOBAL DATA SYMBOLS: SORTED BY DATA PAGE

address     data page           name
--------    ----------------    ----
00000400      10 (00000400)     __stack

0000a800     2a0 (0000a800)     _ctypes_

0000acf8     2b3 (0000acc0)     Example_Result
0000acfa     2b3 (0000acc0)     Example_PassCount
0000acfc     2b3 (0000acc0)     Example_Fail
0000acfe     2b3 (0000acc0)     _lock

0000ad00     2b4 (0000ad00)     __TI_enable_exit_profile_output
0000ad02     2b4 (0000ad00)     __TI_cleanup_ptr
0000ad04     2b4 (0000ad00)     __TI_dtors_ptr
0000ad06     2b4 (0000ad00)     _unlock
0000ad08     2b4 (0000ad00)     errno


GLOBAL SYMBOLS: SORTED ALPHABETICALLY BY Name 

page  address   name                                     
----  -------   ----                                     
0     00009774  C$$EXIT                                  
0     000099ac  CPUTimer_setEmulationMode                
0     00008a6e  Device_bootCPU2                          
0     00008a3d  Device_configureTMXAnalogTrim            
0     000088eb  Device_enableAllPeripherals              
0     00008a27  Device_enableUnbondedGPIOPullups         
0     00008a0a  Device_enableUnbondedGPIOPullupsFor100Pin
0     000089f7  Device_enableUnbondedGPIOPullupsFor176Pin
0     000088ab  Device_init                              
0     000089d6  Device_initGPIO                          
1     0000acfc  Example_Fail                             
1     0000acfa  Example_PassCount                        
1     0000acf8  Example_Result                           
0     00008bf9  Example_done                             
0     00008bf4  Example_setResultFail                    
0     00008bef  Example_setResultPass                    
0     0000b7c9  GPIO_setControllerCore                   
0     00009635  GPIO_setDirectionMode                    
0     00008fae  GPIO_setPadConfig                        
0     0000952c  GPIO_setPinConfig                        
0     00009563  GPIO_setQualificationMode                
0     0000959a  Interrupt_enable                         
0     000094ef  Interrupt_initModule                     
0     000097e2  Interrupt_initVectorTable                
0     0000946c  SCI_clearInterruptStatus                 
0     000094b1  SCI_setConfig                            
0     00000123  SysCtl_delay                             
0     000093d3  SysCtl_getClock                          
0     00009311  SysCtl_getDeviceParametric               
0     00009908  SysCtl_getLowSpeedClock                  
0     00009424  SysCtl_selectOscSource                   
0     00008f24  SysCtl_selectXTAL                        
0     00009000  SysCtl_setClock                          
0     00000138  __TI_CINIT_Base                          
0     0000013c  __TI_CINIT_Limit                         
0     0000013c  __TI_CINIT_Warm                          
0     00000132  __TI_Handler_Table_Base                  
0     00000136  __TI_Handler_Table_Limit                 
1     00000500  __TI_STACK_END                           
abs   00000100  __TI_STACK_SIZE                          
0     000096f5  __TI_auto_init_nobinit_nopinit           
1     0000ad02  __TI_cleanup_ptr                         
0     000096c7  __TI_decompress_lzss                     
0     00009abb  __TI_decompress_none                     
1     0000ad04  __TI_dtors_ptr                           
1     0000ad00  __TI_enable_exit_profile_output          
0     00009697  __TI_ltoa                                
abs   ffffffff  __TI_pprof_out_hndl                      
0     0000848f  __TI_printfi                             
abs   ffffffff  __TI_prof_data_size                      
abs   ffffffff  __TI_prof_data_start                     
0     000086bd  __c28xabi_addd                           
0     00009952  __c28xabi_andll                          
0     00009720  __c28xabi_cmpd                           
0     0000985f  __c28xabi_cmpll                          
0     00009871  __c28xabi_cmpull                         
0     00008e99  __c28xabi_divd                           
0     00009206  __c28xabi_divf                           
0     0000974a  __c28xabi_divl                           
0     0000b6c2  __c28xabi_divll                          
0     00009767  __c28xabi_divul                          
0     0000b738  __c28xabi_divull                         
0     00009800  __c28xabi_dtoi                           
0     00009840  __c28xabi_dtol                           
0     0000987d  __c28xabi_itod                           
0     000098b7  __c28xabi_ltod                           
0     00009759  __c28xabi_modl                           
0     0000b6fe  __c28xabi_modll                          
0     0000976e  __c28xabi_modul                          
0     0000b767  __c28xabi_modull                         
0     0000928e  __c28xabi_mpyd                           
0     00009aaa  __c28xabi_negd                           
0     0000995a  __c28xabi_orll                           
0     00009a42  __c28xabi_subd                           
0     00009962  __c28xabi_xorll                          
n/a   UNDEFED   __c_args__                               
0     00008be8  __error__                                
1     00000400  __stack                                  
0     00009a6a  _args_main                               
0     00009981  _c_int00                                 
1     0000a800  _ctypes_                                 
1     0000acfe  _lock                                    
0     00009aa9  _nop                                     
0     00009aa5  _register_lock                           
0     00009aa1  _register_unlock                         
0     00009ae4  _system_post_cinit                       
0     00009ae2  _system_pre_init                         
1     0000ad06  _unlock                                  
0     00009774  abort                                    
0     00009666  atoi                                     
0     00000000  code_start                               
0     0000979d  copysign                                 
0     0000979d  copysignl                                
1     0000ad08  errno                                    
0     00009776  exit                                     
0     00009379  frexp                                    
0     00009379  frexpl                                   
0     00008614  ldexp                                    
0     00008614  ldexpl                                   
0     000087ba  main                                     
0     00009a07  memccpy                                  
0     0000989a  memcpy                                   
0     00009ad2  memset                                   
0     00008614  scalbn                                   
0     00008614  scalbnl                                  
0     00009603  sprintf                                  
0     00009a76  strchr                                   
0     00009ad9  strcpy                                   
0     00009ac3  strlen                                   
0     00008db1  uart_init                                
0     000095d1  uart_timeout_ISR                         
0     00008e2c  uart_tx_buff                             
0     00008e0c  uart_tx_char                             
0     00008e1b  uart_tx_str                              
0     00009a8d  wcslen                                   


GLOBAL SYMBOLS: SORTED BY Symbol Address 

page  address   name                                     
----  -------   ----                                     
0     00000000  code_start                               
0     00000123  SysCtl_delay                             
0     00000132  __TI_Handler_Table_Base                  
0     00000136  __TI_Handler_Table_Limit                 
0     00000138  __TI_CINIT_Base                          
0     0000013c  __TI_CINIT_Limit                         
0     0000013c  __TI_CINIT_Warm                          
0     0000848f  __TI_printfi                             
0     00008614  ldexp                                    
0     00008614  ldexpl                                   
0     00008614  scalbn                                   
0     00008614  scalbnl                                  
0     000086bd  __c28xabi_addd                           
0     000087ba  main                                     
0     000088ab  Device_init                              
0     000088eb  Device_enableAllPeripherals              
0     000089d6  Device_initGPIO                          
0     000089f7  Device_enableUnbondedGPIOPullupsFor176Pin
0     00008a0a  Device_enableUnbondedGPIOPullupsFor100Pin
0     00008a27  Device_enableUnbondedGPIOPullups         
0     00008a3d  Device_configureTMXAnalogTrim            
0     00008a6e  Device_bootCPU2                          
0     00008be8  __error__                                
0     00008bef  Example_setResultPass                    
0     00008bf4  Example_setResultFail                    
0     00008bf9  Example_done                             
0     00008db1  uart_init                                
0     00008e0c  uart_tx_char                             
0     00008e1b  uart_tx_str                              
0     00008e2c  uart_tx_buff                             
0     00008e99  __c28xabi_divd                           
0     00008f24  SysCtl_selectXTAL                        
0     00008fae  GPIO_setPadConfig                        
0     00009000  SysCtl_setClock                          
0     00009206  __c28xabi_divf                           
0     0000928e  __c28xabi_mpyd                           
0     00009311  SysCtl_getDeviceParametric               
0     00009379  frexp                                    
0     00009379  frexpl                                   
0     000093d3  SysCtl_getClock                          
0     00009424  SysCtl_selectOscSource                   
0     0000946c  SCI_clearInterruptStatus                 
0     000094b1  SCI_setConfig                            
0     000094ef  Interrupt_initModule                     
0     0000952c  GPIO_setPinConfig                        
0     00009563  GPIO_setQualificationMode                
0     0000959a  Interrupt_enable                         
0     000095d1  uart_timeout_ISR                         
0     00009603  sprintf                                  
0     00009635  GPIO_setDirectionMode                    
0     00009666  atoi                                     
0     00009697  __TI_ltoa                                
0     000096c7  __TI_decompress_lzss                     
0     000096f5  __TI_auto_init_nobinit_nopinit           
0     00009720  __c28xabi_cmpd                           
0     0000974a  __c28xabi_divl                           
0     00009759  __c28xabi_modl                           
0     00009767  __c28xabi_divul                          
0     0000976e  __c28xabi_modul                          
0     00009774  C$$EXIT                                  
0     00009774  abort                                    
0     00009776  exit                                     
0     0000979d  copysign                                 
0     0000979d  copysignl                                
0     000097e2  Interrupt_initVectorTable                
0     00009800  __c28xabi_dtoi                           
0     00009840  __c28xabi_dtol                           
0     0000985f  __c28xabi_cmpll                          
0     00009871  __c28xabi_cmpull                         
0     0000987d  __c28xabi_itod                           
0     0000989a  memcpy                                   
0     000098b7  __c28xabi_ltod                           
0     00009908  SysCtl_getLowSpeedClock                  
0     00009952  __c28xabi_andll                          
0     0000995a  __c28xabi_orll                           
0     00009962  __c28xabi_xorll                          
0     00009981  _c_int00                                 
0     000099ac  CPUTimer_setEmulationMode                
0     00009a07  memccpy                                  
0     00009a42  __c28xabi_subd                           
0     00009a6a  _args_main                               
0     00009a76  strchr                                   
0     00009a8d  wcslen                                   
0     00009aa1  _register_unlock                         
0     00009aa5  _register_lock                           
0     00009aa9  _nop                                     
0     00009aaa  __c28xabi_negd                           
0     00009abb  __TI_decompress_none                     
0     00009ac3  strlen                                   
0     00009ad2  memset                                   
0     00009ad9  strcpy                                   
0     00009ae2  _system_pre_init                         
0     00009ae4  _system_post_cinit                       
0     0000b6c2  __c28xabi_divll                          
0     0000b6fe  __c28xabi_modll                          
0     0000b738  __c28xabi_divull                         
0     0000b767  __c28xabi_modull                         
0     0000b7c9  GPIO_setControllerCore                   
1     00000400  __stack                                  
1     00000500  __TI_STACK_END                           
1     0000a800  _ctypes_                                 
1     0000acf8  Example_Result                           
1     0000acfa  Example_PassCount                        
1     0000acfc  Example_Fail                             
1     0000acfe  _lock                                    
1     0000ad00  __TI_enable_exit_profile_output          
1     0000ad02  __TI_cleanup_ptr                         
1     0000ad04  __TI_dtors_ptr                           
1     0000ad06  _unlock                                  
1     0000ad08  errno                                    
abs   00000100  __TI_STACK_SIZE                          
abs   ffffffff  __TI_pprof_out_hndl                      
abs   ffffffff  __TI_prof_data_size                      
abs   ffffffff  __TI_prof_data_start                     
n/a   UNDEFED   __c_args__                               

[115 symbols]
