******************************************************************************
             TMS320C2000 Linker PC v20.2.5                     
******************************************************************************
>> Linked Fri Sep 15 23:09:40 2023

OUTPUT FILE NAME:   <empty_driverlib_project.out>
ENTRY POINT SYMBOL: "code_start"  address: 00000000


MEMORY CONFIGURATION

         name            origin    length      used     unused   attr    fill
----------------------  --------  ---------  --------  --------  ----  --------
PAGE 0:
  BEGIN                 00000000   00000002  00000002  00000000  RWIX
  RAMM0                 00000123   000002dd  00000020  000002bd  RWIX
  RAMLS0                00008000   00000800  00000800  00000000  RWIX
  RAMLS1                00008800   00000800  00000800  00000000  RWIX
  RAMLS2                00009000   00000800  00000353  000004ad  RWIX
  RAMLS3                00009800   00000800  00000000  00000800  RWIX
  RAMLS4                0000a000   00000800  00000000  00000800  RWIX
  RAMD0                 0000b000   00000800  00000800  00000000  RWIX
  RESET                 003fffc0   00000002  00000000  00000002  RWIX

PAGE 1:
  BOOT_RSVD             00000002   00000121  00000000  00000121  RWIX
  RAMM1                 00000400   000003f8  00000100  000002f8  RWIX
  RAMLS5                0000a800   00000800  00000786  0000007a  RWIX
  RAMD1                 0000b800   00000800  00000000  00000800  RWIX
  RAMGS0                0000c000   00001000  00000000  00001000  RWIX
  RAMGS1                0000d000   00001000  00000000  00001000  RWIX
  RAMGS2                0000e000   00001000  00000000  00001000  RWIX
  RAMGS3                0000f000   00001000  00000000  00001000  RWIX
  RAMGS4                00010000   00001000  00000000  00001000  RWIX
  RAMGS5                00011000   00001000  00000000  00001000  RWIX
  RAMGS6                00012000   00001000  00000000  00001000  RWIX
  RAMGS7                00013000   00001000  00000000  00001000  RWIX
  RAMGS8                00014000   00001000  00000000  00001000  RWIX
  RAMGS9                00015000   00001000  00000000  00001000  RWIX
  RAMGS10               00016000   00001000  00000000  00001000  RWIX
  RAMGS11               00017000   00001000  00000000  00001000  RWIX
  RAMGS12               00018000   00001000  00000000  00001000  RWIX
  RAMGS13               00019000   00001000  00000000  00001000  RWIX
  RAMGS14               0001a000   00001000  00000000  00001000  RWIX
  RAMGS15               0001b000   00000ff8  00000000  00000ff8  RWIX
  CPU2TOCPU1RAM         0003f800   00000400  00000000  00000400  RWIX
  CPU1TOCPU2RAM         0003fc00   00000400  00000000  00000400  RWIX
  CANA_MSG_RAM          00049000   00000800  00000000  00000800  RWIX
  CANB_MSG_RAM          0004b000   00000800  00000000  00000800  RWIX


SECTION ALLOCATION MAP

 output                                  attributes/
section   page    origin      length       input sections
--------  ----  ----------  ----------   ----------------
codestart 
*          0    00000000    00000002     
                  00000000    00000002     F2837xD_CodeStartBranch.obj (codestart)

.cinit     0    00000128    0000001c     
                  00000128    00000008     (.cinit..data.load) [load image, compression = lzss]
                  00000130    00000006     (__TI_handler_table)
                  00000136    00000004     (.cinit..bss.load) [load image, compression = zero_init]
                  0000013a    00000002     --HOLE-- [fill = 0]
                  0000013c    00000008     (__TI_cinit_table)

.reset     0    003fffc0    00000000     DSECT

.stack     1    00000400    00000100     UNINITIALIZED
                  00000400    00000100     --HOLE--

.bss       1    0000af34    00000040     UNINITIALIZED
                  0000af34    00000028     main.obj (.bss:disp_buff)
                  0000af5c    00000009     main.obj (.bss:rx_distance_1)
                  0000af65    00000009     main.obj (.bss:rx_distance_2)
                  0000af6e    00000006     main.obj (.bss)

.init_array 
*          0    00000123    00000000     UNINITIALIZED

.const     1    0000a800    00000734     
                  0000a800    00000101     rts2800_fpu32_eabi.lib : ctype.c.obj (.const:.string:_ctypes_)
                  0000a901    00000001     --HOLE-- [fill = 0]
                  0000a902    000000f5     driverlib_eabi.lib : sysctl.obj (.const:.string)
                  0000a9f7    00000001     --HOLE-- [fill = 0]
                  0000a9f8    000000ef                        : gpio.obj (.const:.string)
                  0000aae7    00000001     --HOLE-- [fill = 0]
                  0000aae8    000000ec                        : sci.obj (.const:.string)
                  0000abd4    0000009c     main.obj (.const:.string)
                  0000ac70    0000007c     driverlib_eabi.lib : interrupt.obj (.const:.string)
                  0000acec    0000007b                        : cputimer.obj (.const:.string)
                  0000ad67    00000001     --HOLE-- [fill = 0]
                  0000ad68    00000076                        : i2c.obj (.const:.string)
                  0000adde    00000048     28739D_timer.obj (.const:.string)
                  0000ae26    00000043     28379D_i2c.obj (.const:.string)
                  0000ae69    00000001     --HOLE-- [fill = 0]
                  0000ae6a    00000043     28379D_uart.obj (.const:.string)
                  0000aead    00000001     --HOLE-- [fill = 0]
                  0000aeae    00000026     rts2800_fpu32_eabi.lib : _printfi.c.obj (.const:.string)
                  0000aed4    0000001c                            : _printfi.c.obj (.const)
                  0000aef0    00000008                            : s_frexp.c.obj (.const)
                  0000aef8    00000006     main.obj (.const:lidar_frame_rate_cmd)
                  0000aefe    00000002     --HOLE-- [fill = 0]
                  0000af00    0000001c     rts2800_fpu32_eabi.lib : s_scalbn.c.obj (.const)
                  0000af1c    00000013     device.obj (.const:.string)
                  0000af2f    00000005     main.obj (.const:lidar_cmd_distance)

.data      1    0000af74    00000012     UNINITIALIZED
                  0000af74    00000006     device.obj (.data)
                  0000af7a    00000006     rts2800_fpu32_eabi.lib : exit.c.obj (.data)
                  0000af80    00000002                            : _lock.c.obj (.data:_lock)
                  0000af82    00000002                            : _lock.c.obj (.data:_unlock)
                  0000af84    00000001     main.obj (.data)
                  0000af85    00000001     rts2800_fpu32_eabi.lib : errno.c.obj (.data)

.TI.ramfunc 
*          0    00000123    00000004     
                  00000123    00000004     driverlib_eabi.lib : sysctl.obj (.TI.ramfunc)

GETBUFFER 
*          0    0003f800    00000000     DSECT

GETWRITEIDX 
*          0    0003f800    00000000     DSECT

PUTREADIDX 
*          0    0003f800    00000000     DSECT

.text.1    0    00000000    00000cf3     FAILED TO ALLOCATE
.text.2    0    00008000    00000800     
                  00008000    00000215     driverlib_eabi.lib : sysctl.obj (.text:SysCtl_setClock)
                  00008215    000001b1     28379D_uart.obj (.text)
                  000083c6    00000107     rts2800_fpu32_eabi.lib : ll_div28.asm.obj (.text)
                  000084cd    000000ed     main.obj (.text)
                  000085ba    000000ae     rts2800_fpu32_eabi.lib : s_scalbn.c.obj (.text)
                  00008668    000000a0     main.obj (.text:retain)
                  00008708    0000009c     rts2800_fpu32_eabi.lib : fd_add28.asm.obj (.text)
                  000087a4    0000005a                            : s_frexp.c.obj (.text)
                  000087fe    00000002     driverlib_eabi.lib : interrupt.obj (.text:Interrupt_nmiHandler)

.text.3    0    00008800    00000800     
                  00008800    0000008b     rts2800_fpu32_eabi.lib : fd_div28.asm.obj (.text)
                  0000888b    00000088                            : fs_div28.asm.obj (.text)
                  00008913    00000085     driverlib_eabi.lib : interrupt.obj (.text:Interrupt_clearIFR)
                  00008998    00000083     rts2800_fpu32_eabi.lib : fd_mpy28.asm.obj (.text)
                  00008a1b    0000006f     driverlib_eabi.lib : sysctl.obj (.text:SysCtl_selectXTAL)
                  00008a8a    00000068                        : sysctl.obj (.text:SysCtl_getDeviceParametric)
                  00008af2    00000064                        : i2c.obj (.text:I2C_initMaster)
                  00008b56    00000054                        : sysctl.obj (.text:SysCtl_selectOscSource)
                  00008baa    00000052                        : gpio.obj (.text:GPIO_setPadConfig)
                  00008bfc    00000051                        : sysctl.obj (.text:SysCtl_getClock)
                  00008c4d    0000004b                        : interrupt.obj (.text:Interrupt_disable)
                  00008c98    00000046                        : sci.obj (.text:SCI_clearInterruptStatus)
                  00008cde    0000003e                        : sci.obj (.text:SCI_setConfig)
                  00008d1c    0000003d                        : interrupt.obj (.text:Interrupt_initModule)
                  00008d59    00000038                        : gpio.obj (.text:GPIO_setQualificationMode)
                  00008d91    00000037                        : gpio.obj (.text:GPIO_setPinConfig)
                  00008dc8    00000034                        : interrupt.obj (.text:Interrupt_enable)
                  00008dfc    00000032     rts2800_fpu32_eabi.lib : sprintf.c.obj (.text)
                  00008e2e    00000031     driverlib_eabi.lib : gpio.obj (.text:GPIO_setDirectionMode)
                  00008e5f    00000031     rts2800_fpu32_eabi.lib : copy_decompress_lzss.c.obj (.text:decompress:lzss)
                  00008e90    00000031                            : atoi.c.obj (.text)
                  00008ec1    00000030                            : _ltoa.c.obj (.text)
                  00008ef1    0000002b                            : autoinit.c.obj (.text:__TI_auto_init_nobinit_nopinit)
                  00008f1c    0000002a                            : fd_cmp28.asm.obj (.text)
                  00008f46    0000002a                            : l_div28.asm.obj (.text)
                  00008f70    00000029                            : exit.c.obj (.text)
                  00008f99    00000025                            : s_copysign.c.obj (.text)
                  00008fbe    00000024     driverlib_eabi.lib : sysctl.obj (.text:CPUTimer_selectClockSource)
                  00008fe2    0000001e     rts2800_fpu32_eabi.lib : ll_cmp28.asm.obj (.text)

.text.4    0    00009000    00000353     
                  00009000    00000021     driverlib_eabi.lib : i2c.obj (.text:I2C_getInterruptStatus)
                  00009021    00000021     rts2800_fpu32_eabi.lib : fd_toi28.asm.obj (.text)
                  00009042    00000020     driverlib_eabi.lib : sysctl.obj (.text:CPUTimer_getTimerOverflowStatus)
                  00009062    00000020                        : interrupt.obj (.text:Interrupt_initVectorTable)
                  00009082    0000001f                        : sci.obj (.text:SCI_isBaseValid)
                  000090a1    0000001f     rts2800_fpu32_eabi.lib : fd_tol28.asm.obj (.text)
                  000090c0    0000001d                            : i_tofd28.asm.obj (.text)
                  000090dd    0000001d                            : memcpy.c.obj (.text)
                  000090fa    0000001c                            : l_tofd28.asm.obj (.text)
                  00009116    0000001a     driverlib_eabi.lib : cputimer.obj (.text:CPUTimer_isBaseValid)
                  00009130    0000001a                        : sysctl.obj (.text:CPUTimer_isBaseValid)
                  0000914a    0000001a                        : sysctl.obj (.text:SysCtl_getLowSpeedClock)
                  00009164    00000019                        : sysctl.obj (.text:CPUTimer_startTimer)
                  0000917d    00000019                        : sci.obj (.text:SCI_disableModule)
                  00009196    00000019                        : sci.obj (.text:SCI_performSoftwareReset)
                  000091af    00000019                        : sysctl.obj (.text:SysCtl_pollCpuTimer)
                  000091c8    00000018     rts2800_fpu32_eabi.lib : ll_aox28.asm.obj (.text)
                  000091e0    00000017                            : boot28.asm.obj (.text)
                  000091f7    00000015     driverlib_eabi.lib : i2c.obj (.text:I2C_isBaseValid)
                  0000920c    00000014                        : sci.obj (.text:SCI_enableModule)
                  00009220    00000013                        : cputimer.obj (.text:CPUTimer_setEmulationMode)
                  00009233    00000012                        : sysctl.obj (.text:CPUTimer_clearOverflowFlag)
                  00009245    00000012                        : sysctl.obj (.text:CPUTimer_disableInterrupt)
                  00009257    00000012                        : sysctl.obj (.text:CPUTimer_setPeriod)
                  00009269    00000012                        : sysctl.obj (.text:CPUTimer_stopTimer)
                  0000927b    00000010     rts2800_fpu32_eabi.lib : memccpy.c.obj (.text)
                  0000928b    0000000e     driverlib_eabi.lib : gpio.obj (.text:GPIO_isPinValid)
                  00009299    0000000e                        : interrupt.obj (.text:Interrupt_defaultHandler)
                  000092a7    0000000e     rts2800_fpu32_eabi.lib : fd_sub28.asm.obj (.text)
                  000092b5    0000000d     driverlib_eabi.lib : interrupt.obj (.text:Interrupt_disableMaster)
                  000092c2    0000000d                        : interrupt.obj (.text:Interrupt_enableMaster)
                  000092cf    0000000d     rts2800_fpu32_eabi.lib : copy_zero_init.c.obj (.text:decompress:ZI:__TI_zero_init_nomemset)
                  000092dc    0000000c                            : args_main.c.obj (.text)
                  000092e8    0000000c                            : strchr.c.obj (.text)
                  000092f4    0000000b     driverlib_eabi.lib : sysctl.obj (.text:SysCtl_isMCDClockFailureDetected)
                  000092ff    0000000b     rts2800_fpu32_eabi.lib : wcslen.c.obj (.text)
                  0000930a    00000009     driverlib_eabi.lib : sysctl.obj (.text:SysCtl_serviceWatchdog)
                  00009313    00000009     rts2800_fpu32_eabi.lib : _lock.c.obj (.text)
                  0000931c    00000009                            : fd_neg28.asm.obj (.text)
                  00009325    00000008     F2837xD_CodeStartBranch.obj (.text)
                  0000932d    00000008     rts2800_fpu32_eabi.lib : copy_decompress_none.c.obj (.text:decompress:none)
                  00009335    00000008                            : strlen.c.obj (.text)
                  0000933d    00000007     driverlib_eabi.lib : sysctl.obj (.text:SysCtl_resetMCD)
                  00009344    00000007     rts2800_fpu32_eabi.lib : memset.c.obj (.text)
                  0000934b    00000005                            : strcpy.c.obj (.text)
                  00009350    00000002                            : pre_init.c.obj (.text)
                  00009352    00000001                            : startup.c.obj (.text)

.text.5    0    0000b000    00000800     
                  0000b000    00000406     device.obj (.text)
                  0000b406    00000261     28379D_i2c.obj (.text)
                  0000b667    0000015f     28739D_timer.obj (.text)
                  0000b7c6    00000038     driverlib_eabi.lib : gpio.obj (.text:GPIO_setMasterCore)
                  0000b7fe    00000002                        : interrupt.obj (.text:Interrupt_illegalOperationHandler)

MODULE SUMMARY

       Module                        code   ro data   rw data
       ------                        ----   -------   -------
    .\
       28379D_i2c.obj                609    67        0      
       main.obj                      397    167       65     
       28379D_uart.obj               433    67        0      
       28739D_timer.obj              351    72        0      
    +--+-----------------------------+------+---------+---------+
       Total:                        1790   373       65     
                                                             
    .\device\
       device.obj                    1030   19        6      
       F2837xD_CodeStartBranch.obj   10     0         0      
    +--+-----------------------------+------+---------+---------+
       Total:                        1040   19        6      
                                                             
    C:\ti\c2000\C2000Ware_3_04_00_00\driverlib\f2837xd\driverlib\ccs\Debug\driverlib_eabi.lib
       sysctl.obj                    1186   245       0      
       gpio.obj                      312    239       0      
       interrupt.obj                 397    124       0      
       sci.obj                       233    236       0      
       i2c.obj                       154    118       0      
       cputimer.obj                  45     123       0      
    +--+-----------------------------+------+---------+---------+
       Total:                        2327   1085      0      
                                                             
    C:\ti\ccs1040\ccs\tools\compiler\ti-cgt-c2000_20.2.5.LTS\lib\rts2800_fpu32_eabi.lib
       ll_div28.asm.obj              263    0         0      
       ctype.c.obj                   0      257       0      
       s_scalbn.c.obj                174    28        0      
       fd_add28.asm.obj              156    0         0      
       fd_div28.asm.obj              139    0         0      
       fs_div28.asm.obj              136    0         0      
       fd_mpy28.asm.obj              131    0         0      
       s_frexp.c.obj                 90     8         0      
       _printfi.c.obj                0      66        0      
       sprintf.c.obj                 50     0         0      
       atoi.c.obj                    49     0         0      
       copy_decompress_lzss.c.obj    49     0         0      
       _ltoa.c.obj                   48     0         0      
       exit.c.obj                    41     0         6      
       autoinit.c.obj                43     0         0      
       fd_cmp28.asm.obj              42     0         0      
       l_div28.asm.obj               42     0         0      
       s_copysign.c.obj              37     0         0      
       fd_toi28.asm.obj              33     0         0      
       fd_tol28.asm.obj              31     0         0      
       ll_cmp28.asm.obj              30     0         0      
       i_tofd28.asm.obj              29     0         0      
       memcpy.c.obj                  29     0         0      
       l_tofd28.asm.obj              28     0         0      
       ll_aox28.asm.obj              24     0         0      
       boot28.asm.obj                23     0         0      
       memccpy.c.obj                 16     0         0      
       fd_sub28.asm.obj              14     0         0      
       _lock.c.obj                   9      0         4      
       copy_zero_init.c.obj          13     0         0      
       args_main.c.obj               12     0         0      
       strchr.c.obj                  12     0         0      
       wcslen.c.obj                  11     0         0      
       fd_neg28.asm.obj              9      0         0      
       copy_decompress_none.c.obj    8      0         0      
       strlen.c.obj                  8      0         0      
       memset.c.obj                  7      0         0      
       strcpy.c.obj                  5      0         0      
       pre_init.c.obj                2      0         0      
       errno.c.obj                   0      0         1      
       startup.c.obj                 1      0         0      
    +--+-----------------------------+------+---------+---------+
       Total:                        1844   359       11     
                                                             
       Stack:                        0      0         256    
       Linker Generated:             0      26        0      
    +--+-----------------------------+------+---------+---------+
       Grand Total:                  7001   1862      338    


LINKER GENERATED COPY TABLES

__TI_cinit_table @ 0000013c records: 2, size/record: 4, table size: 8
	.data: load addr=00000128, load size=00000008 bytes, run addr=0000af74, run size=00000012 bytes, compression=lzss
	.bss: load addr=00000136, load size=00000004 bytes, run addr=0000af34, run size=00000040 bytes, compression=zero_init


LINKER GENERATED HANDLER TABLE

__TI_handler_table @ 00000130 records: 3, size/record: 2, table size: 6
	index: 0, handler: __TI_zero_init
	index: 1, handler: __TI_decompress_lzss
	index: 2, handler: __TI_decompress_none


GLOBAL DATA SYMBOLS: SORTED BY DATA PAGE

address     data page           name
--------    ----------------    ----
00000400      10 (00000400)     __stack

0000a800     2a0 (0000a800)     _ctypes_

0000aef8     2bb (0000aec0)     lidar_frame_rate_cmd

0000af2f     2bc (0000af00)     lidar_cmd_distance
0000af34     2bc (0000af00)     disp_buff

0000af5c     2bd (0000af40)     rx_distance_1
0000af65     2bd (0000af40)     rx_distance_2
0000af6e     2bd (0000af40)     lidar_sample_timer
0000af74     2bd (0000af40)     Example_Result
0000af76     2bd (0000af40)     Example_PassCount
0000af78     2bd (0000af40)     Example_Fail
0000af7a     2bd (0000af40)     __TI_enable_exit_profile_output
0000af7c     2bd (0000af40)     __TI_cleanup_ptr
0000af7e     2bd (0000af40)     __TI_dtors_ptr

0000af80     2be (0000af80)     _lock
0000af82     2be (0000af80)     _unlock
0000af85     2be (0000af80)     errno


GLOBAL SYMBOLS: SORTED ALPHABETICALLY BY Name 

page  address   name                                     
----  -------   ----                                     
0     00008f70  C$$EXIT                                  
0     00009220  CPUTimer_setEmulationMode                
0     0000b27a  Device_bootCPU2                          
0     0000b249  Device_configureTMXAnalogTrim            
0     0000b0ed  Device_enableAllPeripherals              
0     0000b233  Device_enableUnbondedGPIOPullups         
0     0000b210  Device_enableUnbondedGPIOPullupsFor100Pin
0     0000b1f9  Device_enableUnbondedGPIOPullupsFor176Pin
0     0000b0ab  Device_init                              
0     0000b1d8  Device_initGPIO                          
1     0000af78  Example_Fail                             
1     0000af76  Example_PassCount                        
1     0000af74  Example_Result                           
0     0000b405  Example_done                             
0     0000b400  Example_setResultFail                    
0     0000b3fb  Example_setResultPass                    
0     00008e2e  GPIO_setDirectionMode                    
0     0000b7c6  GPIO_setMasterCore                       
0     00008baa  GPIO_setPadConfig                        
0     00008d91  GPIO_setPinConfig                        
0     00008d59  GPIO_setQualificationMode                
0     00009000  I2C_getInterruptStatus                   
0     00008af2  I2C_initMaster                           
n/a   UNDEFED   I2C_setTargetAddress                     
0     00008c4d  Interrupt_disable                        
0     00008dc8  Interrupt_enable                         
n/a   UNDEFED   Interrupt_enableGlobal                   
0     00008d1c  Interrupt_initModule                     
0     00009062  Interrupt_initVectorTable                
0     00008c98  SCI_clearInterruptStatus                 
0     00008cde  SCI_setConfig                            
0     00000123  SysCtl_delay                             
0     00008bfc  SysCtl_getClock                          
0     00008a8a  SysCtl_getDeviceParametric               
0     0000914a  SysCtl_getLowSpeedClock                  
0     00008b56  SysCtl_selectOscSource                   
0     00008a1b  SysCtl_selectXTAL                        
0     00008000  SysCtl_setClock                          
0     0000013c  __TI_CINIT_Base                          
0     00000144  __TI_CINIT_Limit                         
0     00000130  __TI_Handler_Table_Base                  
0     00000136  __TI_Handler_Table_Limit                 
1     00000500  __TI_STACK_END                           
abs   00000100  __TI_STACK_SIZE                          
0     00008ef1  __TI_auto_init_nobinit_nopinit           
1     0000af7c  __TI_cleanup_ptr                         
0     00008e5f  __TI_decompress_lzss                     
0     0000932d  __TI_decompress_none                     
1     0000af7e  __TI_dtors_ptr                           
1     0000af7a  __TI_enable_exit_profile_output          
0     00008ec1  __TI_ltoa                                
abs   ffffffff  __TI_pprof_out_hndl                      
0     00000b62  __TI_printfi                             
abs   ffffffff  __TI_prof_data_size                      
abs   ffffffff  __TI_prof_data_start                     
0     000092cf  __TI_zero_init_nomemset                  
0     00008708  __c28xabi_addd                           
0     000091c8  __c28xabi_andll                          
0     00008f1c  __c28xabi_cmpd                           
0     00008fe2  __c28xabi_cmpll                          
0     00008ff4  __c28xabi_cmpull                         
0     00008800  __c28xabi_divd                           
0     0000888b  __c28xabi_divf                           
0     00008f46  __c28xabi_divl                           
0     000083c6  __c28xabi_divll                          
0     00008f63  __c28xabi_divul                          
0     0000843c  __c28xabi_divull                         
0     00009021  __c28xabi_dtoi                           
0     000090a1  __c28xabi_dtol                           
0     000090c0  __c28xabi_itod                           
0     000090fa  __c28xabi_ltod                           
0     00008f55  __c28xabi_modl                           
0     00008402  __c28xabi_modll                          
0     00008f6a  __c28xabi_modul                          
0     0000846b  __c28xabi_modull                         
0     00008998  __c28xabi_mpyd                           
0     0000931c  __c28xabi_negd                           
0     000091d0  __c28xabi_orll                           
0     000092a7  __c28xabi_subd                           
0     000091d8  __c28xabi_xorll                          
n/a   UNDEFED   __c_args__                               
0     0000b3f4  __error__                                
1     00000400  __stack                                  
0     000092dc  _args_main                               
0     000091e0  _c_int00                                 
1     0000a800  _ctypes_                                 
1     0000af80  _lock                                    
0     0000931b  _nop                                     
0     00009317  _register_lock                           
0     00009313  _register_unlock                         
0     00009352  _system_post_cinit                       
0     00009350  _system_pre_init                         
1     0000af82  _unlock                                  
0     00008f70  abort                                    
0     00008e90  atoi                                     
0     00000000  code_start                               
0     00008f99  copysign                                 
0     00008f99  copysignl                                
1     0000af34  disp_buff                                
1     0000af85  errno                                    
0     00008f72  exit                                     
0     000087a4  frexp                                    
0     000087a4  frexpl                                   
0     0000b55a  i2c_init                                 
0     0000b602  i2c_master_rx                            
0     0000b5c0  i2c_master_tx                            
0     000085ba  ldexp                                    
0     000085ba  ldexpl                                   
1     0000af2f  lidar_cmd_distance                       
1     0000aef8  lidar_frame_rate_cmd                     
1     0000af6e  lidar_sample_timer                       
0     00008668  lidar_sampler_ISR                        
0     00008567  main                                     
0     0000927b  memccpy                                  
0     000090dd  memcpy                                   
0     00009344  memset                                   
1     0000af5c  rx_distance_1                            
1     0000af65  rx_distance_2                            
0     000085ba  scalbn                                   
0     000085ba  scalbnl                                  
0     00008dfc  sprintf                                  
0     000092e8  strchr                                   
0     0000934b  strcpy                                   
0     00009335  strlen                                   
0     0000b709  timer_init                               
0     0000b77a  timer_set_freq                           
0     0000832f  uart_init                                
0     000083b4  uart_tx_buff                             
0     00008392  uart_tx_char                             
0     000083a3  uart_tx_str                              
0     000092ff  wcslen                                   


GLOBAL SYMBOLS: SORTED BY Symbol Address 

page  address   name                                     
----  -------   ----                                     
0     00000000  code_start                               
0     00000123  SysCtl_delay                             
0     00000130  __TI_Handler_Table_Base                  
0     00000136  __TI_Handler_Table_Limit                 
0     0000013c  __TI_CINIT_Base                          
0     00000144  __TI_CINIT_Limit                         
0     00000b62  __TI_printfi                             
0     00008000  SysCtl_setClock                          
0     0000832f  uart_init                                
0     00008392  uart_tx_char                             
0     000083a3  uart_tx_str                              
0     000083b4  uart_tx_buff                             
0     000083c6  __c28xabi_divll                          
0     00008402  __c28xabi_modll                          
0     0000843c  __c28xabi_divull                         
0     0000846b  __c28xabi_modull                         
0     00008567  main                                     
0     000085ba  ldexp                                    
0     000085ba  ldexpl                                   
0     000085ba  scalbn                                   
0     000085ba  scalbnl                                  
0     00008668  lidar_sampler_ISR                        
0     00008708  __c28xabi_addd                           
0     000087a4  frexp                                    
0     000087a4  frexpl                                   
0     00008800  __c28xabi_divd                           
0     0000888b  __c28xabi_divf                           
0     00008998  __c28xabi_mpyd                           
0     00008a1b  SysCtl_selectXTAL                        
0     00008a8a  SysCtl_getDeviceParametric               
0     00008af2  I2C_initMaster                           
0     00008b56  SysCtl_selectOscSource                   
0     00008baa  GPIO_setPadConfig                        
0     00008bfc  SysCtl_getClock                          
0     00008c4d  Interrupt_disable                        
0     00008c98  SCI_clearInterruptStatus                 
0     00008cde  SCI_setConfig                            
0     00008d1c  Interrupt_initModule                     
0     00008d59  GPIO_setQualificationMode                
0     00008d91  GPIO_setPinConfig                        
0     00008dc8  Interrupt_enable                         
0     00008dfc  sprintf                                  
0     00008e2e  GPIO_setDirectionMode                    
0     00008e5f  __TI_decompress_lzss                     
0     00008e90  atoi                                     
0     00008ec1  __TI_ltoa                                
0     00008ef1  __TI_auto_init_nobinit_nopinit           
0     00008f1c  __c28xabi_cmpd                           
0     00008f46  __c28xabi_divl                           
0     00008f55  __c28xabi_modl                           
0     00008f63  __c28xabi_divul                          
0     00008f6a  __c28xabi_modul                          
0     00008f70  C$$EXIT                                  
0     00008f70  abort                                    
0     00008f72  exit                                     
0     00008f99  copysign                                 
0     00008f99  copysignl                                
0     00008fe2  __c28xabi_cmpll                          
0     00008ff4  __c28xabi_cmpull                         
0     00009000  I2C_getInterruptStatus                   
0     00009021  __c28xabi_dtoi                           
0     00009062  Interrupt_initVectorTable                
0     000090a1  __c28xabi_dtol                           
0     000090c0  __c28xabi_itod                           
0     000090dd  memcpy                                   
0     000090fa  __c28xabi_ltod                           
0     0000914a  SysCtl_getLowSpeedClock                  
0     000091c8  __c28xabi_andll                          
0     000091d0  __c28xabi_orll                           
0     000091d8  __c28xabi_xorll                          
0     000091e0  _c_int00                                 
0     00009220  CPUTimer_setEmulationMode                
0     0000927b  memccpy                                  
0     000092a7  __c28xabi_subd                           
0     000092cf  __TI_zero_init_nomemset                  
0     000092dc  _args_main                               
0     000092e8  strchr                                   
0     000092ff  wcslen                                   
0     00009313  _register_unlock                         
0     00009317  _register_lock                           
0     0000931b  _nop                                     
0     0000931c  __c28xabi_negd                           
0     0000932d  __TI_decompress_none                     
0     00009335  strlen                                   
0     00009344  memset                                   
0     0000934b  strcpy                                   
0     00009350  _system_pre_init                         
0     00009352  _system_post_cinit                       
0     0000b0ab  Device_init                              
0     0000b0ed  Device_enableAllPeripherals              
0     0000b1d8  Device_initGPIO                          
0     0000b1f9  Device_enableUnbondedGPIOPullupsFor176Pin
0     0000b210  Device_enableUnbondedGPIOPullupsFor100Pin
0     0000b233  Device_enableUnbondedGPIOPullups         
0     0000b249  Device_configureTMXAnalogTrim            
0     0000b27a  Device_bootCPU2                          
0     0000b3f4  __error__                                
0     0000b3fb  Example_setResultPass                    
0     0000b400  Example_setResultFail                    
0     0000b405  Example_done                             
0     0000b55a  i2c_init                                 
0     0000b5c0  i2c_master_tx                            
0     0000b602  i2c_master_rx                            
0     0000b709  timer_init                               
0     0000b77a  timer_set_freq                           
0     0000b7c6  GPIO_setMasterCore                       
1     00000400  __stack                                  
1     00000500  __TI_STACK_END                           
1     0000a800  _ctypes_                                 
1     0000aef8  lidar_frame_rate_cmd                     
1     0000af2f  lidar_cmd_distance                       
1     0000af34  disp_buff                                
1     0000af5c  rx_distance_1                            
1     0000af65  rx_distance_2                            
1     0000af6e  lidar_sample_timer                       
1     0000af74  Example_Result                           
1     0000af76  Example_PassCount                        
1     0000af78  Example_Fail                             
1     0000af7a  __TI_enable_exit_profile_output          
1     0000af7c  __TI_cleanup_ptr                         
1     0000af7e  __TI_dtors_ptr                           
1     0000af80  _lock                                    
1     0000af82  _unlock                                  
1     0000af85  errno                                    
abs   00000100  __TI_STACK_SIZE                          
abs   ffffffff  __TI_pprof_out_hndl                      
abs   ffffffff  __TI_prof_data_size                      
abs   ffffffff  __TI_prof_data_start                     
n/a   UNDEFED   I2C_setTargetAddress                     
n/a   UNDEFED   Interrupt_enableGlobal                   
n/a   UNDEFED   __c_args__                               

[131 symbols]
