<?xml version="1.0" encoding="ISO-8859-1" ?>
<link_info>
   <banner>TMS320C2000 Linker PC v20.2.5.LTS</banner>
   <copyright>Copyright (c) 1996-2018 Texas Instruments Incorporated</copyright>
   <link_time>0x650a3679</link_time>
   <link_errors>0x0</link_errors>
   <output_file>empty_driverlib_project.out</output_file>
   <entry_point>
      <name>code_start</name>
      <address>0x80000</address>
   </entry_point>
   <input_file_list>
      <input_file id="fl-2">
         <path>.\</path>
         <kind>object</kind>
         <file>28379D_i2c.obj</file>
         <name>28379D_i2c.obj</name>
      </input_file>
      <input_file id="fl-3">
         <path>.\</path>
         <kind>object</kind>
         <file>28379D_uart.obj</file>
         <name>28379D_uart.obj</name>
      </input_file>
      <input_file id="fl-4">
         <path>.\</path>
         <kind>object</kind>
         <file>28739D_timer.obj</file>
         <name>28739D_timer.obj</name>
      </input_file>
      <input_file id="fl-5">
         <path>.\</path>
         <kind>object</kind>
         <file>empty_driverlib_main.obj</file>
         <name>empty_driverlib_main.obj</name>
      </input_file>
      <input_file id="fl-6">
         <path>.\device\</path>
         <kind>object</kind>
         <file>F2837xD_CodeStartBranch.obj</file>
         <name>F2837xD_CodeStartBranch.obj</name>
      </input_file>
      <input_file id="fl-7">
         <path>.\device\</path>
         <kind>object</kind>
         <file>device.obj</file>
         <name>device.obj</name>
      </input_file>
      <input_file id="fl-c">
         <kind>object</kind>
         <file>&lt;internal&gt;</file>
         <name>&lt;internal&gt;</name>
      </input_file>
      <input_file id="fl-10">
         <path>C:\ti\c2000\C2000Ware_3_04_00_00\driverlib\f2837xd\driverlib\ccs\Debug\</path>
         <kind>archive</kind>
         <file>driverlib_eabi.lib</file>
         <name>cputimer.obj</name>
      </input_file>
      <input_file id="fl-11">
         <path>C:\ti\c2000\C2000Ware_3_04_00_00\driverlib\f2837xd\driverlib\ccs\Debug\</path>
         <kind>archive</kind>
         <file>driverlib_eabi.lib</file>
         <name>flash.obj</name>
      </input_file>
      <input_file id="fl-12">
         <path>C:\ti\c2000\C2000Ware_3_04_00_00\driverlib\f2837xd\driverlib\ccs\Debug\</path>
         <kind>archive</kind>
         <file>driverlib_eabi.lib</file>
         <name>gpio.obj</name>
      </input_file>
      <input_file id="fl-13">
         <path>C:\ti\c2000\C2000Ware_3_04_00_00\driverlib\f2837xd\driverlib\ccs\Debug\</path>
         <kind>archive</kind>
         <file>driverlib_eabi.lib</file>
         <name>i2c.obj</name>
      </input_file>
      <input_file id="fl-14">
         <path>C:\ti\c2000\C2000Ware_3_04_00_00\driverlib\f2837xd\driverlib\ccs\Debug\</path>
         <kind>archive</kind>
         <file>driverlib_eabi.lib</file>
         <name>interrupt.obj</name>
      </input_file>
      <input_file id="fl-15">
         <path>C:\ti\c2000\C2000Ware_3_04_00_00\driverlib\f2837xd\driverlib\ccs\Debug\</path>
         <kind>archive</kind>
         <file>driverlib_eabi.lib</file>
         <name>sci.obj</name>
      </input_file>
      <input_file id="fl-16">
         <path>C:\ti\c2000\C2000Ware_3_04_00_00\driverlib\f2837xd\driverlib\ccs\Debug\</path>
         <kind>archive</kind>
         <file>driverlib_eabi.lib</file>
         <name>sysctl.obj</name>
      </input_file>
      <input_file id="fl-22">
         <path>C:\ti\ccs1040\ccs\tools\compiler\ti-cgt-c2000_20.2.5.LTS\lib\</path>
         <kind>archive</kind>
         <file>rts2800_fpu32_eabi.lib</file>
         <name>sprintf.c.obj</name>
      </input_file>
      <input_file id="fl-23">
         <path>C:\ti\ccs1040\ccs\tools\compiler\ti-cgt-c2000_20.2.5.LTS\lib\</path>
         <kind>archive</kind>
         <file>rts2800_fpu32_eabi.lib</file>
         <name>boot28.asm.obj</name>
      </input_file>
      <input_file id="fl-24">
         <path>C:\ti\ccs1040\ccs\tools\compiler\ti-cgt-c2000_20.2.5.LTS\lib\</path>
         <kind>archive</kind>
         <file>rts2800_fpu32_eabi.lib</file>
         <name>fs_div28.asm.obj</name>
      </input_file>
      <input_file id="fl-25">
         <path>C:\ti\ccs1040\ccs\tools\compiler\ti-cgt-c2000_20.2.5.LTS\lib\</path>
         <kind>archive</kind>
         <file>rts2800_fpu32_eabi.lib</file>
         <name>ll_cmp28.asm.obj</name>
      </input_file>
      <input_file id="fl-26">
         <path>C:\ti\ccs1040\ccs\tools\compiler\ti-cgt-c2000_20.2.5.LTS\lib\</path>
         <kind>archive</kind>
         <file>rts2800_fpu32_eabi.lib</file>
         <name>memcpy.c.obj</name>
      </input_file>
      <input_file id="fl-27">
         <path>C:\ti\ccs1040\ccs\tools\compiler\ti-cgt-c2000_20.2.5.LTS\lib\</path>
         <kind>archive</kind>
         <file>rts2800_fpu32_eabi.lib</file>
         <name>pre_init.c.obj</name>
      </input_file>
      <input_file id="fl-28">
         <path>C:\ti\ccs1040\ccs\tools\compiler\ti-cgt-c2000_20.2.5.LTS\lib\</path>
         <kind>archive</kind>
         <file>rts2800_fpu32_eabi.lib</file>
         <name>autoinit.c.obj</name>
      </input_file>
      <input_file id="fl-29">
         <path>C:\ti\ccs1040\ccs\tools\compiler\ti-cgt-c2000_20.2.5.LTS\lib\</path>
         <kind>archive</kind>
         <file>rts2800_fpu32_eabi.lib</file>
         <name>copy_zero_init.c.obj</name>
      </input_file>
      <input_file id="fl-2a">
         <path>C:\ti\ccs1040\ccs\tools\compiler\ti-cgt-c2000_20.2.5.LTS\lib\</path>
         <kind>archive</kind>
         <file>rts2800_fpu32_eabi.lib</file>
         <name>copy_decompress_none.c.obj</name>
      </input_file>
      <input_file id="fl-2b">
         <path>C:\ti\ccs1040\ccs\tools\compiler\ti-cgt-c2000_20.2.5.LTS\lib\</path>
         <kind>archive</kind>
         <file>rts2800_fpu32_eabi.lib</file>
         <name>copy_decompress_lzss.c.obj</name>
      </input_file>
      <input_file id="fl-2c">
         <path>C:\ti\ccs1040\ccs\tools\compiler\ti-cgt-c2000_20.2.5.LTS\lib\</path>
         <kind>archive</kind>
         <file>rts2800_fpu32_eabi.lib</file>
         <name>exit.c.obj</name>
      </input_file>
      <input_file id="fl-2d">
         <path>C:\ti\ccs1040\ccs\tools\compiler\ti-cgt-c2000_20.2.5.LTS\lib\</path>
         <kind>archive</kind>
         <file>rts2800_fpu32_eabi.lib</file>
         <name>_lock.c.obj</name>
      </input_file>
      <input_file id="fl-2e">
         <path>C:\ti\ccs1040\ccs\tools\compiler\ti-cgt-c2000_20.2.5.LTS\lib\</path>
         <kind>archive</kind>
         <file>rts2800_fpu32_eabi.lib</file>
         <name>args_main.c.obj</name>
      </input_file>
      <input_file id="fl-2f">
         <path>C:\ti\ccs1040\ccs\tools\compiler\ti-cgt-c2000_20.2.5.LTS\lib\</path>
         <kind>archive</kind>
         <file>rts2800_fpu32_eabi.lib</file>
         <name>memset.c.obj</name>
      </input_file>
      <input_file id="fl-30">
         <path>C:\ti\ccs1040\ccs\tools\compiler\ti-cgt-c2000_20.2.5.LTS\lib\</path>
         <kind>archive</kind>
         <file>rts2800_fpu32_eabi.lib</file>
         <name>_printfi.c.obj</name>
      </input_file>
      <input_file id="fl-31">
         <path>C:\ti\ccs1040\ccs\tools\compiler\ti-cgt-c2000_20.2.5.LTS\lib\</path>
         <kind>archive</kind>
         <file>rts2800_fpu32_eabi.lib</file>
         <name>s_frexp.c.obj</name>
      </input_file>
      <input_file id="fl-32">
         <path>C:\ti\ccs1040\ccs\tools\compiler\ti-cgt-c2000_20.2.5.LTS\lib\</path>
         <kind>archive</kind>
         <file>rts2800_fpu32_eabi.lib</file>
         <name>s_scalbn.c.obj</name>
      </input_file>
      <input_file id="fl-33">
         <path>C:\ti\ccs1040\ccs\tools\compiler\ti-cgt-c2000_20.2.5.LTS\lib\</path>
         <kind>archive</kind>
         <file>rts2800_fpu32_eabi.lib</file>
         <name>fd_add28.asm.obj</name>
      </input_file>
      <input_file id="fl-34">
         <path>C:\ti\ccs1040\ccs\tools\compiler\ti-cgt-c2000_20.2.5.LTS\lib\</path>
         <kind>archive</kind>
         <file>rts2800_fpu32_eabi.lib</file>
         <name>fd_cmp28.asm.obj</name>
      </input_file>
      <input_file id="fl-35">
         <path>C:\ti\ccs1040\ccs\tools\compiler\ti-cgt-c2000_20.2.5.LTS\lib\</path>
         <kind>archive</kind>
         <file>rts2800_fpu32_eabi.lib</file>
         <name>fd_mpy28.asm.obj</name>
      </input_file>
      <input_file id="fl-36">
         <path>C:\ti\ccs1040\ccs\tools\compiler\ti-cgt-c2000_20.2.5.LTS\lib\</path>
         <kind>archive</kind>
         <file>rts2800_fpu32_eabi.lib</file>
         <name>fd_neg28.asm.obj</name>
      </input_file>
      <input_file id="fl-37">
         <path>C:\ti\ccs1040\ccs\tools\compiler\ti-cgt-c2000_20.2.5.LTS\lib\</path>
         <kind>archive</kind>
         <file>rts2800_fpu32_eabi.lib</file>
         <name>fd_sub28.asm.obj</name>
      </input_file>
      <input_file id="fl-38">
         <path>C:\ti\ccs1040\ccs\tools\compiler\ti-cgt-c2000_20.2.5.LTS\lib\</path>
         <kind>archive</kind>
         <file>rts2800_fpu32_eabi.lib</file>
         <name>fd_toi28.asm.obj</name>
      </input_file>
      <input_file id="fl-39">
         <path>C:\ti\ccs1040\ccs\tools\compiler\ti-cgt-c2000_20.2.5.LTS\lib\</path>
         <kind>archive</kind>
         <file>rts2800_fpu32_eabi.lib</file>
         <name>fd_tol28.asm.obj</name>
      </input_file>
      <input_file id="fl-3a">
         <path>C:\ti\ccs1040\ccs\tools\compiler\ti-cgt-c2000_20.2.5.LTS\lib\</path>
         <kind>archive</kind>
         <file>rts2800_fpu32_eabi.lib</file>
         <name>ll_aox28.asm.obj</name>
      </input_file>
      <input_file id="fl-3b">
         <path>C:\ti\ccs1040\ccs\tools\compiler\ti-cgt-c2000_20.2.5.LTS\lib\</path>
         <kind>archive</kind>
         <file>rts2800_fpu32_eabi.lib</file>
         <name>ll_div28.asm.obj</name>
      </input_file>
      <input_file id="fl-3c">
         <path>C:\ti\ccs1040\ccs\tools\compiler\ti-cgt-c2000_20.2.5.LTS\lib\</path>
         <kind>archive</kind>
         <file>rts2800_fpu32_eabi.lib</file>
         <name>i_tofd28.asm.obj</name>
      </input_file>
      <input_file id="fl-3d">
         <path>C:\ti\ccs1040\ccs\tools\compiler\ti-cgt-c2000_20.2.5.LTS\lib\</path>
         <kind>archive</kind>
         <file>rts2800_fpu32_eabi.lib</file>
         <name>l_tofd28.asm.obj</name>
      </input_file>
      <input_file id="fl-3e">
         <path>C:\ti\ccs1040\ccs\tools\compiler\ti-cgt-c2000_20.2.5.LTS\lib\</path>
         <kind>archive</kind>
         <file>rts2800_fpu32_eabi.lib</file>
         <name>fd_div28.asm.obj</name>
      </input_file>
      <input_file id="fl-3f">
         <path>C:\ti\ccs1040\ccs\tools\compiler\ti-cgt-c2000_20.2.5.LTS\lib\</path>
         <kind>archive</kind>
         <file>rts2800_fpu32_eabi.lib</file>
         <name>cpy_tbl.c.obj</name>
      </input_file>
      <input_file id="fl-40">
         <path>C:\ti\ccs1040\ccs\tools\compiler\ti-cgt-c2000_20.2.5.LTS\lib\</path>
         <kind>archive</kind>
         <file>rts2800_fpu32_eabi.lib</file>
         <name>startup.c.obj</name>
      </input_file>
      <input_file id="fl-41">
         <path>C:\ti\ccs1040\ccs\tools\compiler\ti-cgt-c2000_20.2.5.LTS\lib\</path>
         <kind>archive</kind>
         <file>rts2800_fpu32_eabi.lib</file>
         <name>_ltoa.c.obj</name>
      </input_file>
      <input_file id="fl-42">
         <path>C:\ti\ccs1040\ccs\tools\compiler\ti-cgt-c2000_20.2.5.LTS\lib\</path>
         <kind>archive</kind>
         <file>rts2800_fpu32_eabi.lib</file>
         <name>atoi.c.obj</name>
      </input_file>
      <input_file id="fl-43">
         <path>C:\ti\ccs1040\ccs\tools\compiler\ti-cgt-c2000_20.2.5.LTS\lib\</path>
         <kind>archive</kind>
         <file>rts2800_fpu32_eabi.lib</file>
         <name>ctype.c.obj</name>
      </input_file>
      <input_file id="fl-44">
         <path>C:\ti\ccs1040\ccs\tools\compiler\ti-cgt-c2000_20.2.5.LTS\lib\</path>
         <kind>archive</kind>
         <file>rts2800_fpu32_eabi.lib</file>
         <name>memccpy.c.obj</name>
      </input_file>
      <input_file id="fl-45">
         <path>C:\ti\ccs1040\ccs\tools\compiler\ti-cgt-c2000_20.2.5.LTS\lib\</path>
         <kind>archive</kind>
         <file>rts2800_fpu32_eabi.lib</file>
         <name>strchr.c.obj</name>
      </input_file>
      <input_file id="fl-46">
         <path>C:\ti\ccs1040\ccs\tools\compiler\ti-cgt-c2000_20.2.5.LTS\lib\</path>
         <kind>archive</kind>
         <file>rts2800_fpu32_eabi.lib</file>
         <name>strcpy.c.obj</name>
      </input_file>
      <input_file id="fl-47">
         <path>C:\ti\ccs1040\ccs\tools\compiler\ti-cgt-c2000_20.2.5.LTS\lib\</path>
         <kind>archive</kind>
         <file>rts2800_fpu32_eabi.lib</file>
         <name>strlen.c.obj</name>
      </input_file>
      <input_file id="fl-48">
         <path>C:\ti\ccs1040\ccs\tools\compiler\ti-cgt-c2000_20.2.5.LTS\lib\</path>
         <kind>archive</kind>
         <file>rts2800_fpu32_eabi.lib</file>
         <name>errno.c.obj</name>
      </input_file>
      <input_file id="fl-49">
         <path>C:\ti\ccs1040\ccs\tools\compiler\ti-cgt-c2000_20.2.5.LTS\lib\</path>
         <kind>archive</kind>
         <file>rts2800_fpu32_eabi.lib</file>
         <name>s_copysign.c.obj</name>
      </input_file>
      <input_file id="fl-4a">
         <path>C:\ti\ccs1040\ccs\tools\compiler\ti-cgt-c2000_20.2.5.LTS\lib\</path>
         <kind>archive</kind>
         <file>rts2800_fpu32_eabi.lib</file>
         <name>wcslen.c.obj</name>
      </input_file>
      <input_file id="fl-4b">
         <path>C:\ti\ccs1040\ccs\tools\compiler\ti-cgt-c2000_20.2.5.LTS\lib\</path>
         <kind>archive</kind>
         <file>rts2800_fpu32_eabi.lib</file>
         <name>l_div28.asm.obj</name>
      </input_file>
   </input_file_list>
   <object_component_list>
      <object_component id="oc-458">
         <name>.cinit..data.load</name>
         <load_address>0x848b8</load_address>
         <run_address>0x848b8</run_address>
         <size>0xb</size>
      </object_component>
      <object_component id="oc-455">
         <name>__TI_handler_table</name>
         <load_address>0x848c4</load_address>
         <run_address>0x848c4</run_address>
         <size>0x6</size>
      </object_component>
      <object_component id="oc-457">
         <name>.cinit..bss.load</name>
         <load_address>0x848ca</load_address>
         <run_address>0x848ca</run_address>
         <size>0x4</size>
      </object_component>
      <object_component id="oc-456">
         <name>__TI_cinit_table</name>
         <load_address>0x848d0</load_address>
         <run_address>0x848d0</run_address>
         <size>0x8</size>
      </object_component>
      <object_component id="oc-fb">
         <name>.text</name>
         <load_address>0x82000</load_address>
         <run_address>0x82000</run_address>
         <size>0xcf3</size>
         <input_file_ref idref="fl-30"/>
      </object_component>
      <object_component id="oc-90">
         <name>.text</name>
         <load_address>0x82cf3</load_address>
         <run_address>0x82cf3</run_address>
         <size>0x403</size>
         <input_file_ref idref="fl-7"/>
      </object_component>
      <object_component id="oc-72">
         <name>.text</name>
         <load_address>0x830f6</load_address>
         <run_address>0x830f6</run_address>
         <size>0x27f</size>
         <input_file_ref idref="fl-2"/>
      </object_component>
      <object_component id="oc-13c">
         <name>.text:SysCtl_setClock</name>
         <load_address>0x83375</load_address>
         <run_address>0x83375</run_address>
         <size>0x215</size>
         <input_file_ref idref="fl-16"/>
      </object_component>
      <object_component id="oc-82">
         <name>.text</name>
         <load_address>0x8358a</load_address>
         <run_address>0x8358a</run_address>
         <size>0x1b0</size>
         <input_file_ref idref="fl-3"/>
      </object_component>
      <object_component id="oc-88">
         <name>.text</name>
         <load_address>0x8373a</load_address>
         <run_address>0x8373a</run_address>
         <size>0x15d</size>
         <input_file_ref idref="fl-4"/>
      </object_component>
      <object_component id="oc-1af">
         <name>.text</name>
         <load_address>0x83897</load_address>
         <run_address>0x83897</run_address>
         <size>0x107</size>
         <input_file_ref idref="fl-3b"/>
      </object_component>
      <object_component id="oc-42">
         <name>.text</name>
         <load_address>0x8399e</load_address>
         <run_address>0x8399e</run_address>
         <size>0xfa</size>
         <input_file_ref idref="fl-5"/>
      </object_component>
      <object_component id="oc-1f4">
         <name>.text</name>
         <load_address>0x83a98</load_address>
         <run_address>0x83a98</run_address>
         <size>0xae</size>
         <input_file_ref idref="fl-32"/>
      </object_component>
      <object_component id="oc-3c">
         <name>.text:retain</name>
         <load_address>0x83b46</load_address>
         <run_address>0x83b46</run_address>
         <size>0xa0</size>
         <input_file_ref idref="fl-5"/>
      </object_component>
      <object_component id="oc-320">
         <name>.text</name>
         <load_address>0x83be6</load_address>
         <run_address>0x83be6</run_address>
         <size>0x9c</size>
         <input_file_ref idref="fl-33"/>
      </object_component>
      <object_component id="oc-1ca">
         <name>.text</name>
         <load_address>0x83c82</load_address>
         <run_address>0x83c82</run_address>
         <size>0x8b</size>
         <input_file_ref idref="fl-3e"/>
      </object_component>
      <object_component id="oc-2ac">
         <name>.text</name>
         <load_address>0x83d0d</load_address>
         <run_address>0x83d0d</run_address>
         <size>0x88</size>
         <input_file_ref idref="fl-24"/>
      </object_component>
      <object_component id="oc-24f">
         <name>.text:Interrupt_clearIFR</name>
         <load_address>0x83d95</load_address>
         <run_address>0x83d95</run_address>
         <size>0x85</size>
         <input_file_ref idref="fl-14"/>
      </object_component>
      <object_component id="oc-1cf">
         <name>.text</name>
         <load_address>0x83e1a</load_address>
         <run_address>0x83e1a</run_address>
         <size>0x83</size>
         <input_file_ref idref="fl-35"/>
      </object_component>
      <object_component id="oc-362">
         <name>.text:SysCtl_selectXTAL</name>
         <load_address>0x83e9d</load_address>
         <run_address>0x83e9d</run_address>
         <size>0x6f</size>
         <input_file_ref idref="fl-16"/>
      </object_component>
      <object_component id="oc-136">
         <name>.text:SysCtl_getDeviceParametric</name>
         <load_address>0x83f0c</load_address>
         <run_address>0x83f0c</run_address>
         <size>0x68</size>
         <input_file_ref idref="fl-16"/>
      </object_component>
      <object_component id="oc-eb">
         <name>.text:I2C_initMaster</name>
         <load_address>0x83f74</load_address>
         <run_address>0x83f74</run_address>
         <size>0x64</size>
         <input_file_ref idref="fl-13"/>
      </object_component>
      <object_component id="oc-266">
         <name>.text:Flash_setBankPowerUpDelay</name>
         <load_address>0x83fd8</load_address>
         <run_address>0x83fd8</run_address>
         <size>0x28</size>
         <input_file_ref idref="fl-11"/>
      </object_component>
      <object_component id="oc-1ee">
         <name>.text</name>
         <load_address>0x84000</load_address>
         <run_address>0x84000</run_address>
         <size>0x5a</size>
         <input_file_ref idref="fl-31"/>
      </object_component>
      <object_component id="oc-2a0">
         <name>.text:SysCtl_selectOscSource</name>
         <load_address>0x8405a</load_address>
         <run_address>0x8405a</run_address>
         <size>0x54</size>
         <input_file_ref idref="fl-16"/>
      </object_component>
      <object_component id="oc-a2">
         <name>.text:GPIO_setPadConfig</name>
         <load_address>0x840ae</load_address>
         <run_address>0x840ae</run_address>
         <size>0x52</size>
         <input_file_ref idref="fl-12"/>
      </object_component>
      <object_component id="oc-e5">
         <name>.text:SysCtl_getClock</name>
         <load_address>0x84100</load_address>
         <run_address>0x84100</run_address>
         <size>0x51</size>
         <input_file_ref idref="fl-16"/>
      </object_component>
      <object_component id="oc-125">
         <name>.text:Interrupt_disable</name>
         <load_address>0x84151</load_address>
         <run_address>0x84151</run_address>
         <size>0x4b</size>
         <input_file_ref idref="fl-14"/>
      </object_component>
      <object_component id="oc-104">
         <name>.text:SCI_clearInterruptStatus</name>
         <load_address>0x8419c</load_address>
         <run_address>0x8419c</run_address>
         <size>0x46</size>
         <input_file_ref idref="fl-15"/>
      </object_component>
      <object_component id="oc-110">
         <name>.text:SCI_setConfig</name>
         <load_address>0x841e2</load_address>
         <run_address>0x841e2</run_address>
         <size>0x3e</size>
         <input_file_ref idref="fl-15"/>
      </object_component>
      <object_component id="oc-96">
         <name>.text:Interrupt_initModule</name>
         <load_address>0x84220</load_address>
         <run_address>0x84220</run_address>
         <size>0x3d</size>
         <input_file_ref idref="fl-14"/>
      </object_component>
      <object_component id="oc-d9">
         <name>.text:GPIO_setMasterCore</name>
         <load_address>0x8425d</load_address>
         <run_address>0x8425d</run_address>
         <size>0x38</size>
         <input_file_ref idref="fl-12"/>
      </object_component>
      <object_component id="oc-df">
         <name>.text:GPIO_setQualificationMode</name>
         <load_address>0x84295</load_address>
         <run_address>0x84295</run_address>
         <size>0x38</size>
         <input_file_ref idref="fl-12"/>
      </object_component>
      <object_component id="oc-a8">
         <name>.text:GPIO_setPinConfig</name>
         <load_address>0x842cd</load_address>
         <run_address>0x842cd</run_address>
         <size>0x37</size>
         <input_file_ref idref="fl-12"/>
      </object_component>
      <object_component id="oc-11f">
         <name>.text:Interrupt_enable</name>
         <load_address>0x84304</load_address>
         <run_address>0x84304</run_address>
         <size>0x34</size>
         <input_file_ref idref="fl-14"/>
      </object_component>
      <object_component id="oc-7c">
         <name>.text</name>
         <load_address>0x84338</load_address>
         <run_address>0x84338</run_address>
         <size>0x32</size>
         <input_file_ref idref="fl-22"/>
      </object_component>
      <object_component id="oc-ae">
         <name>.text:GPIO_setDirectionMode</name>
         <load_address>0x8436a</load_address>
         <run_address>0x8436a</run_address>
         <size>0x31</size>
         <input_file_ref idref="fl-12"/>
      </object_component>
      <object_component id="oc-24">
         <name>.text:decompress:lzss</name>
         <load_address>0x8439b</load_address>
         <run_address>0x8439b</run_address>
         <size>0x31</size>
         <input_file_ref idref="fl-2b"/>
      </object_component>
      <object_component id="oc-1a3">
         <name>.text</name>
         <load_address>0x843cc</load_address>
         <run_address>0x843cc</run_address>
         <size>0x31</size>
         <input_file_ref idref="fl-42"/>
      </object_component>
      <object_component id="oc-1d9">
         <name>.text</name>
         <load_address>0x843fd</load_address>
         <run_address>0x843fd</run_address>
         <size>0x30</size>
         <input_file_ref idref="fl-41"/>
      </object_component>
      <object_component id="oc-2c7">
         <name>.text:__TI_auto_init_nobinit_nopinit</name>
         <load_address>0x8442d</load_address>
         <run_address>0x8442d</run_address>
         <size>0x2b</size>
         <input_file_ref idref="fl-28"/>
      </object_component>
      <object_component id="oc-1c0">
         <name>.text</name>
         <load_address>0x84458</load_address>
         <run_address>0x84458</run_address>
         <size>0x2a</size>
         <input_file_ref idref="fl-34"/>
      </object_component>
      <object_component id="oc-318">
         <name>.text</name>
         <load_address>0x84482</load_address>
         <run_address>0x84482</run_address>
         <size>0x2a</size>
         <input_file_ref idref="fl-4b"/>
      </object_component>
      <object_component id="oc-185">
         <name>.text</name>
         <load_address>0x844ac</load_address>
         <run_address>0x844ac</run_address>
         <size>0x29</size>
         <input_file_ref idref="fl-2c"/>
      </object_component>
      <object_component id="oc-32f">
         <name>.text</name>
         <load_address>0x844d5</load_address>
         <run_address>0x844d5</run_address>
         <size>0x25</size>
         <input_file_ref idref="fl-49"/>
      </object_component>
      <object_component id="oc-3cf">
         <name>.text:CPUTimer_selectClockSource</name>
         <load_address>0x844fa</load_address>
         <run_address>0x844fa</run_address>
         <size>0x24</size>
         <input_file_ref idref="fl-16"/>
      </object_component>
      <object_component id="oc-f1">
         <name>.text:I2C_getInterruptStatus</name>
         <load_address>0x8451e</load_address>
         <run_address>0x8451e</run_address>
         <size>0x21</size>
         <input_file_ref idref="fl-13"/>
      </object_component>
      <object_component id="oc-1e9">
         <name>.text</name>
         <load_address>0x8453f</load_address>
         <run_address>0x8453f</run_address>
         <size>0x21</size>
         <input_file_ref idref="fl-38"/>
      </object_component>
      <object_component id="oc-40e">
         <name>.text:CPUTimer_getTimerOverflowStatus</name>
         <load_address>0x84560</load_address>
         <run_address>0x84560</run_address>
         <size>0x20</size>
         <input_file_ref idref="fl-16"/>
      </object_component>
      <object_component id="oc-9c">
         <name>.text:Interrupt_initVectorTable</name>
         <load_address>0x84580</load_address>
         <run_address>0x84580</run_address>
         <size>0x20</size>
         <input_file_ref idref="fl-14"/>
      </object_component>
      <object_component id="oc-21f">
         <name>.text:SCI_isBaseValid</name>
         <load_address>0x845a0</load_address>
         <run_address>0x845a0</run_address>
         <size>0x1f</size>
         <input_file_ref idref="fl-15"/>
      </object_component>
      <object_component id="oc-1d4">
         <name>.text</name>
         <load_address>0x845bf</load_address>
         <run_address>0x845bf</run_address>
         <size>0x1f</size>
         <input_file_ref idref="fl-39"/>
      </object_component>
      <object_component id="oc-1aa">
         <name>.text</name>
         <load_address>0x845de</load_address>
         <run_address>0x845de</run_address>
         <size>0x1e</size>
         <input_file_ref idref="fl-25"/>
      </object_component>
      <object_component id="oc-1fa">
         <name>.text</name>
         <load_address>0x845fc</load_address>
         <run_address>0x845fc</run_address>
         <size>0x1d</size>
         <input_file_ref idref="fl-3c"/>
      </object_component>
      <object_component id="oc-4b">
         <name>.text</name>
         <load_address>0x84619</load_address>
         <run_address>0x84619</run_address>
         <size>0x1d</size>
         <input_file_ref idref="fl-26"/>
      </object_component>
      <object_component id="oc-1df">
         <name>.text</name>
         <load_address>0x84636</load_address>
         <run_address>0x84636</run_address>
         <size>0x1c</size>
         <input_file_ref idref="fl-3d"/>
      </object_component>
      <object_component id="oc-23f">
         <name>.text:CPUTimer_isBaseValid</name>
         <load_address>0x84652</load_address>
         <run_address>0x84652</run_address>
         <size>0x1a</size>
         <input_file_ref idref="fl-10"/>
      </object_component>
      <object_component id="oc-402">
         <name>.text:CPUTimer_isBaseValid</name>
         <load_address>0x8466c</load_address>
         <run_address>0x8466c</run_address>
         <size>0x1a</size>
         <input_file_ref idref="fl-16"/>
      </object_component>
      <object_component id="oc-10a">
         <name>.text:SysCtl_getLowSpeedClock</name>
         <load_address>0x84686</load_address>
         <run_address>0x84686</run_address>
         <size>0x1a</size>
         <input_file_ref idref="fl-16"/>
      </object_component>
      <object_component id="oc-3db">
         <name>.text:CPUTimer_startTimer</name>
         <load_address>0x846a0</load_address>
         <run_address>0x846a0</run_address>
         <size>0x19</size>
         <input_file_ref idref="fl-16"/>
      </object_component>
      <object_component id="oc-22f">
         <name>.text:SCI_disableModule</name>
         <load_address>0x846b9</load_address>
         <run_address>0x846b9</run_address>
         <size>0x19</size>
         <input_file_ref idref="fl-15"/>
      </object_component>
      <object_component id="oc-226">
         <name>.text:SCI_performSoftwareReset</name>
         <load_address>0x846d2</load_address>
         <run_address>0x846d2</run_address>
         <size>0x19</size>
         <input_file_ref idref="fl-15"/>
      </object_component>
      <object_component id="oc-3e1">
         <name>.text:SysCtl_pollCpuTimer</name>
         <load_address>0x846eb</load_address>
         <run_address>0x846eb</run_address>
         <size>0x19</size>
         <input_file_ref idref="fl-16"/>
      </object_component>
      <object_component id="oc-1ba">
         <name>.text</name>
         <load_address>0x84704</load_address>
         <run_address>0x84704</run_address>
         <size>0x18</size>
         <input_file_ref idref="fl-3a"/>
      </object_component>
      <object_component id="oc-ca">
         <name>.text</name>
         <load_address>0x8471c</load_address>
         <run_address>0x8471c</run_address>
         <size>0x17</size>
         <input_file_ref idref="fl-23"/>
      </object_component>
      <object_component id="oc-196">
         <name>.text:I2C_isBaseValid</name>
         <load_address>0x84733</load_address>
         <run_address>0x84733</run_address>
         <size>0x15</size>
         <input_file_ref idref="fl-13"/>
      </object_component>
      <object_component id="oc-235">
         <name>.text:SCI_enableModule</name>
         <load_address>0x84748</load_address>
         <run_address>0x84748</run_address>
         <size>0x14</size>
         <input_file_ref idref="fl-15"/>
      </object_component>
      <object_component id="oc-119">
         <name>.text:CPUTimer_setEmulationMode</name>
         <load_address>0x8475c</load_address>
         <run_address>0x8475c</run_address>
         <size>0x13</size>
         <input_file_ref idref="fl-10"/>
      </object_component>
      <object_component id="oc-3d5">
         <name>.text:CPUTimer_clearOverflowFlag</name>
         <load_address>0x8476f</load_address>
         <run_address>0x8476f</run_address>
         <size>0x12</size>
         <input_file_ref idref="fl-16"/>
      </object_component>
      <object_component id="oc-3bd">
         <name>.text:CPUTimer_disableInterrupt</name>
         <load_address>0x84781</load_address>
         <run_address>0x84781</run_address>
         <size>0x12</size>
         <input_file_ref idref="fl-16"/>
      </object_component>
      <object_component id="oc-3c9">
         <name>.text:CPUTimer_setPeriod</name>
         <load_address>0x84793</load_address>
         <run_address>0x84793</run_address>
         <size>0x12</size>
         <input_file_ref idref="fl-16"/>
      </object_component>
      <object_component id="oc-3c3">
         <name>.text:CPUTimer_stopTimer</name>
         <load_address>0x847a5</load_address>
         <run_address>0x847a5</run_address>
         <size>0x12</size>
         <input_file_ref idref="fl-16"/>
      </object_component>
      <object_component id="oc-259">
         <name>.text:Flash_isCtrlBaseValid</name>
         <load_address>0x847b7</load_address>
         <run_address>0x847b7</run_address>
         <size>0x10</size>
         <input_file_ref idref="fl-11"/>
      </object_component>
      <object_component id="oc-260">
         <name>.text:Flash_isECCBaseValid</name>
         <load_address>0x847c7</load_address>
         <run_address>0x847c7</run_address>
         <size>0x10</size>
         <input_file_ref idref="fl-11"/>
      </object_component>
      <object_component id="oc-20b">
         <name>.text</name>
         <load_address>0x847d7</load_address>
         <run_address>0x847d7</run_address>
         <size>0x10</size>
         <input_file_ref idref="fl-44"/>
      </object_component>
      <object_component id="oc-163">
         <name>.text:GPIO_isPinValid</name>
         <load_address>0x847e7</load_address>
         <run_address>0x847e7</run_address>
         <size>0xe</size>
         <input_file_ref idref="fl-12"/>
      </object_component>
      <object_component id="oc-150">
         <name>.text:Interrupt_defaultHandler</name>
         <load_address>0x847f5</load_address>
         <run_address>0x847f5</run_address>
         <size>0xe</size>
         <input_file_ref idref="fl-14"/>
      </object_component>
      <object_component id="oc-1e4">
         <name>.text</name>
         <load_address>0x84803</load_address>
         <run_address>0x84803</run_address>
         <size>0xe</size>
         <input_file_ref idref="fl-37"/>
      </object_component>
      <object_component id="oc-148">
         <name>.text:Interrupt_disableMaster</name>
         <load_address>0x84811</load_address>
         <run_address>0x84811</run_address>
         <size>0xd</size>
         <input_file_ref idref="fl-14"/>
      </object_component>
      <object_component id="oc-248">
         <name>.text:Interrupt_enableMaster</name>
         <load_address>0x8481e</load_address>
         <run_address>0x8481e</run_address>
         <size>0xd</size>
         <input_file_ref idref="fl-14"/>
      </object_component>
      <object_component id="oc-53">
         <name>.text:decompress:ZI:__TI_zero_init_nomemset</name>
         <load_address>0x8482b</load_address>
         <run_address>0x8482b</run_address>
         <size>0xd</size>
         <input_file_ref idref="fl-29"/>
      </object_component>
      <object_component id="oc-17f">
         <name>.text</name>
         <load_address>0x84838</load_address>
         <run_address>0x84838</run_address>
         <size>0xc</size>
         <input_file_ref idref="fl-2e"/>
      </object_component>
      <object_component id="oc-1ff">
         <name>.text</name>
         <load_address>0x84844</load_address>
         <run_address>0x84844</run_address>
         <size>0xc</size>
         <input_file_ref idref="fl-45"/>
      </object_component>
      <object_component id="oc-18e">
         <name>.text:SysCtl_isMCDClockFailureDetected</name>
         <load_address>0x84850</load_address>
         <run_address>0x84850</run_address>
         <size>0xb</size>
         <input_file_ref idref="fl-16"/>
      </object_component>
      <object_component id="oc-211">
         <name>.text</name>
         <load_address>0x8485b</load_address>
         <run_address>0x8485b</run_address>
         <size>0xb</size>
         <input_file_ref idref="fl-4a"/>
      </object_component>
      <object_component id="oc-2a6">
         <name>.text:SysCtl_serviceWatchdog</name>
         <load_address>0x84866</load_address>
         <run_address>0x84866</run_address>
         <size>0x9</size>
         <input_file_ref idref="fl-16"/>
      </object_component>
      <object_component id="oc-388">
         <name>.text</name>
         <load_address>0x8486f</load_address>
         <run_address>0x8486f</run_address>
         <size>0x9</size>
         <input_file_ref idref="fl-2d"/>
      </object_component>
      <object_component id="oc-1c5">
         <name>.text</name>
         <load_address>0x84878</load_address>
         <run_address>0x84878</run_address>
         <size>0x9</size>
         <input_file_ref idref="fl-36"/>
      </object_component>
      <object_component id="oc-5f">
         <name>.text</name>
         <load_address>0x84881</load_address>
         <run_address>0x84881</run_address>
         <size>0x8</size>
         <input_file_ref idref="fl-6"/>
      </object_component>
      <object_component id="oc-2a">
         <name>.text:decompress:none</name>
         <load_address>0x84889</load_address>
         <run_address>0x84889</run_address>
         <size>0x8</size>
         <input_file_ref idref="fl-2a"/>
      </object_component>
      <object_component id="oc-1b4">
         <name>.text</name>
         <load_address>0x84891</load_address>
         <run_address>0x84891</run_address>
         <size>0x8</size>
         <input_file_ref idref="fl-47"/>
      </object_component>
      <object_component id="oc-3e7">
         <name>.text:SysCtl_resetMCD</name>
         <load_address>0x84899</load_address>
         <run_address>0x84899</run_address>
         <size>0x7</size>
         <input_file_ref idref="fl-16"/>
      </object_component>
      <object_component id="oc-c3">
         <name>.text</name>
         <load_address>0x848a0</load_address>
         <run_address>0x848a0</run_address>
         <size>0x7</size>
         <input_file_ref idref="fl-2f"/>
      </object_component>
      <object_component id="oc-205">
         <name>.text</name>
         <load_address>0x848a7</load_address>
         <run_address>0x848a7</run_address>
         <size>0x5</size>
         <input_file_ref idref="fl-46"/>
      </object_component>
      <object_component id="oc-15c">
         <name>.text:Interrupt_illegalOperationHandler</name>
         <load_address>0x848ac</load_address>
         <run_address>0x848ac</run_address>
         <size>0x2</size>
         <input_file_ref idref="fl-14"/>
      </object_component>
      <object_component id="oc-156">
         <name>.text:Interrupt_nmiHandler</name>
         <load_address>0x848ae</load_address>
         <run_address>0x848ae</run_address>
         <size>0x2</size>
         <input_file_ref idref="fl-14"/>
      </object_component>
      <object_component id="oc-178">
         <name>.text</name>
         <load_address>0x848b0</load_address>
         <run_address>0x848b0</run_address>
         <size>0x2</size>
         <input_file_ref idref="fl-27"/>
      </object_component>
      <object_component id="oc-36e">
         <name>.text</name>
         <load_address>0x848b2</load_address>
         <run_address>0x848b2</run_address>
         <size>0x1</size>
         <input_file_ref idref="fl-40"/>
      </object_component>
      <object_component id="oc-31">
         <name>codestart</name>
         <load_address>0x80000</load_address>
         <run_address>0x80000</run_address>
         <size>0x2</size>
         <input_file_ref idref="fl-6"/>
      </object_component>
      <object_component id="oc-48">
         <name>.stack</name>
         <uninitialized>true</uninitialized>
         <run_address>0x400</run_address>
         <size>0x0</size>
         <input_file_ref idref="fl-23"/>
      </object_component>
      <object_component id="oc-459">
         <name>.stack</name>
         <uninitialized>true</uninitialized>
         <run_address>0x400</run_address>
         <size>0x0</size>
      </object_component>
      <object_component id="oc-65">
         <name>.bss</name>
         <uninitialized>true</uninitialized>
         <run_address>0xa83a</run_address>
         <size>0x6</size>
         <input_file_ref idref="fl-5"/>
      </object_component>
      <object_component id="oc-69">
         <name>.bss:rx_distance_1</name>
         <uninitialized>true</uninitialized>
         <run_address>0xa828</run_address>
         <size>0x9</size>
         <input_file_ref idref="fl-5"/>
      </object_component>
      <object_component id="oc-6c">
         <name>.bss:rx_distance_2</name>
         <uninitialized>true</uninitialized>
         <run_address>0xa831</run_address>
         <size>0x9</size>
         <input_file_ref idref="fl-5"/>
      </object_component>
      <object_component id="oc-79">
         <name>.bss:disp_buff</name>
         <uninitialized>true</uninitialized>
         <run_address>0xa800</run_address>
         <size>0x28</size>
         <input_file_ref idref="fl-5"/>
      </object_component>
      <object_component id="oc-68">
         <name>.data</name>
         <load_address>0xa850</load_address>
         <run_address>0xa850</run_address>
         <size>0x1</size>
         <input_file_ref idref="fl-5"/>
      </object_component>
      <object_component id="oc-143">
         <name>.data</name>
         <load_address>0xa840</load_address>
         <run_address>0xa840</run_address>
         <size>0x6</size>
         <input_file_ref idref="fl-7"/>
      </object_component>
      <object_component id="oc-2f9">
         <name>.data</name>
         <load_address>0xa846</load_address>
         <run_address>0xa846</run_address>
         <size>0x6</size>
         <input_file_ref idref="fl-2c"/>
      </object_component>
      <object_component id="oc-2fc">
         <name>.data:_lock</name>
         <load_address>0xa84c</load_address>
         <run_address>0xa84c</run_address>
         <size>0x2</size>
         <input_file_ref idref="fl-2d"/>
      </object_component>
      <object_component id="oc-3f5">
         <name>.data:_unlock</name>
         <load_address>0xa84e</load_address>
         <run_address>0xa84e</run_address>
         <size>0x2</size>
         <input_file_ref idref="fl-2d"/>
      </object_component>
      <object_component id="oc-217">
         <name>.data</name>
         <load_address>0xa851</load_address>
         <run_address>0xa851</run_address>
         <size>0x1</size>
         <input_file_ref idref="fl-48"/>
      </object_component>
      <object_component id="oc-309">
         <name>.const:.string:_ctypes_</name>
         <load_address>0x90000</load_address>
         <run_address>0x90000</run_address>
         <size>0x101</size>
         <input_file_ref idref="fl-43"/>
      </object_component>
      <object_component id="oc-29f">
         <name>.const:.string</name>
         <load_address>0x90102</load_address>
         <run_address>0x90102</run_address>
         <size>0xf5</size>
         <input_file_ref idref="fl-16"/>
      </object_component>
      <object_component id="oc-25f">
         <name>.const:.string</name>
         <load_address>0x901f8</load_address>
         <run_address>0x901f8</run_address>
         <size>0xf0</size>
         <input_file_ref idref="fl-11"/>
      </object_component>
      <object_component id="oc-169">
         <name>.const:.string</name>
         <load_address>0x902e8</load_address>
         <run_address>0x902e8</run_address>
         <size>0xef</size>
         <input_file_ref idref="fl-12"/>
      </object_component>
      <object_component id="oc-225">
         <name>.const:.string</name>
         <load_address>0x903d8</load_address>
         <run_address>0x903d8</run_address>
         <size>0xec</size>
         <input_file_ref idref="fl-15"/>
      </object_component>
      <object_component id="oc-78">
         <name>.const:.string</name>
         <load_address>0x904c4</load_address>
         <run_address>0x904c4</run_address>
         <size>0x9c</size>
         <input_file_ref idref="fl-5"/>
      </object_component>
      <object_component id="oc-352">
         <name>.const:.string</name>
         <load_address>0x90560</load_address>
         <run_address>0x90560</run_address>
         <size>0x7c</size>
         <input_file_ref idref="fl-14"/>
      </object_component>
      <object_component id="oc-245">
         <name>.const:.string</name>
         <load_address>0x905dc</load_address>
         <run_address>0x905dc</run_address>
         <size>0x7b</size>
         <input_file_ref idref="fl-10"/>
      </object_component>
      <object_component id="oc-19c">
         <name>.const:.string</name>
         <load_address>0x90658</load_address>
         <run_address>0x90658</run_address>
         <size>0x76</size>
         <input_file_ref idref="fl-13"/>
      </object_component>
      <object_component id="oc-118">
         <name>.const:.string</name>
         <load_address>0x906ce</load_address>
         <run_address>0x906ce</run_address>
         <size>0x48</size>
         <input_file_ref idref="fl-4"/>
      </object_component>
      <object_component id="oc-d8">
         <name>.const:.string</name>
         <load_address>0x90716</load_address>
         <run_address>0x90716</run_address>
         <size>0x43</size>
         <input_file_ref idref="fl-2"/>
      </object_component>
      <object_component id="oc-103">
         <name>.const:.string</name>
         <load_address>0x9075a</load_address>
         <run_address>0x9075a</run_address>
         <size>0x43</size>
         <input_file_ref idref="fl-3"/>
      </object_component>
      <object_component id="oc-1a9">
         <name>.const:.string</name>
         <load_address>0x9079e</load_address>
         <run_address>0x9079e</run_address>
         <size>0x26</size>
         <input_file_ref idref="fl-30"/>
      </object_component>
      <object_component id="oc-1bf">
         <name>.const</name>
         <load_address>0x907c4</load_address>
         <run_address>0x907c4</run_address>
         <size>0x1c</size>
         <input_file_ref idref="fl-30"/>
      </object_component>
      <object_component id="oc-32c">
         <name>.const</name>
         <load_address>0x907e0</load_address>
         <run_address>0x907e0</run_address>
         <size>0x1c</size>
         <input_file_ref idref="fl-32"/>
      </object_component>
      <object_component id="oc-142">
         <name>.const:.string</name>
         <load_address>0x907fc</load_address>
         <run_address>0x907fc</run_address>
         <size>0x13</size>
         <input_file_ref idref="fl-7"/>
      </object_component>
      <object_component id="oc-327">
         <name>.const</name>
         <load_address>0x90810</load_address>
         <run_address>0x90810</run_address>
         <size>0x8</size>
         <input_file_ref idref="fl-31"/>
      </object_component>
      <object_component id="oc-b4">
         <name>.const:lidar_frame_rate_cmd</name>
         <load_address>0x90818</load_address>
         <run_address>0x90818</run_address>
         <size>0x6</size>
         <input_file_ref idref="fl-5"/>
      </object_component>
      <object_component id="oc-6f">
         <name>.const:lidar_cmd_distance</name>
         <load_address>0x9081e</load_address>
         <run_address>0x9081e</run_address>
         <size>0x5</size>
         <input_file_ref idref="fl-5"/>
      </object_component>
      <object_component id="oc-130">
         <name>.TI.ramfunc:Flash_initModule</name>
         <load_address>0x86000</load_address>
         <run_address>0x8000</run_address>
         <size>0x43</size>
         <input_file_ref idref="fl-11"/>
      </object_component>
      <object_component id="oc-26c">
         <name>.TI.ramfunc:Flash_setBankPowerMode</name>
         <load_address>0x86043</load_address>
         <run_address>0x8043</run_address>
         <size>0x2d</size>
         <input_file_ref idref="fl-11"/>
      </object_component>
      <object_component id="oc-284">
         <name>.TI.ramfunc:Flash_setWaitstates</name>
         <load_address>0x86070</load_address>
         <run_address>0x8070</run_address>
         <size>0x26</size>
         <input_file_ref idref="fl-11"/>
      </object_component>
      <object_component id="oc-272">
         <name>.TI.ramfunc:Flash_setPumpPowerMode</name>
         <load_address>0x86096</load_address>
         <run_address>0x8096</run_address>
         <size>0x1e</size>
         <input_file_ref idref="fl-11"/>
      </object_component>
      <object_component id="oc-278">
         <name>.TI.ramfunc:Flash_disableCache</name>
         <load_address>0x860b4</load_address>
         <run_address>0x80b4</run_address>
         <size>0x1a</size>
         <input_file_ref idref="fl-11"/>
      </object_component>
      <object_component id="oc-27e">
         <name>.TI.ramfunc:Flash_disablePrefetch</name>
         <load_address>0x860ce</load_address>
         <run_address>0x80ce</run_address>
         <size>0x1a</size>
         <input_file_ref idref="fl-11"/>
      </object_component>
      <object_component id="oc-28a">
         <name>.TI.ramfunc:Flash_enableCache</name>
         <load_address>0x860e8</load_address>
         <run_address>0x80e8</run_address>
         <size>0x19</size>
         <input_file_ref idref="fl-11"/>
      </object_component>
      <object_component id="oc-290">
         <name>.TI.ramfunc:Flash_enablePrefetch</name>
         <load_address>0x86101</load_address>
         <run_address>0x8101</run_address>
         <size>0x19</size>
         <input_file_ref idref="fl-11"/>
      </object_component>
      <object_component id="oc-296">
         <name>.TI.ramfunc:Flash_enableECC</name>
         <load_address>0x8611a</load_address>
         <run_address>0x811a</run_address>
         <size>0x17</size>
         <input_file_ref idref="fl-11"/>
      </object_component>
      <object_component id="oc-b7">
         <name>.TI.ramfunc</name>
         <load_address>0x86131</load_address>
         <run_address>0x8131</run_address>
         <size>0x4</size>
         <input_file_ref idref="fl-16"/>
      </object_component>
      <object_component id="oc-f8">
         <name>.debug_types</name>
         <load_address>0x0</load_address>
         <run_address>0x0</run_address>
         <size>0x893</size>
         <input_file_ref idref="fl-2"/>
      </object_component>
      <object_component id="oc-117">
         <name>.debug_types</name>
         <load_address>0x893</load_address>
         <run_address>0x893</run_address>
         <size>0x398</size>
         <input_file_ref idref="fl-3"/>
      </object_component>
      <object_component id="oc-12c">
         <name>.debug_types</name>
         <load_address>0xc2b</load_address>
         <run_address>0xc2b</run_address>
         <size>0x20f</size>
         <input_file_ref idref="fl-4"/>
      </object_component>
      <object_component id="oc-8f">
         <name>.debug_types</name>
         <load_address>0xe3a</load_address>
         <run_address>0xe3a</run_address>
         <size>0x209</size>
         <input_file_ref idref="fl-5"/>
      </object_component>
      <object_component id="oc-147">
         <name>.debug_types</name>
         <load_address>0x1043</load_address>
         <run_address>0x1043</run_address>
         <size>0xdc7</size>
         <input_file_ref idref="fl-7"/>
      </object_component>
      <object_component id="oc-247">
         <name>.debug_types</name>
         <load_address>0x0</load_address>
         <run_address>0x0</run_address>
         <size>0x0</size>
         <input_file_ref idref="fl-10"/>
      </object_component>
      <object_component id="oc-29d">
         <name>.debug_types</name>
         <load_address>0x1e0a</load_address>
         <run_address>0x1e0a</run_address>
         <size>0x1d7</size>
         <input_file_ref idref="fl-11"/>
      </object_component>
      <object_component id="oc-16b">
         <name>.debug_types</name>
         <load_address>0x1fe1</load_address>
         <run_address>0x1fe1</run_address>
         <size>0x334</size>
         <input_file_ref idref="fl-12"/>
      </object_component>
      <object_component id="oc-19e">
         <name>.debug_types</name>
         <load_address>0x0</load_address>
         <run_address>0x0</run_address>
         <size>0x0</size>
         <input_file_ref idref="fl-13"/>
      </object_component>
      <object_component id="oc-14f">
         <name>.debug_types</name>
         <load_address>0x0</load_address>
         <run_address>0x0</run_address>
         <size>0x0</size>
         <input_file_ref idref="fl-14"/>
      </object_component>
      <object_component id="oc-22d">
         <name>.debug_types</name>
         <load_address>0x2315</load_address>
         <run_address>0x2315</run_address>
         <size>0xe3</size>
         <input_file_ref idref="fl-15"/>
      </object_component>
      <object_component id="oc-195">
         <name>.debug_types</name>
         <load_address>0x23f8</load_address>
         <run_address>0x23f8</run_address>
         <size>0x254</size>
         <input_file_ref idref="fl-16"/>
      </object_component>
      <object_component id="oc-102">
         <name>.debug_types</name>
         <load_address>0x264c</load_address>
         <run_address>0x264c</run_address>
         <size>0x2c2</size>
         <input_file_ref idref="fl-22"/>
      </object_component>
      <object_component id="oc-bd">
         <name>.debug_types</name>
         <load_address>0x290e</load_address>
         <run_address>0x290e</run_address>
         <size>0x89</size>
         <input_file_ref idref="fl-26"/>
      </object_component>
      <object_component id="oc-2c6">
         <name>.debug_types</name>
         <load_address>0x0</load_address>
         <run_address>0x0</run_address>
         <size>0x0</size>
         <input_file_ref idref="fl-27"/>
      </object_component>
      <object_component id="oc-375">
         <name>.debug_types</name>
         <load_address>0x2997</load_address>
         <run_address>0x2997</run_address>
         <size>0x441</size>
         <input_file_ref idref="fl-28"/>
      </object_component>
      <object_component id="oc-c2">
         <name>.debug_types</name>
         <load_address>0x2dd8</load_address>
         <run_address>0x2dd8</run_address>
         <size>0x194</size>
         <input_file_ref idref="fl-29"/>
      </object_component>
      <object_component id="oc-52">
         <name>.debug_types</name>
         <load_address>0x0</load_address>
         <run_address>0x0</run_address>
         <size>0x0</size>
         <input_file_ref idref="fl-2a"/>
      </object_component>
      <object_component id="oc-4a">
         <name>.debug_types</name>
         <load_address>0x2f6c</load_address>
         <run_address>0x2f6c</run_address>
         <size>0x191</size>
         <input_file_ref idref="fl-2b"/>
      </object_component>
      <object_component id="oc-300">
         <name>.debug_types</name>
         <load_address>0x30fd</load_address>
         <run_address>0x30fd</run_address>
         <size>0x90</size>
         <input_file_ref idref="fl-2c"/>
      </object_component>
      <object_component id="oc-390">
         <name>.debug_types</name>
         <load_address>0x318d</load_address>
         <run_address>0x318d</run_address>
         <size>0x2f</size>
         <input_file_ref idref="fl-2d"/>
      </object_component>
      <object_component id="oc-2f8">
         <name>.debug_types</name>
         <load_address>0x31bc</load_address>
         <run_address>0x31bc</run_address>
         <size>0xb6</size>
         <input_file_ref idref="fl-2e"/>
      </object_component>
      <object_component id="oc-177">
         <name>.debug_types</name>
         <load_address>0x0</load_address>
         <run_address>0x0</run_address>
         <size>0x0</size>
         <input_file_ref idref="fl-2f"/>
      </object_component>
      <object_component id="oc-21b">
         <name>.debug_types</name>
         <load_address>0x3272</load_address>
         <run_address>0x3272</run_address>
         <size>0x75d</size>
         <input_file_ref idref="fl-30"/>
      </object_component>
      <object_component id="oc-32b">
         <name>.debug_types</name>
         <load_address>0x39cf</load_address>
         <run_address>0x39cf</run_address>
         <size>0x64</size>
         <input_file_ref idref="fl-31"/>
      </object_component>
      <object_component id="oc-336">
         <name>.debug_types</name>
         <load_address>0x0</load_address>
         <run_address>0x0</run_address>
         <size>0x0</size>
         <input_file_ref idref="fl-32"/>
      </object_component>
      <object_component id="oc-3ef">
         <name>.debug_types</name>
         <load_address>0x0</load_address>
         <run_address>0x0</run_address>
         <size>0x0</size>
         <input_file_ref idref="fl-40"/>
      </object_component>
      <object_component id="oc-31e">
         <name>.debug_types</name>
         <load_address>0x3a33</load_address>
         <run_address>0x3a33</run_address>
         <size>0x61</size>
         <input_file_ref idref="fl-41"/>
      </object_component>
      <object_component id="oc-30d">
         <name>.debug_types</name>
         <load_address>0x3a94</load_address>
         <run_address>0x3a94</run_address>
         <size>0x34</size>
         <input_file_ref idref="fl-42"/>
      </object_component>
      <object_component id="oc-396">
         <name>.debug_types</name>
         <load_address>0x0</load_address>
         <run_address>0x0</run_address>
         <size>0x0</size>
         <input_file_ref idref="fl-43"/>
      </object_component>
      <object_component id="oc-33d">
         <name>.debug_types</name>
         <load_address>0x0</load_address>
         <run_address>0x0</run_address>
         <size>0x0</size>
         <input_file_ref idref="fl-44"/>
      </object_component>
      <object_component id="oc-339">
         <name>.debug_types</name>
         <load_address>0x0</load_address>
         <run_address>0x0</run_address>
         <size>0x0</size>
         <input_file_ref idref="fl-45"/>
      </object_component>
      <object_component id="oc-33b">
         <name>.debug_types</name>
         <load_address>0x3ac8</load_address>
         <run_address>0x3ac8</run_address>
         <size>0x34</size>
         <input_file_ref idref="fl-46"/>
      </object_component>
      <object_component id="oc-311">
         <name>.debug_types</name>
         <load_address>0x0</load_address>
         <run_address>0x0</run_address>
         <size>0x0</size>
         <input_file_ref idref="fl-47"/>
      </object_component>
      <object_component id="oc-342">
         <name>.debug_types</name>
         <load_address>0x0</load_address>
         <run_address>0x0</run_address>
         <size>0x0</size>
         <input_file_ref idref="fl-48"/>
      </object_component>
      <object_component id="oc-3aa">
         <name>.debug_types</name>
         <load_address>0x0</load_address>
         <run_address>0x0</run_address>
         <size>0x0</size>
         <input_file_ref idref="fl-49"/>
      </object_component>
      <object_component id="oc-33f">
         <name>.debug_types</name>
         <load_address>0x3afc</load_address>
         <run_address>0x3afc</run_address>
         <size>0x160</size>
         <input_file_ref idref="fl-4a"/>
      </object_component>
      <object_component id="oc-73">
         <name>.debug_info</name>
         <load_address>0x0</load_address>
         <run_address>0x0</run_address>
         <size>0x14ad</size>
         <input_file_ref idref="fl-2"/>
      </object_component>
      <object_component id="oc-84">
         <name>.debug_info</name>
         <load_address>0x14ad</load_address>
         <run_address>0x14ad</run_address>
         <size>0xdcd</size>
         <input_file_ref idref="fl-3"/>
      </object_component>
      <object_component id="oc-89">
         <name>.debug_info</name>
         <load_address>0x227a</load_address>
         <run_address>0x227a</run_address>
         <size>0xb27</size>
         <input_file_ref idref="fl-4"/>
      </object_component>
      <object_component id="oc-70">
         <name>.debug_info</name>
         <load_address>0x2da1</load_address>
         <run_address>0x2da1</run_address>
         <size>0x10b</size>
         <input_file_ref idref="fl-5"/>
      </object_component>
      <object_component id="oc-b5">
         <name>.debug_info</name>
         <load_address>0x2eac</load_address>
         <run_address>0x2eac</run_address>
         <size>0x10f</size>
         <input_file_ref idref="fl-5"/>
      </object_component>
      <object_component id="oc-66">
         <name>.debug_info</name>
         <load_address>0x2fbb</load_address>
         <run_address>0x2fbb</run_address>
         <size>0x10b</size>
         <input_file_ref idref="fl-5"/>
      </object_component>
      <object_component id="oc-6a">
         <name>.debug_info</name>
         <load_address>0x30c6</load_address>
         <run_address>0x30c6</run_address>
         <size>0x101</size>
         <input_file_ref idref="fl-5"/>
      </object_component>
      <object_component id="oc-6d">
         <name>.debug_info</name>
         <load_address>0x31c7</load_address>
         <run_address>0x31c7</run_address>
         <size>0x101</size>
         <input_file_ref idref="fl-5"/>
      </object_component>
      <object_component id="oc-7a">
         <name>.debug_info</name>
         <load_address>0x32c8</load_address>
         <run_address>0x32c8</run_address>
         <size>0xf9</size>
         <input_file_ref idref="fl-5"/>
      </object_component>
      <object_component id="oc-43">
         <name>.debug_info</name>
         <load_address>0x33c1</load_address>
         <run_address>0x33c1</run_address>
         <size>0x8bf</size>
         <input_file_ref idref="fl-5"/>
      </object_component>
      <object_component id="oc-3e">
         <name>.debug_info</name>
         <load_address>0x3c80</load_address>
         <run_address>0x3c80</run_address>
         <size>0x227</size>
         <input_file_ref idref="fl-5"/>
      </object_component>
      <object_component id="oc-32">
         <name>.debug_info</name>
         <load_address>0x3ea7</load_address>
         <run_address>0x3ea7</run_address>
         <size>0x113</size>
         <input_file_ref idref="fl-6"/>
      </object_component>
      <object_component id="oc-60">
         <name>.debug_info</name>
         <load_address>0x3fba</load_address>
         <run_address>0x3fba</run_address>
         <size>0x114</size>
         <input_file_ref idref="fl-6"/>
      </object_component>
      <object_component id="oc-144">
         <name>.debug_info</name>
         <load_address>0x40ce</load_address>
         <run_address>0x40ce</run_address>
         <size>0x15e</size>
         <input_file_ref idref="fl-7"/>
      </object_component>
      <object_component id="oc-93">
         <name>.debug_info</name>
         <load_address>0x422c</load_address>
         <run_address>0x422c</run_address>
         <size>0x1c34</size>
         <input_file_ref idref="fl-7"/>
      </object_component>
      <object_component id="oc-243">
         <name>.debug_info</name>
         <load_address>0x5e60</load_address>
         <run_address>0x5e60</run_address>
         <size>0x264</size>
         <input_file_ref idref="fl-10"/>
      </object_component>
      <object_component id="oc-11b">
         <name>.debug_info</name>
         <load_address>0x60c4</load_address>
         <run_address>0x60c4</run_address>
         <size>0x2b0</size>
         <input_file_ref idref="fl-10"/>
      </object_component>
      <object_component id="oc-25b">
         <name>.debug_info</name>
         <load_address>0x6374</load_address>
         <run_address>0x6374</run_address>
         <size>0x268</size>
         <input_file_ref idref="fl-11"/>
      </object_component>
      <object_component id="oc-262">
         <name>.debug_info</name>
         <load_address>0x65dc</load_address>
         <run_address>0x65dc</run_address>
         <size>0x264</size>
         <input_file_ref idref="fl-11"/>
      </object_component>
      <object_component id="oc-286">
         <name>.debug_info</name>
         <load_address>0x6840</load_address>
         <run_address>0x6840</run_address>
         <size>0x2c4</size>
         <input_file_ref idref="fl-11"/>
      </object_component>
      <object_component id="oc-26e">
         <name>.debug_info</name>
         <load_address>0x6b04</load_address>
         <run_address>0x6b04</run_address>
         <size>0x2da</size>
         <input_file_ref idref="fl-11"/>
      </object_component>
      <object_component id="oc-274">
         <name>.debug_info</name>
         <load_address>0x6dde</load_address>
         <run_address>0x6dde</run_address>
         <size>0x2b9</size>
         <input_file_ref idref="fl-11"/>
      </object_component>
      <object_component id="oc-292">
         <name>.debug_info</name>
         <load_address>0x7097</load_address>
         <run_address>0x7097</run_address>
         <size>0x28a</size>
         <input_file_ref idref="fl-11"/>
      </object_component>
      <object_component id="oc-282">
         <name>.debug_info</name>
         <load_address>0x7321</load_address>
         <run_address>0x7321</run_address>
         <size>0x28c</size>
         <input_file_ref idref="fl-11"/>
      </object_component>
      <object_component id="oc-28c">
         <name>.debug_info</name>
         <load_address>0x75ad</load_address>
         <run_address>0x75ad</run_address>
         <size>0x284</size>
         <input_file_ref idref="fl-11"/>
      </object_component>
      <object_component id="oc-27c">
         <name>.debug_info</name>
         <load_address>0x7831</load_address>
         <run_address>0x7831</run_address>
         <size>0x286</size>
         <input_file_ref idref="fl-11"/>
      </object_component>
      <object_component id="oc-29a">
         <name>.debug_info</name>
         <load_address>0x7ab7</load_address>
         <run_address>0x7ab7</run_address>
         <size>0x27d</size>
         <input_file_ref idref="fl-11"/>
      </object_component>
      <object_component id="oc-268">
         <name>.debug_info</name>
         <load_address>0x7d34</load_address>
         <run_address>0x7d34</run_address>
         <size>0x2c6</size>
         <input_file_ref idref="fl-11"/>
      </object_component>
      <object_component id="oc-133">
         <name>.debug_info</name>
         <load_address>0x7ffa</load_address>
         <run_address>0x7ffa</run_address>
         <size>0x3e2</size>
         <input_file_ref idref="fl-11"/>
      </object_component>
      <object_component id="oc-165">
         <name>.debug_info</name>
         <load_address>0x83dc</load_address>
         <run_address>0x83dc</run_address>
         <size>0x250</size>
         <input_file_ref idref="fl-12"/>
      </object_component>
      <object_component id="oc-b0">
         <name>.debug_info</name>
         <load_address>0x862c</load_address>
         <run_address>0x862c</run_address>
         <size>0x2c8</size>
         <input_file_ref idref="fl-12"/>
      </object_component>
      <object_component id="oc-a4">
         <name>.debug_info</name>
         <load_address>0x88f4</load_address>
         <run_address>0x88f4</run_address>
         <size>0x2b1</size>
         <input_file_ref idref="fl-12"/>
      </object_component>
      <object_component id="oc-e0">
         <name>.debug_info</name>
         <load_address>0x8ba5</load_address>
         <run_address>0x8ba5</run_address>
         <size>0x2f9</size>
         <input_file_ref idref="fl-12"/>
      </object_component>
      <object_component id="oc-da">
         <name>.debug_info</name>
         <load_address>0x8e9e</load_address>
         <run_address>0x8e9e</run_address>
         <size>0x2d9</size>
         <input_file_ref idref="fl-12"/>
      </object_component>
      <object_component id="oc-a9">
         <name>.debug_info</name>
         <load_address>0x9177</load_address>
         <run_address>0x9177</run_address>
         <size>0x29a</size>
         <input_file_ref idref="fl-12"/>
      </object_component>
      <object_component id="oc-198">
         <name>.debug_info</name>
         <load_address>0x9411</load_address>
         <run_address>0x9411</run_address>
         <size>0x252</size>
         <input_file_ref idref="fl-13"/>
      </object_component>
      <object_component id="oc-ec">
         <name>.debug_info</name>
         <load_address>0x9663</load_address>
         <run_address>0x9663</run_address>
         <size>0x30c</size>
         <input_file_ref idref="fl-13"/>
      </object_component>
      <object_component id="oc-f3">
         <name>.debug_info</name>
         <load_address>0x996f</load_address>
         <run_address>0x996f</run_address>
         <size>0x293</size>
         <input_file_ref idref="fl-13"/>
      </object_component>
      <object_component id="oc-249">
         <name>.debug_info</name>
         <load_address>0x9c02</load_address>
         <run_address>0x9c02</run_address>
         <size>0x249</size>
         <input_file_ref idref="fl-14"/>
      </object_component>
      <object_component id="oc-14a">
         <name>.debug_info</name>
         <load_address>0x9e4b</load_address>
         <run_address>0x9e4b</run_address>
         <size>0x24d</size>
         <input_file_ref idref="fl-14"/>
      </object_component>
      <object_component id="oc-152">
         <name>.debug_info</name>
         <load_address>0xa098</load_address>
         <run_address>0xa098</run_address>
         <size>0x267</size>
         <input_file_ref idref="fl-14"/>
      </object_component>
      <object_component id="oc-15e">
         <name>.debug_info</name>
         <load_address>0xa2ff</load_address>
         <run_address>0xa2ff</run_address>
         <size>0x24d</size>
         <input_file_ref idref="fl-14"/>
      </object_component>
      <object_component id="oc-158">
         <name>.debug_info</name>
         <load_address>0xa54c</load_address>
         <run_address>0xa54c</run_address>
         <size>0x233</size>
         <input_file_ref idref="fl-14"/>
      </object_component>
      <object_component id="oc-251">
         <name>.debug_info</name>
         <load_address>0xa77f</load_address>
         <run_address>0xa77f</run_address>
         <size>0x26b</size>
         <input_file_ref idref="fl-14"/>
      </object_component>
      <object_component id="oc-98">
         <name>.debug_info</name>
         <load_address>0xa9ea</load_address>
         <run_address>0xa9ea</run_address>
         <size>0x25a</size>
         <input_file_ref idref="fl-14"/>
      </object_component>
      <object_component id="oc-9e">
         <name>.debug_info</name>
         <load_address>0xac44</load_address>
         <run_address>0xac44</run_address>
         <size>0x255</size>
         <input_file_ref idref="fl-14"/>
      </object_component>
      <object_component id="oc-120">
         <name>.debug_info</name>
         <load_address>0xae99</load_address>
         <run_address>0xae99</run_address>
         <size>0x2fd</size>
         <input_file_ref idref="fl-14"/>
      </object_component>
      <object_component id="oc-126">
         <name>.debug_info</name>
         <load_address>0xb196</load_address>
         <run_address>0xb196</run_address>
         <size>0x330</size>
         <input_file_ref idref="fl-14"/>
      </object_component>
      <object_component id="oc-220">
         <name>.debug_info</name>
         <load_address>0xb4c6</load_address>
         <run_address>0xb4c6</run_address>
         <size>0x250</size>
         <input_file_ref idref="fl-15"/>
      </object_component>
      <object_component id="oc-238">
         <name>.debug_info</name>
         <load_address>0xb716</load_address>
         <run_address>0xb716</run_address>
         <size>0x270</size>
         <input_file_ref idref="fl-15"/>
      </object_component>
      <object_component id="oc-230">
         <name>.debug_info</name>
         <load_address>0xb986</load_address>
         <run_address>0xb986</run_address>
         <size>0x272</size>
         <input_file_ref idref="fl-15"/>
      </object_component>
      <object_component id="oc-227">
         <name>.debug_info</name>
         <load_address>0xbbf8</load_address>
         <run_address>0xbbf8</run_address>
         <size>0x280</size>
         <input_file_ref idref="fl-15"/>
      </object_component>
      <object_component id="oc-111">
         <name>.debug_info</name>
         <load_address>0xbe78</load_address>
         <run_address>0xbe78</run_address>
         <size>0x300</size>
         <input_file_ref idref="fl-15"/>
      </object_component>
      <object_component id="oc-106">
         <name>.debug_info</name>
         <load_address>0xc178</load_address>
         <run_address>0xc178</run_address>
         <size>0x2b3</size>
         <input_file_ref idref="fl-15"/>
      </object_component>
      <object_component id="oc-2a8">
         <name>.debug_info</name>
         <load_address>0xc42b</load_address>
         <run_address>0xc42b</run_address>
         <size>0x23d</size>
         <input_file_ref idref="fl-16"/>
      </object_component>
      <object_component id="oc-190">
         <name>.debug_info</name>
         <load_address>0xc668</load_address>
         <run_address>0xc668</run_address>
         <size>0x259</size>
         <input_file_ref idref="fl-16"/>
      </object_component>
      <object_component id="oc-3e9">
         <name>.debug_info</name>
         <load_address>0xc8c1</load_address>
         <run_address>0xc8c1</run_address>
         <size>0x22f</size>
         <input_file_ref idref="fl-16"/>
      </object_component>
      <object_component id="oc-404">
         <name>.debug_info</name>
         <load_address>0xcaf0</load_address>
         <run_address>0xcaf0</run_address>
         <size>0x262</size>
         <input_file_ref idref="fl-16"/>
      </object_component>
      <object_component id="oc-3d7">
         <name>.debug_info</name>
         <load_address>0xcd52</load_address>
         <run_address>0xcd52</run_address>
         <size>0x28f</size>
         <input_file_ref idref="fl-16"/>
      </object_component>
      <object_component id="oc-3bf">
         <name>.debug_info</name>
         <load_address>0xcfe1</load_address>
         <run_address>0xcfe1</run_address>
         <size>0x28d</size>
         <input_file_ref idref="fl-16"/>
      </object_component>
      <object_component id="oc-3c5">
         <name>.debug_info</name>
         <load_address>0xd26e</load_address>
         <run_address>0xd26e</run_address>
         <size>0x27f</size>
         <input_file_ref idref="fl-16"/>
      </object_component>
      <object_component id="oc-3dd">
         <name>.debug_info</name>
         <load_address>0xd4ed</load_address>
         <run_address>0xd4ed</run_address>
         <size>0x283</size>
         <input_file_ref idref="fl-16"/>
      </object_component>
      <object_component id="oc-3cd">
         <name>.debug_info</name>
         <load_address>0xd770</load_address>
         <run_address>0xd770</run_address>
         <size>0x299</size>
         <input_file_ref idref="fl-16"/>
      </object_component>
      <object_component id="oc-410">
         <name>.debug_info</name>
         <load_address>0xda09</load_address>
         <run_address>0xda09</run_address>
         <size>0x2a3</size>
         <input_file_ref idref="fl-16"/>
      </object_component>
      <object_component id="oc-3d1">
         <name>.debug_info</name>
         <load_address>0xdcac</load_address>
         <run_address>0xdcac</run_address>
         <size>0x2c7</size>
         <input_file_ref idref="fl-16"/>
      </object_component>
      <object_component id="oc-3e3">
         <name>.debug_info</name>
         <load_address>0xdf73</load_address>
         <run_address>0xdf73</run_address>
         <size>0x2a2</size>
         <input_file_ref idref="fl-16"/>
      </object_component>
      <object_component id="oc-e8">
         <name>.debug_info</name>
         <load_address>0xe215</load_address>
         <run_address>0xe215</run_address>
         <size>0x2c2</size>
         <input_file_ref idref="fl-16"/>
      </object_component>
      <object_component id="oc-13e">
         <name>.debug_info</name>
         <load_address>0xe4d7</load_address>
         <run_address>0xe4d7</run_address>
         <size>0x565</size>
         <input_file_ref idref="fl-16"/>
      </object_component>
      <object_component id="oc-365">
         <name>.debug_info</name>
         <load_address>0xea3c</load_address>
         <run_address>0xea3c</run_address>
         <size>0x3be</size>
         <input_file_ref idref="fl-16"/>
      </object_component>
      <object_component id="oc-2a4">
         <name>.debug_info</name>
         <load_address>0xedfa</load_address>
         <run_address>0xedfa</run_address>
         <size>0x28e</size>
         <input_file_ref idref="fl-16"/>
      </object_component>
      <object_component id="oc-10d">
         <name>.debug_info</name>
         <load_address>0xf088</load_address>
         <run_address>0xf088</run_address>
         <size>0x29c</size>
         <input_file_ref idref="fl-16"/>
      </object_component>
      <object_component id="oc-139">
         <name>.debug_info</name>
         <load_address>0xf324</load_address>
         <run_address>0xf324</run_address>
         <size>0x28c</size>
         <input_file_ref idref="fl-16"/>
      </object_component>
      <object_component id="oc-7e">
         <name>.debug_info</name>
         <load_address>0xf5b0</load_address>
         <run_address>0xf5b0</run_address>
         <size>0x2c9</size>
         <input_file_ref idref="fl-22"/>
      </object_component>
      <object_component id="oc-cd">
         <name>.debug_info</name>
         <load_address>0xf879</load_address>
         <run_address>0xf879</run_address>
         <size>0x158</size>
         <input_file_ref idref="fl-23"/>
      </object_component>
      <object_component id="oc-2ad">
         <name>.debug_info</name>
         <load_address>0xf9d1</load_address>
         <run_address>0xf9d1</run_address>
         <size>0x127</size>
         <input_file_ref idref="fl-24"/>
      </object_component>
      <object_component id="oc-1ab">
         <name>.debug_info</name>
         <load_address>0xfaf8</load_address>
         <run_address>0xfaf8</run_address>
         <size>0x16f</size>
         <input_file_ref idref="fl-25"/>
      </object_component>
      <object_component id="oc-4e">
         <name>.debug_info</name>
         <load_address>0xfc67</load_address>
         <run_address>0xfc67</run_address>
         <size>0x19b</size>
         <input_file_ref idref="fl-26"/>
      </object_component>
      <object_component id="oc-17c">
         <name>.debug_info</name>
         <load_address>0xfe02</load_address>
         <run_address>0xfe02</run_address>
         <size>0x14d</size>
         <input_file_ref idref="fl-27"/>
      </object_component>
      <object_component id="oc-2c9">
         <name>.debug_info</name>
         <load_address>0xff4f</load_address>
         <run_address>0xff4f</run_address>
         <size>0x1bf</size>
         <input_file_ref idref="fl-28"/>
      </object_component>
      <object_component id="oc-55">
         <name>.debug_info</name>
         <load_address>0x1010e</load_address>
         <run_address>0x1010e</run_address>
         <size>0x1b6</size>
         <input_file_ref idref="fl-29"/>
      </object_component>
      <object_component id="oc-2d">
         <name>.debug_info</name>
         <load_address>0x102c4</load_address>
         <run_address>0x102c4</run_address>
         <size>0x1b7</size>
         <input_file_ref idref="fl-2a"/>
      </object_component>
      <object_component id="oc-26">
         <name>.debug_info</name>
         <load_address>0x1047b</load_address>
[...]
         <value>0x848ca</value>
      </symbol>
      <symbol id="sm-b">
         <name>__TI_STACK_SIZE</name>
         <value>0x100</value>
      </symbol>
      <symbol id="sm-c">
         <name>__TI_STACK_END</name>
         <value>0x500</value>
      </symbol>
      <symbol id="sm-d">
         <name>__TI_pprof_out_hndl</name>
         <value>0xffffffff</value>
      </symbol>
      <symbol id="sm-e">
         <name>__TI_prof_data_start</name>
         <value>0xffffffff</value>
      </symbol>
      <symbol id="sm-f">
         <name>__TI_prof_data_size</name>
         <value>0xffffffff</value>
      </symbol>
      <symbol id="sm-77">
         <name>i2c_master_rx</name>
         <value>0x8330f</value>
         <object_component_ref idref="oc-72"/>
      </symbol>
      <symbol id="sm-78">
         <name>i2c_master_tx</name>
         <value>0x832cc</value>
         <object_component_ref idref="oc-72"/>
      </symbol>
      <symbol id="sm-79">
         <name>i2c_init</name>
         <value>0x83267</value>
         <object_component_ref idref="oc-72"/>
      </symbol>
      <symbol id="sm-a4">
         <name>uart_tx_buff</name>
         <value>0x83728</value>
         <object_component_ref idref="oc-82"/>
      </symbol>
      <symbol id="sm-a5">
         <name>uart_tx_str</name>
         <value>0x83717</value>
         <object_component_ref idref="oc-82"/>
      </symbol>
      <symbol id="sm-a6">
         <name>uart_init</name>
         <value>0x836a4</value>
         <object_component_ref idref="oc-82"/>
      </symbol>
      <symbol id="sm-a7">
         <name>uart_tx_char</name>
         <value>0x83706</value>
         <object_component_ref idref="oc-82"/>
      </symbol>
      <symbol id="sm-d4">
         <name>timer_init</name>
         <value>0x837dc</value>
         <object_component_ref idref="oc-88"/>
      </symbol>
      <symbol id="sm-d5">
         <name>timer_set_freq</name>
         <value>0x8384c</value>
         <object_component_ref idref="oc-88"/>
      </symbol>
      <symbol id="sm-129">
         <name>disp_buff</name>
         <value>0xa800</value>
         <object_component_ref idref="oc-79"/>
      </symbol>
      <symbol id="sm-12a">
         <name>lidar_sample_timer</name>
         <value>0xa83a</value>
         <object_component_ref idref="oc-65"/>
      </symbol>
      <symbol id="sm-12b">
         <name>main</name>
         <value>0x83a45</value>
         <object_component_ref idref="oc-42"/>
      </symbol>
      <symbol id="sm-12c">
         <name>lidar_sampler_ISR</name>
         <value>0x83b46</value>
         <object_component_ref idref="oc-3c"/>
      </symbol>
      <symbol id="sm-12d">
         <name>lidar_cmd_distance</name>
         <value>0x9081e</value>
         <object_component_ref idref="oc-6f"/>
      </symbol>
      <symbol id="sm-12e">
         <name>lidar_frame_rate_cmd</name>
         <value>0x90818</value>
         <object_component_ref idref="oc-b4"/>
      </symbol>
      <symbol id="sm-12f">
         <name>rx_distance_2</name>
         <value>0xa831</value>
         <object_component_ref idref="oc-6c"/>
      </symbol>
      <symbol id="sm-130">
         <name>rx_distance_1</name>
         <value>0xa828</value>
         <object_component_ref idref="oc-69"/>
      </symbol>
      <symbol id="sm-13f">
         <name>code_start</name>
         <value>0x80000</value>
         <object_component_ref idref="oc-31"/>
      </symbol>
      <symbol id="sm-170">
         <name>Device_enableAllPeripherals</name>
         <value>0x82ddd</value>
         <object_component_ref idref="oc-90"/>
      </symbol>
      <symbol id="sm-171">
         <name>Device_initGPIO</name>
         <value>0x82ec8</value>
         <object_component_ref idref="oc-90"/>
      </symbol>
      <symbol id="sm-172">
         <name>Example_Fail</name>
         <value>0xa844</value>
         <object_component_ref idref="oc-143"/>
      </symbol>
      <symbol id="sm-173">
         <name>Example_setResultFail</name>
         <value>0x830f0</value>
         <object_component_ref idref="oc-90"/>
      </symbol>
      <symbol id="sm-174">
         <name>Device_bootCPU2</name>
         <value>0x82f6a</value>
         <object_component_ref idref="oc-90"/>
      </symbol>
      <symbol id="sm-175">
         <name>Device_init</name>
         <value>0x82d8a</value>
         <object_component_ref idref="oc-90"/>
      </symbol>
      <symbol id="sm-176">
         <name>Example_Result</name>
         <value>0xa840</value>
         <object_component_ref idref="oc-143"/>
      </symbol>
      <symbol id="sm-177">
         <name>Device_enableUnbondedGPIOPullups</name>
         <value>0x82f23</value>
         <object_component_ref idref="oc-90"/>
      </symbol>
      <symbol id="sm-178">
         <name>__error__</name>
         <value>0x830e4</value>
         <object_component_ref idref="oc-90"/>
      </symbol>
      <symbol id="sm-179">
         <name>Example_setResultPass</name>
         <value>0x830eb</value>
         <object_component_ref idref="oc-90"/>
      </symbol>
      <symbol id="sm-17a">
         <name>Device_configureTMXAnalogTrim</name>
         <value>0x82f39</value>
         <object_component_ref idref="oc-90"/>
      </symbol>
      <symbol id="sm-17b">
         <name>Device_enableUnbondedGPIOPullupsFor176Pin</name>
         <value>0x82ee9</value>
         <object_component_ref idref="oc-90"/>
      </symbol>
      <symbol id="sm-17c">
         <name>Example_done</name>
         <value>0x830f5</value>
         <object_component_ref idref="oc-90"/>
      </symbol>
      <symbol id="sm-17d">
         <name>Example_PassCount</name>
         <value>0xa842</value>
         <object_component_ref idref="oc-143"/>
      </symbol>
      <symbol id="sm-17e">
         <name>Device_enableUnbondedGPIOPullupsFor100Pin</name>
         <value>0x82f00</value>
         <object_component_ref idref="oc-90"/>
      </symbol>
      <symbol id="sm-198">
         <name>CPUTimer_setEmulationMode</name>
         <value>0x8475c</value>
         <object_component_ref idref="oc-119"/>
      </symbol>
      <symbol id="sm-212">
         <name>Flash_initModule</name>
         <value>0x8000</value>
         <object_component_ref idref="oc-130"/>
      </symbol>
      <symbol id="sm-254">
         <name>GPIO_setQualificationMode</name>
         <value>0x84295</value>
         <object_component_ref idref="oc-df"/>
      </symbol>
      <symbol id="sm-255">
         <name>GPIO_setPadConfig</name>
         <value>0x840ae</value>
         <object_component_ref idref="oc-a2"/>
      </symbol>
      <symbol id="sm-256">
         <name>GPIO_setDirectionMode</name>
         <value>0x8436a</value>
         <object_component_ref idref="oc-ae"/>
      </symbol>
      <symbol id="sm-257">
         <name>GPIO_setPinConfig</name>
         <value>0x842cd</value>
         <object_component_ref idref="oc-a8"/>
      </symbol>
      <symbol id="sm-258">
         <name>GPIO_setMasterCore</name>
         <value>0x8425d</value>
         <object_component_ref idref="oc-d9"/>
      </symbol>
      <symbol id="sm-284">
         <name>I2C_getInterruptStatus</name>
         <value>0x8451e</value>
         <object_component_ref idref="oc-f1"/>
      </symbol>
      <symbol id="sm-285">
         <name>I2C_initMaster</name>
         <value>0x83f74</value>
         <object_component_ref idref="oc-eb"/>
      </symbol>
      <symbol id="sm-301">
         <name>Interrupt_disable</name>
         <value>0x84151</value>
         <object_component_ref idref="oc-125"/>
      </symbol>
      <symbol id="sm-302">
         <name>Interrupt_initModule</name>
         <value>0x84220</value>
         <object_component_ref idref="oc-96"/>
      </symbol>
      <symbol id="sm-303">
         <name>Interrupt_enable</name>
         <value>0x84304</value>
         <object_component_ref idref="oc-11f"/>
      </symbol>
      <symbol id="sm-304">
         <name>Interrupt_initVectorTable</name>
         <value>0x84580</value>
         <object_component_ref idref="oc-9c"/>
      </symbol>
      <symbol id="sm-348">
         <name>SCI_clearInterruptStatus</name>
         <value>0x8419c</value>
         <object_component_ref idref="oc-104"/>
      </symbol>
      <symbol id="sm-349">
         <name>SCI_setConfig</name>
         <value>0x841e2</value>
         <object_component_ref idref="oc-110"/>
      </symbol>
      <symbol id="sm-425">
         <name>SysCtl_delay</name>
         <value>0x8131</value>
         <object_component_ref idref="oc-b7"/>
      </symbol>
      <symbol id="sm-426">
         <name>SysCtl_getDeviceParametric</name>
         <value>0x83f0c</value>
         <object_component_ref idref="oc-136"/>
      </symbol>
      <symbol id="sm-427">
         <name>SysCtl_selectXTAL</name>
         <value>0x83e9d</value>
         <object_component_ref idref="oc-362"/>
      </symbol>
      <symbol id="sm-428">
         <name>SysCtl_selectOscSource</name>
         <value>0x8405a</value>
         <object_component_ref idref="oc-2a0"/>
      </symbol>
      <symbol id="sm-429">
         <name>SysCtl_getLowSpeedClock</name>
         <value>0x84686</value>
         <object_component_ref idref="oc-10a"/>
      </symbol>
      <symbol id="sm-42a">
         <name>SysCtl_setClock</name>
         <value>0x83375</value>
         <object_component_ref idref="oc-13c"/>
      </symbol>
      <symbol id="sm-42b">
         <name>SysCtl_getClock</name>
         <value>0x84100</value>
         <object_component_ref idref="oc-e5"/>
      </symbol>
      <symbol id="sm-43a">
         <name>sprintf</name>
         <value>0x84338</value>
         <object_component_ref idref="oc-7c"/>
      </symbol>
      <symbol id="sm-444">
         <name>_c_int00</name>
         <value>0x8471c</value>
         <object_component_ref idref="oc-ca"/>
      </symbol>
      <symbol id="sm-445">
         <name>__stack</name>
         <value>0x400</value>
         <object_component_ref idref="oc-48"/>
      </symbol>
      <symbol id="sm-452">
         <name>__c28xabi_divf</name>
         <value>0x83d0d</value>
         <object_component_ref idref="oc-2ac"/>
      </symbol>
      <symbol id="sm-45c">
         <name>__c28xabi_cmpll</name>
         <value>0x845de</value>
         <object_component_ref idref="oc-1aa"/>
      </symbol>
      <symbol id="sm-45d">
         <name>__c28xabi_cmpull</name>
         <value>0x845f0</value>
         <object_component_ref idref="oc-1aa"/>
      </symbol>
      <symbol id="sm-46f">
         <name>memcpy</name>
         <value>0x84619</value>
         <object_component_ref idref="oc-4b"/>
      </symbol>
      <symbol id="sm-47c">
         <name>_system_pre_init</name>
         <value>0x848b0</value>
         <object_component_ref idref="oc-178"/>
      </symbol>
      <symbol id="sm-48b">
         <name>__TI_auto_init_nobinit_nopinit</name>
         <value>0x8442d</value>
         <object_component_ref idref="oc-2c7"/>
      </symbol>
      <symbol id="sm-49a">
         <name>__TI_zero_init_nomemset</name>
         <value>0x8482b</value>
         <object_component_ref idref="oc-53"/>
      </symbol>
      <symbol id="sm-4a7">
         <name>__TI_decompress_none</name>
         <value>0x84889</value>
         <object_component_ref idref="oc-2a"/>
      </symbol>
      <symbol id="sm-4bb">
         <name>__TI_decompress_lzss</name>
         <value>0x8439b</value>
         <object_component_ref idref="oc-24"/>
      </symbol>
      <symbol id="sm-4d1">
         <name>C$$EXIT</name>
         <value>0x844ac</value>
         <object_component_ref idref="oc-185"/>
      </symbol>
      <symbol id="sm-4d2">
         <name>abort</name>
         <value>0x844ac</value>
         <object_component_ref idref="oc-185"/>
      </symbol>
      <symbol id="sm-4d3">
         <name>exit</name>
         <value>0x844ae</value>
         <object_component_ref idref="oc-185"/>
      </symbol>
      <symbol id="sm-4d4">
         <name>__TI_dtors_ptr</name>
         <value>0xa84a</value>
         <object_component_ref idref="oc-2f9"/>
      </symbol>
      <symbol id="sm-4d5">
         <name>__TI_cleanup_ptr</name>
         <value>0xa848</value>
         <object_component_ref idref="oc-2f9"/>
      </symbol>
      <symbol id="sm-4d6">
         <name>__TI_enable_exit_profile_output</name>
         <value>0xa846</value>
         <object_component_ref idref="oc-2f9"/>
      </symbol>
      <symbol id="sm-4ed">
         <name>_nop</name>
         <value>0x84877</value>
         <object_component_ref idref="oc-388"/>
      </symbol>
      <symbol id="sm-4ee">
         <name>_lock</name>
         <value>0xa84c</value>
         <object_component_ref idref="oc-2fc"/>
      </symbol>
      <symbol id="sm-4ef">
         <name>_unlock</name>
         <value>0xa84e</value>
         <object_component_ref idref="oc-3f5"/>
      </symbol>
      <symbol id="sm-4f0">
         <name>_register_lock</name>
         <value>0x84873</value>
         <object_component_ref idref="oc-388"/>
      </symbol>
      <symbol id="sm-4f1">
         <name>_register_unlock</name>
         <value>0x8486f</value>
         <object_component_ref idref="oc-388"/>
      </symbol>
      <symbol id="sm-500">
         <name>_args_main</name>
         <value>0x84838</value>
         <object_component_ref idref="oc-17f"/>
      </symbol>
      <symbol id="sm-50f">
         <name>memset</name>
         <value>0x848a0</value>
         <object_component_ref idref="oc-c3"/>
      </symbol>
      <symbol id="sm-670">
         <name>__TI_printfi</name>
         <value>0x82b62</value>
         <object_component_ref idref="oc-fb"/>
      </symbol>
      <symbol id="sm-687">
         <name>frexpl</name>
         <value>0x84000</value>
         <object_component_ref idref="oc-1ee"/>
      </symbol>
      <symbol id="sm-688">
         <name>frexp</name>
         <value>0x84000</value>
         <object_component_ref idref="oc-1ee"/>
      </symbol>
      <symbol id="sm-6aa">
         <name>scalbn</name>
         <value>0x83a98</value>
         <object_component_ref idref="oc-1f4"/>
      </symbol>
      <symbol id="sm-6ab">
         <name>scalbnl</name>
         <value>0x83a98</value>
         <object_component_ref idref="oc-1f4"/>
      </symbol>
      <symbol id="sm-6ac">
         <name>ldexpl</name>
         <value>0x83a98</value>
         <object_component_ref idref="oc-1f4"/>
      </symbol>
      <symbol id="sm-6ad">
         <name>ldexp</name>
         <value>0x83a98</value>
         <object_component_ref idref="oc-1f4"/>
      </symbol>
      <symbol id="sm-6c4">
         <name>__c28xabi_addd</name>
         <value>0x83be6</value>
         <object_component_ref idref="oc-320"/>
      </symbol>
      <symbol id="sm-6d0">
         <name>__c28xabi_cmpd</name>
         <value>0x84458</value>
         <object_component_ref idref="oc-1c0"/>
      </symbol>
      <symbol id="sm-6de">
         <name>__c28xabi_mpyd</name>
         <value>0x83e1a</value>
         <object_component_ref idref="oc-1cf"/>
      </symbol>
      <symbol id="sm-6e7">
         <name>__c28xabi_negd</name>
         <value>0x84878</value>
         <object_component_ref idref="oc-1c5"/>
      </symbol>
      <symbol id="sm-6ef">
         <name>__c28xabi_subd</name>
         <value>0x84803</value>
         <object_component_ref idref="oc-1e4"/>
      </symbol>
      <symbol id="sm-6fa">
         <name>__c28xabi_dtoi</name>
         <value>0x8453f</value>
         <object_component_ref idref="oc-1e9"/>
      </symbol>
      <symbol id="sm-705">
         <name>__c28xabi_dtol</name>
         <value>0x845bf</value>
         <object_component_ref idref="oc-1d4"/>
      </symbol>
      <symbol id="sm-70d">
         <name>__c28xabi_orll</name>
         <value>0x8470c</value>
         <object_component_ref idref="oc-1ba"/>
      </symbol>
      <symbol id="sm-70e">
         <name>__c28xabi_xorll</name>
         <value>0x84714</value>
         <object_component_ref idref="oc-1ba"/>
      </symbol>
      <symbol id="sm-70f">
         <name>__c28xabi_andll</name>
         <value>0x84704</value>
         <object_component_ref idref="oc-1ba"/>
      </symbol>
      <symbol id="sm-736">
         <name>__c28xabi_modull</name>
         <value>0x8393c</value>
         <object_component_ref idref="oc-1af"/>
      </symbol>
      <symbol id="sm-737">
         <name>__c28xabi_divull</name>
         <value>0x8390d</value>
         <object_component_ref idref="oc-1af"/>
      </symbol>
      <symbol id="sm-738">
         <name>__c28xabi_divll</name>
         <value>0x83897</value>
         <object_component_ref idref="oc-1af"/>
      </symbol>
      <symbol id="sm-739">
         <name>__c28xabi_modll</name>
         <value>0x838d3</value>
         <object_component_ref idref="oc-1af"/>
      </symbol>
      <symbol id="sm-745">
         <name>__c28xabi_itod</name>
         <value>0x845fc</value>
         <object_component_ref idref="oc-1fa"/>
      </symbol>
      <symbol id="sm-751">
         <name>__c28xabi_ltod</name>
         <value>0x84636</value>
         <object_component_ref idref="oc-1df"/>
      </symbol>
      <symbol id="sm-764">
         <name>__c28xabi_divd</name>
         <value>0x83c82</value>
         <object_component_ref idref="oc-1ca"/>
      </symbol>
      <symbol id="sm-772">
         <name>_system_post_cinit</name>
         <value>0x848b2</value>
         <object_component_ref idref="oc-36e"/>
      </symbol>
      <symbol id="sm-781">
         <name>__TI_ltoa</name>
         <value>0x843fd</value>
         <object_component_ref idref="oc-1d9"/>
      </symbol>
      <symbol id="sm-796">
         <name>atoi</name>
         <value>0x843cc</value>
         <object_component_ref idref="oc-1a3"/>
      </symbol>
      <symbol id="sm-7a1">
         <name>_ctypes_</name>
         <value>0x90000</value>
         <object_component_ref idref="oc-309"/>
      </symbol>
      <symbol id="sm-7b1">
         <name>memccpy</name>
         <value>0x847d7</value>
         <object_component_ref idref="oc-20b"/>
      </symbol>
      <symbol id="sm-7c1">
         <name>strchr</name>
         <value>0x84844</value>
         <object_component_ref idref="oc-1ff"/>
      </symbol>
      <symbol id="sm-7cf">
         <name>strcpy</name>
         <value>0x848a7</value>
         <object_component_ref idref="oc-205"/>
      </symbol>
      <symbol id="sm-7dd">
         <name>strlen</name>
         <value>0x84891</value>
         <object_component_ref idref="oc-1b4"/>
      </symbol>
      <symbol id="sm-7e8">
         <name>errno</name>
         <value>0xa851</value>
         <object_component_ref idref="oc-217"/>
      </symbol>
      <symbol id="sm-7f6">
         <name>copysign</name>
         <value>0x844d5</value>
         <object_component_ref idref="oc-32f"/>
      </symbol>
      <symbol id="sm-7f7">
         <name>copysignl</name>
         <value>0x844d5</value>
         <object_component_ref idref="oc-32f"/>
      </symbol>
      <symbol id="sm-806">
         <name>wcslen</name>
         <value>0x8485b</value>
         <object_component_ref idref="oc-211"/>
      </symbol>
      <symbol id="sm-80e">
         <name>__c28xabi_divul</name>
         <value>0x8449f</value>
         <object_component_ref idref="oc-318"/>
      </symbol>
      <symbol id="sm-80f">
         <name>__c28xabi_modul</name>
         <value>0x844a6</value>
         <object_component_ref idref="oc-318"/>
      </symbol>
      <symbol id="sm-810">
         <name>__c28xabi_modl</name>
         <value>0x84491</value>
         <object_component_ref idref="oc-318"/>
      </symbol>
      <symbol id="sm-811">
         <name>__c28xabi_divl</name>
         <value>0x84482</value>
         <object_component_ref idref="oc-318"/>
      </symbol>
      <symbol id="sm-813">
         <name>__c_args__</name>
         <value>0x0</value>
      </symbol>
   </symbol_table>
   <title>Link successful</title>
</link_info>
