<?xml version="1.0" encoding="ISO-8859-1" ?>
<link_info>
   <banner>TMS320C2000 Linker PC v22.6.0.LTS</banner>
   <copyright>Copyright (c) 1996-2018 Texas Instruments Incorporated</copyright>
   <link_time>0x65002c5f</link_time>
   <link_errors>0x0</link_errors>
   <output_file>empty_driverlib_project.out</output_file>
   <entry_point>
      <name>code_start</name>
      <address>0x80000</address>
   </entry_point>
   <input_file_list>
      <input_file id="fl-2">
         <path>.\</path>
         <kind>object</kind>
         <file>28379D_i2c.obj</file>
         <name>28379D_i2c.obj</name>
      </input_file>
      <input_file id="fl-3">
         <path>.\</path>
         <kind>object</kind>
         <file>28379D_uart.obj</file>
         <name>28379D_uart.obj</name>
      </input_file>
      <input_file id="fl-4">
         <path>.\</path>
         <kind>object</kind>
         <file>28739D_timer.obj</file>
         <name>28739D_timer.obj</name>
      </input_file>
      <input_file id="fl-5">
         <path>.\</path>
         <kind>object</kind>
         <file>main.obj</file>
         <name>main.obj</name>
      </input_file>
      <input_file id="fl-6">
         <path>.\device\</path>
         <kind>object</kind>
         <file>F2837xD_CodeStartBranch.obj</file>
         <name>F2837xD_CodeStartBranch.obj</name>
      </input_file>
      <input_file id="fl-7">
         <path>.\device\</path>
         <kind>object</kind>
         <file>device.obj</file>
         <name>device.obj</name>
      </input_file>
      <input_file id="fl-c">
         <kind>object</kind>
         <file>&lt;internal&gt;</file>
         <name>&lt;internal&gt;</name>
      </input_file>
      <input_file id="fl-10">
         <path>C:\ti\c2000\C2000Ware_5_00_00_00\driverlib\f2837xd\driverlib\ccs\Debug\</path>
         <kind>archive</kind>
         <file>driverlib_eabi.lib</file>
         <name>cputimer.obj</name>
      </input_file>
      <input_file id="fl-11">
         <path>C:\ti\c2000\C2000Ware_5_00_00_00\driverlib\f2837xd\driverlib\ccs\Debug\</path>
         <kind>archive</kind>
         <file>driverlib_eabi.lib</file>
         <name>flash.obj</name>
      </input_file>
      <input_file id="fl-12">
         <path>C:\ti\c2000\C2000Ware_5_00_00_00\driverlib\f2837xd\driverlib\ccs\Debug\</path>
         <kind>archive</kind>
         <file>driverlib_eabi.lib</file>
         <name>gpio.obj</name>
      </input_file>
      <input_file id="fl-13">
         <path>C:\ti\c2000\C2000Ware_5_00_00_00\driverlib\f2837xd\driverlib\ccs\Debug\</path>
         <kind>archive</kind>
         <file>driverlib_eabi.lib</file>
         <name>i2c.obj</name>
      </input_file>
      <input_file id="fl-14">
         <path>C:\ti\c2000\C2000Ware_5_00_00_00\driverlib\f2837xd\driverlib\ccs\Debug\</path>
         <kind>archive</kind>
         <file>driverlib_eabi.lib</file>
         <name>interrupt.obj</name>
      </input_file>
      <input_file id="fl-15">
         <path>C:\ti\c2000\C2000Ware_5_00_00_00\driverlib\f2837xd\driverlib\ccs\Debug\</path>
         <kind>archive</kind>
         <file>driverlib_eabi.lib</file>
         <name>sci.obj</name>
      </input_file>
      <input_file id="fl-16">
         <path>C:\ti\c2000\C2000Ware_5_00_00_00\driverlib\f2837xd\driverlib\ccs\Debug\</path>
         <kind>archive</kind>
         <file>driverlib_eabi.lib</file>
         <name>sysctl.obj</name>
      </input_file>
      <input_file id="fl-22">
         <path>C:\ti\ccs1240\ccs\tools\compiler\ti-cgt-c2000_22.6.0.LTS\lib\</path>
         <kind>archive</kind>
         <file>rts2800_fpu32_eabi.lib</file>
         <name>sprintf.c.obj</name>
      </input_file>
      <input_file id="fl-23">
         <path>C:\ti\ccs1240\ccs\tools\compiler\ti-cgt-c2000_22.6.0.LTS\lib\</path>
         <kind>archive</kind>
         <file>rts2800_fpu32_eabi.lib</file>
         <name>boot28.asm.obj</name>
      </input_file>
      <input_file id="fl-24">
         <path>C:\ti\ccs1240\ccs\tools\compiler\ti-cgt-c2000_22.6.0.LTS\lib\</path>
         <kind>archive</kind>
         <file>rts2800_fpu32_eabi.lib</file>
         <name>fs_div28.asm.obj</name>
      </input_file>
      <input_file id="fl-25">
         <path>C:\ti\ccs1240\ccs\tools\compiler\ti-cgt-c2000_22.6.0.LTS\lib\</path>
         <kind>archive</kind>
         <file>rts2800_fpu32_eabi.lib</file>
         <name>ll_cmp28.asm.obj</name>
      </input_file>
      <input_file id="fl-26">
         <path>C:\ti\ccs1240\ccs\tools\compiler\ti-cgt-c2000_22.6.0.LTS\lib\</path>
         <kind>archive</kind>
         <file>rts2800_fpu32_eabi.lib</file>
         <name>memcpy.c.obj</name>
      </input_file>
      <input_file id="fl-27">
         <path>C:\ti\ccs1240\ccs\tools\compiler\ti-cgt-c2000_22.6.0.LTS\lib\</path>
         <kind>archive</kind>
         <file>rts2800_fpu32_eabi.lib</file>
         <name>pre_init.c.obj</name>
      </input_file>
      <input_file id="fl-28">
         <path>C:\ti\ccs1240\ccs\tools\compiler\ti-cgt-c2000_22.6.0.LTS\lib\</path>
         <kind>archive</kind>
         <file>rts2800_fpu32_eabi.lib</file>
         <name>autoinit.c.obj</name>
      </input_file>
      <input_file id="fl-29">
         <path>C:\ti\ccs1240\ccs\tools\compiler\ti-cgt-c2000_22.6.0.LTS\lib\</path>
         <kind>archive</kind>
         <file>rts2800_fpu32_eabi.lib</file>
         <name>copy_zero_init.c.obj</name>
      </input_file>
      <input_file id="fl-2a">
         <path>C:\ti\ccs1240\ccs\tools\compiler\ti-cgt-c2000_22.6.0.LTS\lib\</path>
         <kind>archive</kind>
         <file>rts2800_fpu32_eabi.lib</file>
         <name>copy_decompress_none.c.obj</name>
      </input_file>
      <input_file id="fl-2b">
         <path>C:\ti\ccs1240\ccs\tools\compiler\ti-cgt-c2000_22.6.0.LTS\lib\</path>
         <kind>archive</kind>
         <file>rts2800_fpu32_eabi.lib</file>
         <name>copy_decompress_lzss.c.obj</name>
      </input_file>
      <input_file id="fl-2c">
         <path>C:\ti\ccs1240\ccs\tools\compiler\ti-cgt-c2000_22.6.0.LTS\lib\</path>
         <kind>archive</kind>
         <file>rts2800_fpu32_eabi.lib</file>
         <name>exit.c.obj</name>
      </input_file>
      <input_file id="fl-2d">
         <path>C:\ti\ccs1240\ccs\tools\compiler\ti-cgt-c2000_22.6.0.LTS\lib\</path>
         <kind>archive</kind>
         <file>rts2800_fpu32_eabi.lib</file>
         <name>_lock.c.obj</name>
      </input_file>
      <input_file id="fl-2e">
         <path>C:\ti\ccs1240\ccs\tools\compiler\ti-cgt-c2000_22.6.0.LTS\lib\</path>
         <kind>archive</kind>
         <file>rts2800_fpu32_eabi.lib</file>
         <name>args_main.c.obj</name>
      </input_file>
      <input_file id="fl-2f">
         <path>C:\ti\ccs1240\ccs\tools\compiler\ti-cgt-c2000_22.6.0.LTS\lib\</path>
         <kind>archive</kind>
         <file>rts2800_fpu32_eabi.lib</file>
         <name>memset.c.obj</name>
      </input_file>
      <input_file id="fl-30">
         <path>C:\ti\ccs1240\ccs\tools\compiler\ti-cgt-c2000_22.6.0.LTS\lib\</path>
         <kind>archive</kind>
         <file>rts2800_fpu32_eabi.lib</file>
         <name>_printfi.c.obj</name>
      </input_file>
      <input_file id="fl-31">
         <path>C:\ti\ccs1240\ccs\tools\compiler\ti-cgt-c2000_22.6.0.LTS\lib\</path>
         <kind>archive</kind>
         <file>rts2800_fpu32_eabi.lib</file>
         <name>fd_cmp28.asm.obj</name>
      </input_file>
      <input_file id="fl-32">
         <path>C:\ti\ccs1240\ccs\tools\compiler\ti-cgt-c2000_22.6.0.LTS\lib\</path>
         <kind>archive</kind>
         <file>rts2800_fpu32_eabi.lib</file>
         <name>fd_mpy28.asm.obj</name>
      </input_file>
      <input_file id="fl-33">
         <path>C:\ti\ccs1240\ccs\tools\compiler\ti-cgt-c2000_22.6.0.LTS\lib\</path>
         <kind>archive</kind>
         <file>rts2800_fpu32_eabi.lib</file>
         <name>fd_neg28.asm.obj</name>
      </input_file>
      <input_file id="fl-34">
         <path>C:\ti\ccs1240\ccs\tools\compiler\ti-cgt-c2000_22.6.0.LTS\lib\</path>
         <kind>archive</kind>
         <file>rts2800_fpu32_eabi.lib</file>
         <name>fd_sub28.asm.obj</name>
      </input_file>
      <input_file id="fl-35">
         <path>C:\ti\ccs1240\ccs\tools\compiler\ti-cgt-c2000_22.6.0.LTS\lib\</path>
         <kind>archive</kind>
         <file>rts2800_fpu32_eabi.lib</file>
         <name>fd_toi28.asm.obj</name>
      </input_file>
      <input_file id="fl-36">
         <path>C:\ti\ccs1240\ccs\tools\compiler\ti-cgt-c2000_22.6.0.LTS\lib\</path>
         <kind>archive</kind>
         <file>rts2800_fpu32_eabi.lib</file>
         <name>fd_tol28.asm.obj</name>
      </input_file>
      <input_file id="fl-37">
         <path>C:\ti\ccs1240\ccs\tools\compiler\ti-cgt-c2000_22.6.0.LTS\lib\</path>
         <kind>archive</kind>
         <file>rts2800_fpu32_eabi.lib</file>
         <name>ll_aox28.asm.obj</name>
      </input_file>
      <input_file id="fl-38">
         <path>C:\ti\ccs1240\ccs\tools\compiler\ti-cgt-c2000_22.6.0.LTS\lib\</path>
         <kind>archive</kind>
         <file>rts2800_fpu32_eabi.lib</file>
         <name>ll_div28.asm.obj</name>
      </input_file>
      <input_file id="fl-39">
         <path>C:\ti\ccs1240\ccs\tools\compiler\ti-cgt-c2000_22.6.0.LTS\lib\</path>
         <kind>archive</kind>
         <file>rts2800_fpu32_eabi.lib</file>
         <name>i_tofd28.asm.obj</name>
      </input_file>
      <input_file id="fl-3a">
         <path>C:\ti\ccs1240\ccs\tools\compiler\ti-cgt-c2000_22.6.0.LTS\lib\</path>
         <kind>archive</kind>
         <file>rts2800_fpu32_eabi.lib</file>
         <name>l_tofd28.asm.obj</name>
      </input_file>
      <input_file id="fl-3b">
         <path>C:\ti\ccs1240\ccs\tools\compiler\ti-cgt-c2000_22.6.0.LTS\lib\</path>
         <kind>archive</kind>
         <file>rts2800_fpu32_eabi.lib</file>
         <name>fd_div28.asm.obj</name>
      </input_file>
      <input_file id="fl-3c">
         <path>C:\ti\ccs1240\ccs\tools\compiler\ti-cgt-c2000_22.6.0.LTS\lib\</path>
         <kind>archive</kind>
         <file>rts2800_fpu32_eabi.lib</file>
         <name>cpy_tbl.c.obj</name>
      </input_file>
      <input_file id="fl-3d">
         <path>C:\ti\ccs1240\ccs\tools\compiler\ti-cgt-c2000_22.6.0.LTS\lib\</path>
         <kind>archive</kind>
         <file>rts2800_fpu32_eabi.lib</file>
         <name>startup.c.obj</name>
      </input_file>
      <input_file id="fl-3e">
         <path>C:\ti\ccs1240\ccs\tools\compiler\ti-cgt-c2000_22.6.0.LTS\lib\</path>
         <kind>archive</kind>
         <file>rts2800_fpu32_eabi.lib</file>
         <name>_ltoa.c.obj</name>
      </input_file>
      <input_file id="fl-3f">
         <path>C:\ti\ccs1240\ccs\tools\compiler\ti-cgt-c2000_22.6.0.LTS\lib\</path>
         <kind>archive</kind>
         <file>rts2800_fpu32_eabi.lib</file>
         <name>atoi.c.obj</name>
      </input_file>
      <input_file id="fl-40">
         <path>C:\ti\ccs1240\ccs\tools\compiler\ti-cgt-c2000_22.6.0.LTS\lib\</path>
         <kind>archive</kind>
         <file>rts2800_fpu32_eabi.lib</file>
         <name>ctype.c.obj</name>
      </input_file>
      <input_file id="fl-41">
         <path>C:\ti\ccs1240\ccs\tools\compiler\ti-cgt-c2000_22.6.0.LTS\lib\</path>
         <kind>archive</kind>
         <file>rts2800_fpu32_eabi.lib</file>
         <name>memccpy.c.obj</name>
      </input_file>
      <input_file id="fl-42">
         <path>C:\ti\ccs1240\ccs\tools\compiler\ti-cgt-c2000_22.6.0.LTS\lib\</path>
         <kind>archive</kind>
         <file>rts2800_fpu32_eabi.lib</file>
         <name>strchr.c.obj</name>
      </input_file>
      <input_file id="fl-43">
         <path>C:\ti\ccs1240\ccs\tools\compiler\ti-cgt-c2000_22.6.0.LTS\lib\</path>
         <kind>archive</kind>
         <file>rts2800_fpu32_eabi.lib</file>
         <name>strcpy.c.obj</name>
      </input_file>
      <input_file id="fl-44">
         <path>C:\ti\ccs1240\ccs\tools\compiler\ti-cgt-c2000_22.6.0.LTS\lib\</path>
         <kind>archive</kind>
         <file>rts2800_fpu32_eabi.lib</file>
         <name>strlen.c.obj</name>
      </input_file>
      <input_file id="fl-45">
         <path>C:\ti\ccs1240\ccs\tools\compiler\ti-cgt-c2000_22.6.0.LTS\lib\</path>
         <kind>archive</kind>
         <file>rts2800_fpu32_eabi.lib</file>
         <name>errno.c.obj</name>
      </input_file>
      <input_file id="fl-46">
         <path>C:\ti\ccs1240\ccs\tools\compiler\ti-cgt-c2000_22.6.0.LTS\lib\</path>
         <kind>archive</kind>
         <file>rts2800_fpu32_eabi.lib</file>
         <name>s_frexp.c.obj</name>
      </input_file>
      <input_file id="fl-47">
         <path>C:\ti\ccs1240\ccs\tools\compiler\ti-cgt-c2000_22.6.0.LTS\lib\</path>
         <kind>archive</kind>
         <file>rts2800_fpu32_eabi.lib</file>
         <name>s_scalbn.c.obj</name>
      </input_file>
      <input_file id="fl-48">
         <path>C:\ti\ccs1240\ccs\tools\compiler\ti-cgt-c2000_22.6.0.LTS\lib\</path>
         <kind>archive</kind>
         <file>rts2800_fpu32_eabi.lib</file>
         <name>s_copysign.c.obj</name>
      </input_file>
      <input_file id="fl-49">
         <path>C:\ti\ccs1240\ccs\tools\compiler\ti-cgt-c2000_22.6.0.LTS\lib\</path>
         <kind>archive</kind>
         <file>rts2800_fpu32_eabi.lib</file>
         <name>wcslen.c.obj</name>
      </input_file>
      <input_file id="fl-4a">
         <path>C:\ti\ccs1240\ccs\tools\compiler\ti-cgt-c2000_22.6.0.LTS\lib\</path>
         <kind>archive</kind>
         <file>rts2800_fpu32_eabi.lib</file>
         <name>fd_add28.asm.obj</name>
      </input_file>
      <input_file id="fl-4b">
         <path>C:\ti\ccs1240\ccs\tools\compiler\ti-cgt-c2000_22.6.0.LTS\lib\</path>
         <kind>archive</kind>
         <file>rts2800_fpu32_eabi.lib</file>
         <name>l_div28.asm.obj</name>
      </input_file>
   </input_file_list>
   <object_component_list>
      <object_component id="oc-622">
         <name>.cinit..data.load</name>
         <load_address>0x84640</load_address>
         <run_address>0x84640</run_address>
         <size>0xb</size>
      </object_component>
      <object_component id="oc-61f">
         <name>__TI_handler_table</name>
         <load_address>0x8464c</load_address>
         <run_address>0x8464c</run_address>
         <size>0x6</size>
      </object_component>
      <object_component id="oc-621">
         <name>.cinit..bss.load</name>
         <load_address>0x84652</load_address>
         <run_address>0x84652</run_address>
         <size>0x4</size>
      </object_component>
      <object_component id="oc-620">
         <name>__TI_cinit_table</name>
         <load_address>0x84658</load_address>
         <run_address>0x84658</run_address>
         <size>0x8</size>
      </object_component>
      <object_component id="oc-477">
         <name>.text</name>
         <load_address>0x82000</load_address>
         <run_address>0x82000</run_address>
         <size>0x6c2</size>
         <input_file_ref idref="fl-30"/>
      </object_component>
      <object_component id="oc-2f7">
         <name>.text:__TI_printfi</name>
         <load_address>0x826c2</load_address>
         <run_address>0x826c2</run_address>
         <size>0x614</size>
         <input_file_ref idref="fl-30"/>
      </object_component>
      <object_component id="oc-1bc">
         <name>.text:SysCtl_setClock</name>
         <load_address>0x82cd6</load_address>
         <run_address>0x82cd6</run_address>
         <size>0x206</size>
         <input_file_ref idref="fl-16"/>
      </object_component>
      <object_component id="oc-463">
         <name>.text</name>
         <load_address>0x82edc</load_address>
         <run_address>0x82edc</run_address>
         <size>0x107</size>
         <input_file_ref idref="fl-38"/>
      </object_component>
      <object_component id="oc-1cf">
         <name>.text:Device_enableAllPeripherals</name>
         <load_address>0x82fe3</load_address>
         <run_address>0x82fe3</run_address>
         <size>0xeb</size>
         <input_file_ref idref="fl-7"/>
      </object_component>
      <object_component id="oc-523">
         <name>.text</name>
         <load_address>0x830ce</load_address>
         <run_address>0x830ce</run_address>
         <size>0xa9</size>
         <input_file_ref idref="fl-47"/>
      </object_component>
      <object_component id="oc-3c">
         <name>.text:lidar_sampler_ISR</name>
         <load_address>0x83177</load_address>
         <run_address>0x83177</run_address>
         <size>0xa0</size>
         <input_file_ref idref="fl-5"/>
      </object_component>
      <object_component id="oc-596">
         <name>.text</name>
         <load_address>0x83217</load_address>
         <run_address>0x83217</run_address>
         <size>0x9c</size>
         <input_file_ref idref="fl-4a"/>
      </object_component>
      <object_component id="oc-4f9">
         <name>.text</name>
         <load_address>0x832b3</load_address>
         <run_address>0x832b3</run_address>
         <size>0x8b</size>
         <input_file_ref idref="fl-3b"/>
      </object_component>
      <object_component id="oc-498">
         <name>.text:SysCtl_selectXTAL</name>
         <load_address>0x8333e</load_address>
         <run_address>0x8333e</run_address>
         <size>0x8a</size>
         <input_file_ref idref="fl-16"/>
      </object_component>
      <object_component id="oc-395">
         <name>.text</name>
         <load_address>0x833c8</load_address>
         <run_address>0x833c8</run_address>
         <size>0x88</size>
         <input_file_ref idref="fl-24"/>
      </object_component>
      <object_component id="oc-4fe">
         <name>.text</name>
         <load_address>0x83450</load_address>
         <run_address>0x83450</run_address>
         <size>0x83</size>
         <input_file_ref idref="fl-32"/>
      </object_component>
      <object_component id="oc-318">
         <name>.text:Interrupt_clearIFR</name>
         <load_address>0x834d3</load_address>
         <run_address>0x834d3</run_address>
         <size>0x7f</size>
         <input_file_ref idref="fl-14"/>
      </object_component>
      <object_component id="oc-d2">
         <name>.text:timer_init</name>
         <load_address>0x83552</load_address>
         <run_address>0x83552</run_address>
         <size>0x6d</size>
         <input_file_ref idref="fl-4"/>
      </object_component>
      <object_component id="oc-1b0">
         <name>.text:SysCtl_getDeviceParametric</name>
         <load_address>0x835bf</load_address>
         <run_address>0x835bf</run_address>
         <size>0x68</size>
         <input_file_ref idref="fl-16"/>
      </object_component>
      <object_component id="oc-252">
         <name>.text:I2C_initController</name>
         <load_address>0x83627</load_address>
         <run_address>0x83627</run_address>
         <size>0x64</size>
         <input_file_ref idref="fl-13"/>
      </object_component>
      <object_component id="oc-cc">
         <name>.text:i2c_init</name>
         <load_address>0x8368b</load_address>
         <run_address>0x8368b</run_address>
         <size>0x5d</size>
         <input_file_ref idref="fl-2"/>
      </object_component>
      <object_component id="oc-51d">
         <name>.text</name>
         <load_address>0x836e8</load_address>
         <run_address>0x836e8</run_address>
         <size>0x5a</size>
         <input_file_ref idref="fl-46"/>
      </object_component>
      <object_component id="oc-c6">
         <name>.text:uart_init</name>
         <load_address>0x83742</load_address>
         <run_address>0x83742</run_address>
         <size>0x58</size>
         <input_file_ref idref="fl-3"/>
      </object_component>
      <object_component id="oc-a8">
         <name>.text:Device_init</name>
         <load_address>0x8379a</load_address>
         <run_address>0x8379a</run_address>
         <size>0x53</size>
         <input_file_ref idref="fl-7"/>
      </object_component>
      <object_component id="oc-40">
         <name>.text:main</name>
         <load_address>0x837ed</load_address>
         <run_address>0x837ed</run_address>
         <size>0x53</size>
         <input_file_ref idref="fl-5"/>
      </object_component>
      <object_component id="oc-d8">
         <name>.text:GPIO_setPadConfig</name>
         <load_address>0x83840</load_address>
         <run_address>0x83840</run_address>
         <size>0x52</size>
         <input_file_ref idref="fl-12"/>
      </object_component>
      <object_component id="oc-174">
         <name>.text:SysCtl_getClock</name>
         <load_address>0x83892</load_address>
         <run_address>0x83892</run_address>
         <size>0x51</size>
         <input_file_ref idref="fl-16"/>
      </object_component>
      <object_component id="oc-17a">
         <name>.text:Interrupt_disable</name>
         <load_address>0x838e3</load_address>
         <run_address>0x838e3</run_address>
         <size>0x4e</size>
         <input_file_ref idref="fl-14"/>
      </object_component>
      <object_component id="oc-389">
         <name>.text:SysCtl_selectOscSource</name>
         <load_address>0x83931</load_address>
         <run_address>0x83931</run_address>
         <size>0x48</size>
         <input_file_ref idref="fl-16"/>
      </object_component>
      <object_component id="oc-7e">
         <name>.text:i2c_master_rx</name>
         <load_address>0x83979</load_address>
         <run_address>0x83979</run_address>
         <size>0x48</size>
         <input_file_ref idref="fl-2"/>
      </object_component>
      <object_component id="oc-9a">
         <name>.text:timer_set_freq</name>
         <load_address>0x839c1</load_address>
         <run_address>0x839c1</run_address>
         <size>0x48</size>
         <input_file_ref idref="fl-4"/>
      </object_component>
      <object_component id="oc-209">
         <name>.text:SCI_clearInterruptStatus</name>
         <load_address>0x83a09</load_address>
         <run_address>0x83a09</run_address>
         <size>0x45</size>
         <input_file_ref idref="fl-15"/>
      </object_component>
      <object_component id="oc-227">
         <name>.text:SCI_setConfig</name>
         <load_address>0x83a4e</load_address>
         <run_address>0x83a4e</run_address>
         <size>0x3e</size>
         <input_file_ref idref="fl-15"/>
      </object_component>
      <object_component id="oc-b4">
         <name>.text:Interrupt_initModule</name>
         <load_address>0x83a8c</load_address>
         <run_address>0x83a8c</run_address>
         <size>0x3d</size>
         <input_file_ref idref="fl-14"/>
      </object_component>
      <object_component id="oc-78">
         <name>.text:i2c_master_tx</name>
         <load_address>0x83ac9</load_address>
         <run_address>0x83ac9</run_address>
         <size>0x3c</size>
         <input_file_ref idref="fl-2"/>
      </object_component>
      <object_component id="oc-246">
         <name>.text:GPIO_setControllerCore</name>
         <load_address>0x83b05</load_address>
         <run_address>0x83b05</run_address>
         <size>0x37</size>
         <input_file_ref idref="fl-12"/>
      </object_component>
      <object_component id="oc-e4">
         <name>.text:GPIO_setPinConfig</name>
         <load_address>0x83b3c</load_address>
         <run_address>0x83b3c</run_address>
         <size>0x37</size>
         <input_file_ref idref="fl-12"/>
      </object_component>
      <object_component id="oc-203">
         <name>.text:GPIO_setQualificationMode</name>
         <load_address>0x83b73</load_address>
         <run_address>0x83b73</run_address>
         <size>0x37</size>
         <input_file_ref idref="fl-12"/>
      </object_component>
      <object_component id="oc-198">
         <name>.text:Interrupt_enable</name>
         <load_address>0x83baa</load_address>
         <run_address>0x83baa</run_address>
         <size>0x37</size>
         <input_file_ref idref="fl-14"/>
      </object_component>
      <object_component id="oc-88">
         <name>.text</name>
         <load_address>0x83be1</load_address>
         <run_address>0x83be1</run_address>
         <size>0x32</size>
         <input_file_ref idref="fl-22"/>
      </object_component>
      <object_component id="oc-1b6">
         <name>.text:Device_configureTMXAnalogTrim</name>
         <load_address>0x83c13</load_address>
         <run_address>0x83c13</run_address>
         <size>0x31</size>
         <input_file_ref idref="fl-7"/>
      </object_component>
      <object_component id="oc-ea">
         <name>.text:GPIO_setDirectionMode</name>
         <load_address>0x83c44</load_address>
         <run_address>0x83c44</run_address>
         <size>0x31</size>
         <input_file_ref idref="fl-12"/>
      </object_component>
      <object_component id="oc-458">
         <name>.text</name>
         <load_address>0x83c75</load_address>
         <run_address>0x83c75</run_address>
         <size>0x31</size>
         <input_file_ref idref="fl-3f"/>
      </object_component>
      <object_component id="oc-508">
         <name>.text</name>
         <load_address>0x83ca6</load_address>
         <run_address>0x83ca6</run_address>
         <size>0x30</size>
         <input_file_ref idref="fl-3e"/>
      </object_component>
      <object_component id="oc-24">
         <name>.text:decompress:lzss</name>
         <load_address>0x83cd6</load_address>
         <run_address>0x83cd6</run_address>
         <size>0x2e</size>
         <input_file_ref idref="fl-2b"/>
      </object_component>
      <object_component id="oc-402">
         <name>.text:__TI_auto_init_nobinit_nopinit</name>
         <load_address>0x83d04</load_address>
         <run_address>0x83d04</run_address>
         <size>0x2b</size>
         <input_file_ref idref="fl-28"/>
      </object_component>
      <object_component id="oc-4ef">
         <name>.text</name>
         <load_address>0x83d2f</load_address>
         <run_address>0x83d2f</run_address>
         <size>0x2a</size>
         <input_file_ref idref="fl-31"/>
      </object_component>
      <object_component id="oc-58e">
         <name>.text</name>
         <load_address>0x83d59</load_address>
         <run_address>0x83d59</run_address>
         <size>0x2a</size>
         <input_file_ref idref="fl-4b"/>
      </object_component>
      <object_component id="oc-2ba">
         <name>.text</name>
         <load_address>0x83d83</load_address>
         <run_address>0x83d83</run_address>
         <size>0x29</size>
         <input_file_ref idref="fl-2c"/>
      </object_component>
      <object_component id="oc-de">
         <name>.text:GPIO_writePin</name>
         <load_address>0x83dac</load_address>
         <run_address>0x83dac</run_address>
         <size>0x27</size>
         <input_file_ref idref="fl-5"/>
      </object_component>
      <object_component id="oc-342">
         <name>.text:Flash_setBankPowerUpDelay</name>
         <load_address>0x83dd3</load_address>
         <run_address>0x83dd3</run_address>
         <size>0x26</size>
         <input_file_ref idref="fl-11"/>
      </object_component>
      <object_component id="oc-233">
         <name>.text:SCI_setFIFOInterruptLevel</name>
         <load_address>0x83df9</load_address>
         <run_address>0x83df9</run_address>
         <size>0x26</size>
         <input_file_ref idref="fl-3"/>
      </object_component>
      <object_component id="oc-5a5">
         <name>.text</name>
         <load_address>0x83e1f</load_address>
         <run_address>0x83e1f</run_address>
         <size>0x24</size>
         <input_file_ref idref="fl-48"/>
      </object_component>
      <object_component id="oc-547">
         <name>.text:CPUTimer_selectClockSource</name>
         <load_address>0x83e43</load_address>
         <run_address>0x83e43</run_address>
         <size>0x21</size>
         <input_file_ref idref="fl-16"/>
      </object_component>
      <object_component id="oc-ae">
         <name>.text:Device_initGPIO</name>
         <load_address>0x83e64</load_address>
         <run_address>0x83e64</run_address>
         <size>0x21</size>
         <input_file_ref idref="fl-7"/>
      </object_component>
      <object_component id="oc-145">
         <name>.text:I2C_getInterruptStatus</name>
         <load_address>0x83e85</load_address>
         <run_address>0x83e85</run_address>
         <size>0x21</size>
         <input_file_ref idref="fl-13"/>
      </object_component>
      <object_component id="oc-518">
         <name>.text</name>
         <load_address>0x83ea6</load_address>
         <run_address>0x83ea6</run_address>
         <size>0x21</size>
         <input_file_ref idref="fl-35"/>
      </object_component>
      <object_component id="oc-5bc">
         <name>.text:CPUTimer_getTimerOverflowStatus</name>
         <load_address>0x83ec7</load_address>
         <run_address>0x83ec7</run_address>
         <size>0x1f</size>
         <input_file_ref idref="fl-16"/>
      </object_component>
      <object_component id="oc-f4">
         <name>.text:GPIO_togglePin</name>
         <load_address>0x83ee6</load_address>
         <run_address>0x83ee6</run_address>
         <size>0x1f</size>
         <input_file_ref idref="fl-5"/>
      </object_component>
      <object_component id="oc-503">
         <name>.text</name>
         <load_address>0x83f05</load_address>
         <run_address>0x83f05</run_address>
         <size>0x1f</size>
         <input_file_ref idref="fl-36"/>
      </object_component>
      <object_component id="oc-ba">
         <name>.text:Interrupt_initVectorTable</name>
         <load_address>0x83f24</load_address>
         <run_address>0x83f24</run_address>
         <size>0x1e</size>
         <input_file_ref idref="fl-14"/>
      </object_component>
      <object_component id="oc-45e">
         <name>.text</name>
         <load_address>0x83f42</load_address>
         <run_address>0x83f42</run_address>
         <size>0x1e</size>
         <input_file_ref idref="fl-25"/>
      </object_component>
      <object_component id="oc-3a4">
         <name>.text:Device_enableUnbondedGPIOPullupsFor100Pin</name>
         <load_address>0x83f60</load_address>
         <run_address>0x83f60</run_address>
         <size>0x1d</size>
         <input_file_ref idref="fl-7"/>
      </object_component>
      <object_component id="oc-239">
         <name>.text:SCI_enableFIFO</name>
         <load_address>0x83f7d</load_address>
         <run_address>0x83f7d</run_address>
         <size>0x1d</size>
         <input_file_ref idref="fl-3"/>
      </object_component>
      <object_component id="oc-529">
         <name>.text</name>
         <load_address>0x83f9a</load_address>
         <run_address>0x83f9a</run_address>
         <size>0x1d</size>
         <input_file_ref idref="fl-39"/>
      </object_component>
      <object_component id="oc-4b">
         <name>.text</name>
         <load_address>0x83fb7</load_address>
         <run_address>0x83fb7</run_address>
         <size>0x1d</size>
         <input_file_ref idref="fl-26"/>
      </object_component>
      <object_component id="oc-50e">
         <name>.text</name>
         <load_address>0x83fd4</load_address>
         <run_address>0x83fd4</run_address>
         <size>0x1c</size>
         <input_file_ref idref="fl-3a"/>
      </object_component>
      <object_component id="oc-335">
         <name>.text:Flash_isCtrlBaseValid</name>
         <load_address>0x83ff0</load_address>
         <run_address>0x83ff0</run_address>
         <size>0x10</size>
         <input_file_ref idref="fl-11"/>
      </object_component>
      <object_component id="oc-133">
         <name>.text:I2C_setTargetAddress</name>
         <load_address>0x84000</load_address>
         <run_address>0x84000</run_address>
         <size>0x1b</size>
         <input_file_ref idref="fl-2"/>
      </object_component>
      <object_component id="oc-3c8">
         <name>.text:SCI_isBaseValid</name>
         <load_address>0x8401b</load_address>
         <run_address>0x8401b</run_address>
         <size>0x1b</size>
         <input_file_ref idref="fl-3"/>
      </object_component>
      <object_component id="oc-3b9">
         <name>.text:SCI_isBaseValid</name>
         <load_address>0x84036</load_address>
         <run_address>0x84036</run_address>
         <size>0x1b</size>
         <input_file_ref idref="fl-15"/>
      </object_component>
      <object_component id="oc-192">
         <name>.text:CPUTimer_startTimer</name>
         <load_address>0x84051</load_address>
         <run_address>0x84051</run_address>
         <size>0x1a</size>
         <input_file_ref idref="fl-4"/>
      </object_component>
      <object_component id="oc-553">
         <name>.text:CPUTimer_startTimer</name>
         <load_address>0x8406b</load_address>
         <run_address>0x8406b</run_address>
         <size>0x1a</size>
         <input_file_ref idref="fl-16"/>
      </object_component>
      <object_component id="oc-264">
         <name>.text:I2C_setAddressMode</name>
         <load_address>0x84085</load_address>
         <run_address>0x84085</run_address>
         <size>0x1a</size>
         <input_file_ref idref="fl-2"/>
      </object_component>
      <object_component id="oc-25e">
         <name>.text:I2C_setBitCount</name>
         <load_address>0x8409f</load_address>
         <run_address>0x8409f</run_address>
         <size>0x1a</size>
         <input_file_ref idref="fl-2"/>
      </object_component>
      <object_component id="oc-127">
         <name>.text:I2C_setConfig</name>
         <load_address>0x840b9</load_address>
         <run_address>0x840b9</run_address>
         <size>0x1a</size>
         <input_file_ref idref="fl-2"/>
      </object_component>
      <object_component id="oc-1c9">
         <name>.text:SysCtl_getLowSpeedClock</name>
         <load_address>0x840d3</load_address>
         <run_address>0x840d3</run_address>
         <size>0x1a</size>
         <input_file_ref idref="fl-16"/>
      </object_component>
      <object_component id="oc-26a">
         <name>.text:I2C_disableFIFO</name>
         <load_address>0x840ed</load_address>
         <run_address>0x840ed</run_address>
         <size>0x18</size>
         <input_file_ref idref="fl-2"/>
      </object_component>
      <object_component id="oc-3d3">
         <name>.text:SCI_disableModule</name>
         <load_address>0x84105</load_address>
         <run_address>0x84105</run_address>
         <size>0x18</size>
         <input_file_ref idref="fl-15"/>
      </object_component>
      <object_component id="oc-22d">
         <name>.text:SCI_performSoftwareReset</name>
         <load_address>0x8411d</load_address>
         <run_address>0x8411d</run_address>
         <size>0x18</size>
         <input_file_ref idref="fl-3"/>
      </object_component>
      <object_component id="oc-3c0">
         <name>.text:SCI_performSoftwareReset</name>
         <load_address>0x84135</load_address>
         <run_address>0x84135</run_address>
         <size>0x18</size>
         <input_file_ref idref="fl-15"/>
      </object_component>
      <object_component id="oc-221">
         <name>.text:SCI_resetChannels</name>
         <load_address>0x8414d</load_address>
         <run_address>0x8414d</run_address>
         <size>0x18</size>
         <input_file_ref idref="fl-3"/>
      </object_component>
      <object_component id="oc-21b">
         <name>.text:SCI_resetRxFIFO</name>
         <load_address>0x84165</load_address>
         <run_address>0x84165</run_address>
         <size>0x18</size>
         <input_file_ref idref="fl-3"/>
      </object_component>
      <object_component id="oc-215">
         <name>.text:SCI_resetTxFIFO</name>
         <load_address>0x8417d</load_address>
         <run_address>0x8417d</run_address>
         <size>0x18</size>
         <input_file_ref idref="fl-3"/>
      </object_component>
      <object_component id="oc-381">
         <name>.text:SysCtl_disablePeripheral</name>
         <load_address>0x84195</load_address>
         <run_address>0x84195</run_address>
         <size>0x18</size>
         <input_file_ref idref="fl-7"/>
      </object_component>
      <object_component id="oc-468">
         <name>.text</name>
         <load_address>0x841ad</load_address>
         <run_address>0x841ad</run_address>
         <size>0x18</size>
         <input_file_ref idref="fl-37"/>
      </object_component>
      <object_component id="oc-325">
         <name>.text:CPUTimer_isBaseValid</name>
         <load_address>0x841c5</load_address>
         <run_address>0x841c5</run_address>
         <size>0x17</size>
         <input_file_ref idref="fl-4"/>
      </object_component>
      <object_component id="oc-3ee">
         <name>.text:CPUTimer_isBaseValid</name>
         <load_address>0x841dc</load_address>
         <run_address>0x841dc</run_address>
         <size>0x17</size>
         <input_file_ref idref="fl-10"/>
      </object_component>
      <object_component id="oc-5b0">
         <name>.text:CPUTimer_isBaseValid</name>
         <load_address>0x841f3</load_address>
         <run_address>0x841f3</run_address>
         <size>0x17</size>
         <input_file_ref idref="fl-16"/>
      </object_component>
      <object_component id="oc-118">
         <name>.text:CPUTimer_isBaseValid</name>
         <load_address>0x8420a</load_address>
         <run_address>0x8420a</run_address>
         <size>0x17</size>
         <input_file_ref idref="fl-5"/>
      </object_component>
      <object_component id="oc-27d">
         <name>.text:CPUTimer_setPreScaler</name>
         <load_address>0x84221</load_address>
         <run_address>0x84221</run_address>
         <size>0x17</size>
         <input_file_ref idref="fl-4"/>
      </object_component>
      <object_component id="oc-37b">
         <name>.text:SysCtl_enablePeripheral</name>
         <load_address>0x84238</load_address>
         <run_address>0x84238</run_address>
         <size>0x17</size>
         <input_file_ref idref="fl-7"/>
      </object_component>
      <object_component id="oc-10c">
         <name>.text</name>
         <load_address>0x8424f</load_address>
         <run_address>0x8424f</run_address>
         <size>0x17</size>
         <input_file_ref idref="fl-23"/>
      </object_component>
      <object_component id="oc-1e0">
         <name>.text:Device_enableUnbondedGPIOPullups</name>
         <load_address>0x84266</load_address>
         <run_address>0x84266</run_address>
         <size>0x16</size>
         <input_file_ref idref="fl-7"/>
      </object_component>
      <object_component id="oc-289">
         <name>.text:CPUTimer_enableInterrupt</name>
         <load_address>0x8427c</load_address>
         <run_address>0x8427c</run_address>
         <size>0x15</size>
         <input_file_ref idref="fl-4"/>
      </object_component>
      <object_component id="oc-a0">
         <name>.text:CPUTimer_enableInterrupt</name>
         <load_address>0x84291</load_address>
         <run_address>0x84291</run_address>
         <size>0x15</size>
         <input_file_ref idref="fl-5"/>
      </object_component>
      <object_component id="oc-1da">
         <name>.text:GPIO_unlockPortConfig</name>
         <load_address>0x842a6</load_address>
         <run_address>0x842a6</run_address>
         <size>0x15</size>
         <input_file_ref idref="fl-7"/>
      </object_component>
      <object_component id="oc-18c">
         <name>.text:CPUTimer_reloadTimerCounter</name>
         <load_address>0x842bb</load_address>
         <run_address>0x842bb</run_address>
         <size>0x14</size>
         <input_file_ref idref="fl-4"/>
      </object_component>
      <object_component id="oc-180">
         <name>.text:CPUTimer_stopTimer</name>
         <load_address>0x842cf</load_address>
         <run_address>0x842cf</run_address>
         <size>0x14</size>
         <input_file_ref idref="fl-4"/>
      </object_component>
      <object_component id="oc-53b">
         <name>.text:CPUTimer_stopTimer</name>
         <load_address>0x842e3</load_address>
         <run_address>0x842e3</run_address>
         <size>0x14</size>
         <input_file_ref idref="fl-16"/>
      </object_component>
      <object_component id="oc-14b">
         <name>.text:I2C_putData</name>
         <load_address>0x842f7</load_address>
         <run_address>0x842f7</run_address>
         <size>0x14</size>
         <input_file_ref idref="fl-2"/>
      </object_component>
      <object_component id="oc-300">
         <name>.text:SCI_getTxFIFOStatus</name>
         <load_address>0x8430b</load_address>
         <run_address>0x8430b</run_address>
         <size>0x14</size>
         <input_file_ref idref="fl-3"/>
      </object_component>
      <object_component id="oc-306">
         <name>.text:SCI_writeCharNonBlocking</name>
         <load_address>0x8431f</load_address>
         <run_address>0x8431f</run_address>
         <size>0x14</size>
         <input_file_ref idref="fl-3"/>
      </object_component>
      <object_component id="oc-283">
         <name>.text:CPUTimer_setEmulationMode</name>
         <load_address>0x84333</load_address>
         <run_address>0x84333</run_address>
         <size>0x13</size>
         <input_file_ref idref="fl-10"/>
      </object_component>
      <object_component id="oc-3aa">
         <name>.text:Device_enableUnbondedGPIOPullupsFor176Pin</name>
         <load_address>0x84346</load_address>
         <run_address>0x84346</run_address>
         <size>0x13</size>
         <input_file_ref idref="fl-7"/>
      </object_component>
      <object_component id="oc-258">
         <name>.text:I2C_disableLoopback</name>
         <load_address>0x84359</load_address>
         <run_address>0x84359</run_address>
         <size>0x13</size>
         <input_file_ref idref="fl-2"/>
      </object_component>
      <object_component id="oc-24c">
         <name>.text:I2C_disableModule</name>
         <load_address>0x8436c</load_address>
         <run_address>0x8436c</run_address>
         <size>0x13</size>
         <input_file_ref idref="fl-2"/>
      </object_component>
      <object_component id="oc-270">
         <name>.text:I2C_enableModule</name>
         <load_address>0x8437f</load_address>
         <run_address>0x8437f</run_address>
         <size>0x13</size>
         <input_file_ref idref="fl-2"/>
      </object_component>
      <object_component id="oc-2c3">
         <name>.text:I2C_isBaseValid</name>
         <load_address>0x84392</load_address>
         <run_address>0x84392</run_address>
         <size>0x13</size>
         <input_file_ref idref="fl-2"/>
      </object_component>
      <object_component id="oc-2db">
         <name>.text:I2C_isBaseValid</name>
         <load_address>0x843a5</load_address>
         <run_address>0x843a5</run_address>
         <size>0x13</size>
         <input_file_ref idref="fl-13"/>
      </object_component>
      <object_component id="oc-159">
         <name>.text:I2C_sendNACK</name>
         <load_address>0x843b8</load_address>
         <run_address>0x843b8</run_address>
         <size>0x13</size>
         <input_file_ref idref="fl-2"/>
      </object_component>
      <object_component id="oc-139">
         <name>.text:I2C_sendStartCondition</name>
         <load_address>0x843cb</load_address>
         <run_address>0x843cb</run_address>
         <size>0x13</size>
         <input_file_ref idref="fl-2"/>
      </object_component>
      <object_component id="oc-151">
         <name>.text:I2C_sendStopCondition</name>
         <load_address>0x843de</load_address>
         <run_address>0x843de</run_address>
         <size>0x13</size>
         <input_file_ref idref="fl-2"/>
      </object_component>
      <object_component id="oc-20f">
         <name>.text:SCI_clearOverflowStatus</name>
         <load_address>0x843f1</load_address>
         <run_address>0x843f1</run_address>
         <size>0x13</size>
         <input_file_ref idref="fl-3"/>
      </object_component>
      <object_component id="oc-23f">
         <name>.text:SCI_enableModule</name>
         <load_address>0x84404</load_address>
         <run_address>0x84404</run_address>
         <size>0x13</size>
         <input_file_ref idref="fl-3"/>
      </object_component>
      <object_component id="oc-3d9">
         <name>.text:SCI_enableModule</name>
         <load_address>0x84417</load_address>
         <run_address>0x84417</run_address>
         <size>0x13</size>
         <input_file_ref idref="fl-15"/>
      </object_component>
      <object_component id="oc-13f">
         <name>.text:i2c_nack_check</name>
         <load_address>0x8442a</load_address>
         <run_address>0x8442a</run_address>
         <size>0x13</size>
         <input_file_ref idref="fl-2"/>
      </object_component>
      <object_component id="oc-54d">
         <name>.text:CPUTimer_clearOverflowFlag</name>
         <load_address>0x8443d</load_address>
         <run_address>0x8443d</run_address>
         <size>0x12</size>
         <input_file_ref idref="fl-16"/>
      </object_component>
      <object_component id="oc-535">
         <name>.text:CPUTimer_disableInterrupt</name>
         <load_address>0x8444f</load_address>
         <run_address>0x8444f</run_address>
         <size>0x12</size>
         <input_file_ref idref="fl-16"/>
      </object_component>
      <object_component id="oc-6f">
         <name>.text:CPUTimer_disableInterrupt</name>
         <load_address>0x84461</load_address>
         <run_address>0x84461</run_address>
         <size>0x12</size>
         <input_file_ref idref="fl-5"/>
      </object_component>
      <object_component id="oc-2d4">
         <name>.text:I2C_clearStatus</name>
         <load_address>0x84473</load_address>
         <run_address>0x84473</run_address>
         <size>0x12</size>
         <input_file_ref idref="fl-2"/>
      </object_component>
      <object_component id="oc-12d">
         <name>.text:I2C_setDataCount</name>
         <load_address>0x84485</load_address>
         <run_address>0x84485</run_address>
         <size>0x12</size>
         <input_file_ref idref="fl-2"/>
      </object_component>
      <object_component id="oc-186">
         <name>.text:CPUTimer_setPeriod</name>
         <load_address>0x84497</load_address>
         <run_address>0x84497</run_address>
         <size>0x11</size>
         <input_file_ref idref="fl-4"/>
      </object_component>
      <object_component id="oc-541">
         <name>.text:CPUTimer_setPeriod</name>
         <load_address>0x844a8</load_address>
         <run_address>0x844a8</run_address>
         <size>0x11</size>
         <input_file_ref idref="fl-16"/>
      </object_component>
      <object_component id="oc-8e">
         <name>.text:uart_tx_str</name>
         <load_address>0x844b9</load_address>
         <run_address>0x844b9</run_address>
         <size>0x11</size>
         <input_file_ref idref="fl-3"/>
      </object_component>
      <object_component id="oc-33c">
         <name>.text:Flash_isECCBaseValid</name>
         <load_address>0x844ca</load_address>
         <run_address>0x844ca</run_address>
         <size>0x10</size>
         <input_file_ref idref="fl-11"/>
      </object_component>
      <object_component id="oc-15f">
         <name>.text:I2C_getData</name>
         <load_address>0x844da</load_address>
         <run_address>0x844da</run_address>
         <size>0x10</size>
         <input_file_ref idref="fl-2"/>
      </object_component>
      <object_component id="oc-2ce">
         <name>.text:I2C_getStatus</name>
         <load_address>0x844ea</load_address>
         <run_address>0x844ea</run_address>
         <size>0x10</size>
         <input_file_ref idref="fl-2"/>
      </object_component>
      <object_component id="oc-450">
         <name>.text</name>
         <load_address>0x844fa</load_address>
         <run_address>0x844fa</run_address>
         <size>0x10</size>
         <input_file_ref idref="fl-41"/>
      </object_component>
      <object_component id="oc-277">
         <name>.text:Interrupt_register</name>
         <load_address>0x8450a</load_address>
         <run_address>0x8450a</run_address>
         <size>0xf</size>
         <input_file_ref idref="fl-4"/>
      </object_component>
      <object_component id="oc-559">
         <name>.text:SysCtl_pollCpuTimer</name>
         <load_address>0x84519</load_address>
         <run_address>0x84519</run_address>
         <size>0xf</size>
         <input_file_ref idref="fl-16"/>
      </object_component>
      <object_component id="oc-16b">
         <name>.text:uart_tx_char</name>
         <load_address>0x84528</load_address>
         <run_address>0x84528</run_address>
         <size>0xf</size>
         <input_file_ref idref="fl-3"/>
      </object_component>
      <object_component id="oc-290">
         <name>.text:GPIO_isPinValid</name>
         <load_address>0x84537</load_address>
         <run_address>0x84537</run_address>
         <size>0xe</size>
         <input_file_ref idref="fl-12"/>
      </object_component>
      <object_component id="oc-299">
         <name>.text:GPIO_isPinValid</name>
         <load_address>0x84545</load_address>
         <run_address>0x84545</run_address>
         <size>0xe</size>
         <input_file_ref idref="fl-5"/>
      </object_component>
      <object_component id="oc-1ef">
         <name>.text:Interrupt_defaultHandler</name>
         <load_address>0x84553</load_address>
         <run_address>0x84553</run_address>
         <size>0xe</size>
         <input_file_ref idref="fl-14"/>
      </object_component>
      <object_component id="oc-513">
         <name>.text</name>
         <load_address>0x84561</load_address>
         <run_address>0x84561</run_address>
         <size>0xe</size>
         <input_file_ref idref="fl-34"/>
      </object_component>
      <object_component id="oc-1e7">
         <name>.text:Interrupt_disableGlobal</name>
         <load_address>0x8456f</load_address>
         <run_address>0x8456f</run_address>
         <size>0xd</size>
         <input_file_ref idref="fl-14"/>
      </object_component>
      <object_component id="oc-31e">
         <name>.text:Interrupt_enableGlobal</name>
         <load_address>0x8457c</load_address>
         <run_address>0x8457c</run_address>
         <size>0xd</size>
         <input_file_ref idref="fl-14"/>
      </object_component>
      <object_component id="oc-c0">
         <name>.text:Interrupt_enableGlobal</name>
         <load_address>0x84589</load_address>
         <run_address>0x84589</run_address>
         <size>0xd</size>
         <input_file_ref idref="fl-5"/>
      </object_component>
      <object_component id="oc-1c2">
         <name>.text:SysCtl_setLowSpeedClock</name>
         <load_address>0x84596</load_address>
         <run_address>0x84596</run_address>
         <size>0xd</size>
         <input_file_ref idref="fl-7"/>
      </object_component>
      <object_component id="oc-53">
         <name>.text:decompress:ZI:__TI_zero_init_nomemset</name>
         <load_address>0x845a3</load_address>
         <run_address>0x845a3</run_address>
         <size>0xd</size>
         <input_file_ref idref="fl-29"/>
      </object_component>
      <object_component id="oc-2b4">
         <name>.text</name>
         <load_address>0x845b0</load_address>
         <run_address>0x845b0</run_address>
         <size>0xc</size>
         <input_file_ref idref="fl-2e"/>
      </object_component>
      <object_component id="oc-52e">
         <name>.text</name>
         <load_address>0x845bc</load_address>
         <run_address>0x845bc</run_address>
         <size>0xc</size>
         <input_file_ref idref="fl-42"/>
      </object_component>
      <object_component id="oc-310">
         <name>.text:SysCtl_isMCDClockFailureDetected</name>
         <load_address>0x845c8</load_address>
         <run_address>0x845c8</run_address>
         <size>0xb</size>
         <input_file_ref idref="fl-16"/>
      </object_component>
      <object_component id="oc-46d">
         <name>.text</name>
         <load_address>0x845d3</load_address>
         <run_address>0x845d3</run_address>
         <size>0xb</size>
         <input_file_ref idref="fl-49"/>
      </object_component>
      <object_component id="oc-38f">
         <name>.text:SysCtl_serviceWatchdog</name>
         <load_address>0x845de</load_address>
         <run_address>0x845de</run_address>
         <size>0x9</size>
         <input_file_ref idref="fl-16"/>
      </object_component>
      <object_component id="oc-4cc">
         <name>.text</name>
         <load_address>0x845e7</load_address>
         <run_address>0x845e7</run_address>
         <size>0x9</size>
         <input_file_ref idref="fl-2d"/>
      </object_component>
      <object_component id="oc-4f4">
         <name>.text</name>
         <load_address>0x845f0</load_address>
         <run_address>0x845f0</run_address>
         <size>0x9</size>
         <input_file_ref idref="fl-33"/>
      </object_component>
      <object_component id="oc-5f">
         <name>.text</name>
         <load_address>0x845f9</load_address>
         <run_address>0x845f9</run_address>
         <size>0x8</size>
         <input_file_ref idref="fl-6"/>
      </object_component>
      <object_component id="oc-1a4">
         <name>.text:SysCtl_disableWatchdog</name>
         <load_address>0x84601</load_address>
         <run_address>0x84601</run_address>
         <size>0x8</size>
         <input_file_ref idref="fl-7"/>
      </object_component>
      <object_component id="oc-2a">
         <name>.text:decompress:none</name>
         <load_address>0x84609</load_address>
         <run_address>0x84609</run_address>
         <size>0x8</size>
         <input_file_ref idref="fl-2a"/>
      </object_component>
      <object_component id="oc-444">
         <name>.text</name>
         <load_address>0x84611</load_address>
         <run_address>0x84611</run_address>
         <size>0x8</size>
         <input_file_ref idref="fl-44"/>
      </object_component>
      <object_component id="oc-55f">
         <name>.text:SysCtl_resetMCD</name>
         <load_address>0x84619</load_address>
         <run_address>0x84619</run_address>
         <size>0x7</size>
         <input_file_ref idref="fl-16"/>
      </object_component>
      <object_component id="oc-11e">
         <name>.text:__error__</name>
         <load_address>0x84620</load_address>
         <run_address>0x84620</run_address>
         <size>0x7</size>
         <input_file_ref idref="fl-7"/>
      </object_component>
      <object_component id="oc-105">
         <name>.text</name>
         <load_address>0x84627</load_address>
         <run_address>0x84627</run_address>
         <size>0x7</size>
         <input_file_ref idref="fl-2f"/>
      </object_component>
      <object_component id="oc-94">
         <name>.text:Interrupt_clearACKGroup</name>
         <load_address>0x8462e</load_address>
         <run_address>0x8462e</run_address>
         <size>0x6</size>
         <input_file_ref idref="fl-5"/>
      </object_component>
      <object_component id="oc-44a">
         <name>.text</name>
         <load_address>0x84634</load_address>
         <run_address>0x84634</run_address>
         <size>0x5</size>
         <input_file_ref idref="fl-43"/>
      </object_component>
      <object_component id="oc-1fb">
         <name>.text:Interrupt_illegalOperationHandler</name>
         <load_address>0x84639</load_address>
         <run_address>0x84639</run_address>
         <size>0x2</size>
         <input_file_ref idref="fl-14"/>
      </object_component>
      <object_component id="oc-1f5">
         <name>.text:Interrupt_nmiHandler</name>
         <load_address>0x8463b</load_address>
         <run_address>0x8463b</run_address>
         <size>0x2</size>
         <input_file_ref idref="fl-14"/>
      </object_component>
      <object_component id="oc-2ad">
         <name>.text</name>
         <load_address>0x8463d</load_address>
         <run_address>0x8463d</run_address>
         <size>0x2</size>
         <input_file_ref idref="fl-27"/>
      </object_component>
      <object_component id="oc-4b2">
         <name>.text</name>
         <load_address>0x8463f</load_address>
         <run_address>0x8463f</run_address>
         <size>0x1</size>
         <input_file_ref idref="fl-3d"/>
      </object_component>
      <object_component id="oc-31">
         <name>codestart</name>
         <load_address>0x80000</load_address>
         <run_address>0x80000</run_address>
         <size>0x2</size>
         <input_file_ref idref="fl-6"/>
      </object_component>
      <object_component id="oc-48">
         <name>.stack</name>
         <uninitialized>true</uninitialized>
         <run_address>0x400</run_address>
         <size>0x0</size>
         <input_file_ref idref="fl-23"/>
      </object_component>
      <object_component id="oc-623">
         <name>.stack</name>
         <uninitialized>true</uninitialized>
         <run_address>0x400</run_address>
         <size>0x0</size>
      </object_component>
      <object_component id="oc-65">
         <name>.bss</name>
         <uninitialized>true</uninitialized>
         <run_address>0xa83a</run_address>
         <size>0x6</size>
         <input_file_ref idref="fl-5"/>
      </object_component>
      <object_component id="oc-69">
         <name>.bss:rx_distance_1</name>
         <uninitialized>true</uninitialized>
         <run_address>0xa828</run_address>
         <size>0x9</size>
         <input_file_ref idref="fl-5"/>
      </object_component>
      <object_component id="oc-6c">
         <name>.bss:rx_distance_2</name>
         <uninitialized>true</uninitialized>
         <run_address>0xa831</run_address>
         <size>0x9</size>
         <input_file_ref idref="fl-5"/>
      </object_component>
      <object_component id="oc-85">
         <name>.bss:disp_buff</name>
         <uninitialized>true</uninitialized>
         <run_address>0xa800</run_address>
         <size>0x28</size>
         <input_file_ref idref="fl-5"/>
      </object_component>
      <object_component id="oc-68">
         <name>.data</name>
         <load_address>0xa850</load_address>
         <run_address>0xa850</run_address>
         <size>0x1</size>
         <input_file_ref idref="fl-5"/>
      </object_component>
      <object_component id="oc-1d5">
         <name>.data</name>
         <load_address>0xa840</load_address>
         <run_address>0xa840</run_address>
         <size>0x6</size>
         <input_file_ref idref="fl-7"/>
      </object_component>
      <object_component id="oc-434">
         <name>.data</name>
         <load_address>0xa846</load_address>
         <run_address>0xa846</run_address>
         <size>0x6</size>
         <input_file_ref idref="fl-2c"/>
      </object_component>
      <object_component id="oc-437">
         <name>.data:_lock</name>
         <load_address>0xa84c</load_address>
         <run_address>0xa84c</run_address>
         <size>0x2</size>
         <input_file_ref idref="fl-2d"/>
      </object_component>
      <object_component id="oc-56d">
         <name>.data:_unlock</name>
         <load_address>0xa84e</load_address>
         <run_address>0xa84e</run_address>
         <size>0x2</size>
         <input_file_ref idref="fl-2d"/>
      </object_component>
      <object_component id="oc-473">
         <name>.data</name>
         <load_address>0xa851</load_address>
         <run_address>0xa851</run_address>
         <size>0x1</size>
         <input_file_ref idref="fl-45"/>
      </object_component>
      <object_component id="oc-4e1">
         <name>.const:.string:_ctypes_</name>
         <load_address>0x90000</load_address>
         <run_address>0x90000</run_address>
         <size>0x101</size>
         <input_file_ref idref="fl-40"/>
      </object_component>
      <object_component id="oc-388">
         <name>.const:.string</name>
         <load_address>0x90102</load_address>
         <run_address>0x90102</run_address>
         <size>0xc2</size>
         <input_file_ref idref="fl-16"/>
      </object_component>
      <object_component id="oc-33b">
         <name>.const:.string</name>
         <load_address>0x901c4</load_address>
         <run_address>0x901c4</run_address>
         <size>0xbf</size>
         <input_file_ref idref="fl-11"/>
      </object_component>
      <object_component id="oc-296">
         <name>.const:.string</name>
         <load_address>0x90284</load_address>
         <run_address>0x90284</run_address>
         <size>0xbc</size>
         <input_file_ref idref="fl-12"/>
      </object_component>
      <object_component id="oc-3bf">
         <name>.const:.string</name>
         <load_address>0x90340</load_address>
         <run_address>0x90340</run_address>
         <size>0xbb</size>
         <input_file_ref idref="fl-15"/>
      </object_component>
      <object_component id="oc-84">
         <name>.const:.string</name>
         <load_address>0x903fc</load_address>
         <run_address>0x903fc</run_address>
         <size>0x9c</size>
         <input_file_ref idref="fl-5"/>
      </object_component>
      <object_component id="oc-484">
         <name>.const:.string</name>
         <load_address>0x90498</load_address>
         <run_address>0x90498</run_address>
         <size>0x63</size>
         <input_file_ref idref="fl-14"/>
      </object_component>
      <object_component id="oc-3f4">
         <name>.const:.string</name>
         <load_address>0x904fc</load_address>
         <run_address>0x904fc</run_address>
         <size>0x62</size>
         <input_file_ref idref="fl-10"/>
      </object_component>
      <object_component id="oc-2e1">
         <name>.const:.string</name>
         <load_address>0x9055e</load_address>
         <run_address>0x9055e</run_address>
         <size>0x5d</size>
         <input_file_ref idref="fl-13"/>
      </object_component>
      <object_component id="oc-32b">
         <name>.const:.string</name>
         <load_address>0x905bc</load_address>
         <run_address>0x905bc</run_address>
         <size>0x48</size>
         <input_file_ref idref="fl-4"/>
      </object_component>
      <object_component id="oc-2c9">
         <name>.const:.string</name>
         <load_address>0x90604</load_address>
         <run_address>0x90604</run_address>
         <size>0x43</size>
         <input_file_ref idref="fl-2"/>
      </object_component>
      <object_component id="oc-3ce">
         <name>.const:.string</name>
         <load_address>0x90648</load_address>
         <run_address>0x90648</run_address>
         <size>0x43</size>
         <input_file_ref idref="fl-3"/>
      </object_component>
      <object_component id="oc-443">
         <name>.const:.string</name>
         <load_address>0x9068c</load_address>
         <run_address>0x9068c</run_address>
         <size>0x26</size>
         <input_file_ref idref="fl-30"/>
      </object_component>
      <object_component id="oc-4ee">
         <name>.const</name>
         <load_address>0x906b2</load_address>
         <run_address>0x906b2</run_address>
         <size>0x1c</size>
         <input_file_ref idref="fl-30"/>
      </object_component>
      <object_component id="oc-5a2">
         <name>.const</name>
         <load_address>0x906ce</load_address>
         <run_address>0x906ce</run_address>
         <size>0x1c</size>
         <input_file_ref idref="fl-47"/>
      </object_component>
      <object_component id="oc-1c8">
         <name>.const:.string</name>
         <load_address>0x906ea</load_address>
         <run_address>0x906ea</run_address>
         <size>0x13</size>
         <input_file_ref idref="fl-7"/>
      </object_component>
      <object_component id="oc-59d">
         <name>.const</name>
         <load_address>0x90700</load_address>
         <run_address>0x90700</run_address>
         <size>0x8</size>
         <input_file_ref idref="fl-46"/>
      </object_component>
      <object_component id="oc-f0">
         <name>.const:lidar_frame_rate_cmd</name>
         <load_address>0x90708</load_address>
         <run_address>0x90708</run_address>
         <size>0x6</size>
         <input_file_ref idref="fl-5"/>
      </object_component>
      <object_component id="oc-75">
         <name>.const:lidar_cmd_distance</name>
         <load_address>0x9070e</load_address>
         <run_address>0x9070e</run_address>
         <size>0x5</size>
         <input_file_ref idref="fl-5"/>
      </object_component>
      <object_component id="oc-1aa">
         <name>.TI.ramfunc:Flash_initModule</name>
         <load_address>0x86000</load_address>
         <run_address>0x8000</run_address>
         <size>0x43</size>
         <input_file_ref idref="fl-11"/>
      </object_component>
      <object_component id="oc-348">
         <name>.TI.ramfunc:Flash_setBankPowerMode</name>
         <load_address>0x86043</load_address>
         <run_address>0x8043</run_address>
         <size>0x2c</size>
         <input_file_ref idref="fl-11"/>
      </object_component>
      <object_component id="oc-360">
         <name>.TI.ramfunc:Flash_setWaitstates</name>
         <load_address>0x8606f</load_address>
         <run_address>0x806f</run_address>
         <size>0x24</size>
         <input_file_ref idref="fl-11"/>
      </object_component>
      <object_component id="oc-34e">
         <name>.TI.ramfunc:Flash_setPumpPowerMode</name>
         <load_address>0x86093</load_address>
         <run_address>0x8093</run_address>
         <size>0x1d</size>
         <input_file_ref idref="fl-11"/>
      </object_component>
      <object_component id="oc-354">
         <name>.TI.ramfunc:Flash_disableCache</name>
         <load_address>0x860b0</load_address>
         <run_address>0x80b0</run_address>
         <size>0x18</size>
         <input_file_ref idref="fl-11"/>
      </object_component>
      <object_component id="oc-35a">
         <name>.TI.ramfunc:Flash_disablePrefetch</name>
         <load_address>0x860c8</load_address>
         <run_address>0x80c8</run_address>
         <size>0x18</size>
         <input_file_ref idref="fl-11"/>
      </object_component>
      <object_component id="oc-366">
         <name>.TI.ramfunc:Flash_enableCache</name>
         <load_address>0x860e0</load_address>
         <run_address>0x80e0</run_address>
         <size>0x17</size>
         <input_file_ref idref="fl-11"/>
      </object_component>
      <object_component id="oc-36c">
         <name>.TI.ramfunc:Flash_enablePrefetch</name>
         <load_address>0x860f7</load_address>
         <run_address>0x80f7</run_address>
         <size>0x17</size>
         <input_file_ref idref="fl-11"/>
      </object_component>
      <object_component id="oc-372">
         <name>.TI.ramfunc:Flash_enableECC</name>
         <load_address>0x8610e</load_address>
         <run_address>0x810e</run_address>
         <size>0x16</size>
         <input_file_ref idref="fl-11"/>
      </object_component>
      <object_component id="oc-f3">
         <name>.TI.ramfunc</name>
         <load_address>0x86124</load_address>
         <run_address>0x8124</run_address>
         <size>0x4</size>
         <input_file_ref idref="fl-16"/>
      </object_component>
      <object_component id="oc-158">
         <name>.debug_types</name>
         <load_address>0x0</load_address>
         <run_address>0x0</run_address>
         <size>0x8c2</size>
         <input_file_ref idref="fl-2"/>
      </object_component>
      <object_component id="oc-172">
         <name>.debug_types</name>
         <load_address>0x8c2</load_address>
         <run_address>0x8c2</run_address>
         <size>0x3c3</size>
         <input_file_ref idref="fl-3"/>
      </object_component>
      <object_component id="oc-19f">
         <name>.debug_types</name>
         <load_address>0xc85</load_address>
         <run_address>0xc85</run_address>
         <size>0x20f</size>
         <input_file_ref idref="fl-4"/>
      </object_component>
      <object_component id="oc-a7">
         <name>.debug_types</name>
         <load_address>0xe94</load_address>
         <run_address>0xe94</run_address>
         <size>0x1af</size>
         <input_file_ref idref="fl-5"/>
      </object_component>
      <object_component id="oc-1d9">
         <name>.debug_types</name>
         <load_address>0x1043</load_address>
         <run_address>0x1043</run_address>
         <size>0xdc7</size>
         <input_file_ref idref="fl-7"/>
      </object_component>
      <object_component id="oc-3f6">
         <name>.debug_types</name>
         <load_address>0x0</load_address>
         <run_address>0x0</run_address>
         <size>0x0</size>
         <input_file_ref idref="fl-10"/>
      </object_component>
      <object_component id="oc-379">
         <name>.debug_types</name>
         <load_address>0x1e0a</load_address>
         <run_address>0x1e0a</run_address>
         <size>0x1d7</size>
         <input_file_ref idref="fl-11"/>
      </object_component>
      <object_component id="oc-298">
         <name>.debug_types</name>
         <load_address>0x1fe1</load_address>
         <run_address>0x1fe1</run_address>
         <size>0x2c4</size>
         <input_file_ref idref="fl-12"/>
      </object_component>
      <object_component id="oc-2e3">
         <name>.debug_types</name>
         <load_address>0x0</load_address>
         <run_address>0x0</run_address>
         <size>0x0</size>
         <input_file_ref idref="fl-13"/>
      </object_component>
      <object_component id="oc-1ee">
         <name>.debug_types</name>
         <load_address>0x0</load_address>
         <run_address>0x0</run_address>
         <size>0x0</size>
         <input_file_ref idref="fl-14"/>
      </object_component>
      <object_component id="oc-3c7">
         <name>.debug_types</name>
         <load_address>0x22a5</load_address>
         <run_address>0x22a5</run_address>
         <size>0xe3</size>
         <input_file_ref idref="fl-15"/>
      </object_component>
      <object_component id="oc-317">
         <name>.debug_types</name>
         <load_address>0x2388</load_address>
         <run_address>0x2388</run_address>
         <size>0x254</size>
         <input_file_ref idref="fl-16"/>
      </object_component>
      <object_component id="oc-16a">
         <name>.debug_types</name>
         <load_address>0x25dc</load_address>
         <run_address>0x25dc</run_address>
         <size>0x2c2</size>
         <input_file_ref idref="fl-22"/>
      </object_component>
      <object_component id="oc-ff">
         <name>.debug_types</name>
         <load_address>0x289e</load_address>
         <run_address>0x289e</run_address>
         <size>0x89</size>
         <input_file_ref idref="fl-26"/>
      </object_component>
      <object_component id="oc-401">
         <name>.debug_types</name>
         <load_address>0x0</load_address>
         <run_address>0x0</run_address>
         <size>0x0</size>
         <input_file_ref idref="fl-27"/>
      </object_component>
      <object_component id="oc-4b9">
         <name>.debug_types</name>
         <load_address>0x2927</load_address>
         <run_address>0x2927</run_address>
         <size>0x441</size>
         <input_file_ref idref="fl-28"/>
      </object_component>
      <object_component id="oc-104">
         <name>.debug_types</name>
         <load_address>0x2d68</load_address>
         <run_address>0x2d68</run_address>
         <size>0x194</size>
         <input_file_ref idref="fl-29"/>
      </object_component>
      <object_component id="oc-52">
         <name>.debug_types</name>
         <load_address>0x0</load_address>
         <run_address>0x0</run_address>
         <size>0x0</size>
         <input_file_ref idref="fl-2a"/>
      </object_component>
      <object_component id="oc-4a">
         <name>.debug_types</name>
         <load_address>0x2efc</load_address>
         <run_address>0x2efc</run_address>
         <size>0x191</size>
         <input_file_ref idref="fl-2b"/>
      </object_component>
      <object_component id="oc-43b">
         <name>.debug_types</name>
         <load_address>0x308d</load_address>
         <run_address>0x308d</run_address>
         <size>0x90</size>
         <input_file_ref idref="fl-2c"/>
      </object_component>
      <object_component id="oc-4d4">
         <name>.debug_types</name>
         <load_address>0x311d</load_address>
         <run_address>0x311d</run_address>
         <size>0x2f</size>
         <input_file_ref idref="fl-2d"/>
      </object_component>
      <object_component id="oc-433">
         <name>.debug_types</name>
         <load_address>0x314c</load_address>
         <run_address>0x314c</run_address>
         <size>0xb6</size>
         <input_file_ref idref="fl-2e"/>
      </object_component>
      <object_component id="oc-2ac">
         <name>.debug_types</name>
         <load_address>0x0</load_address>
         <run_address>0x0</run_address>
         <size>0x0</size>
         <input_file_ref idref="fl-2f"/>
      </object_component>
      <object_component id="oc-457">
         <name>.debug_types</name>
         <load_address>0x3202</load_address>
         <run_address>0x3202</run_address>
         <size>0x987</size>
         <input_file_ref idref="fl-30"/>
      </object_component>
      <object_component id="oc-567">
         <name>.debug_types</name>
         <load_address>0x0</load_address>
         <run_address>0x0</run_address>
         <size>0x0</size>
         <input_file_ref idref="fl-3d"/>
      </object_component>
      <object_component id="oc-594">
         <name>.debug_types</name>
         <load_address>0x3b89</load_address>
         <run_address>0x3b89</run_address>
         <size>0x61</size>
         <input_file_ref idref="fl-3e"/>
      </object_component>
      <object_component id="oc-4e5">
         <name>.debug_types</name>
         <load_address>0x3bea</load_address>
         <run_address>0x3bea</run_address>
         <size>0x34</size>
         <input_file_ref idref="fl-3f"/>
      </object_component>
      <object_component id="oc-57f">
         <name>.debug_types</name>
         <load_address>0x0</load_address>
         <run_address>0x0</run_address>
         <size>0x0</size>
         <input_file_ref idref="fl-40"/>
      </object_component>
      <object_component id="oc-4dd">
         <name>.debug_types</name>
         <load_address>0x0</load_address>
         <run_address>0x0</run_address>
         <size>0x0</size>
         <input_file_ref idref="fl-41"/>
      </object_component>
      <object_component id="oc-5af">
         <name>.debug_types</name>
         <load_address>0x0</load_address>
         <run_address>0x0</run_address>
         <size>0x0</size>
         <input_file_ref idref="fl-42"/>
      </object_component>
      <object_component id="oc-4db">
         <name>.debug_types</name>
         <load_address>0x3c1e</load_address>
         <run_address>0x3c1e</run_address>
         <size>0x34</size>
         <input_file_ref idref="fl-43"/>
      </object_component>
      <object_component id="oc-4d9">
         <name>.debug_types</name>
         <load_address>0x0</load_address>
         <run_address>0x0</run_address>
         <size>0x0</size>
         <input_file_ref idref="fl-44"/>
      </object_component>
      <object_component id="oc-4ed">
         <name>.debug_types</name>
         <load_address>0x0</load_address>
         <run_address>0x0</run_address>
         <size>0x0</size>
         <input_file_ref idref="fl-45"/>
      </object_component>
      <object_component id="oc-5a1">
         <name>.debug_types</name>
         <load_address>0x3c52</load_address>
         <run_address>0x3c52</run_address>
         <size>0x9b</size>
         <input_file_ref idref="fl-46"/>
      </object_component>
      <object_component id="oc-5ac">
         <name>.debug_types</name>
         <load_address>0x0</load_address>
         <run_address>0x0</run_address>
         <size>0x0</size>
         <input_file_ref idref="fl-47"/>
      </object_component>
      <object_component id="oc-5dc">
         <name>.debug_types</name>
         <load_address>0x0</load_address>
         <run_address>0x0</run_address>
         <size>0x0</size>
         <input_file_ref idref="fl-48"/>
      </object_component>
      <object_component id="oc-4ea">
         <name>.debug_types</name>
         <load_address>0x3ced</load_address>
         <run_address>0x3ced</run_address>
         <size>0x160</size>
         <input_file_ref idref="fl-49"/>
      </object_component>
      <object_component id="oc-2c4">
         <name>.debug_info</name>
         <load_address>0x0</load_address>
         <run_address>0x0</run_address>
         <size>0x176</size>
         <input_file_ref idref="fl-2"/>
      </object_component>
      <object_component id="oc-271">
         <name>.debug_info</name>
         <load_address>0x176</load_address>
         <run_address>0x176</run_address>
         <size>0x194</size>
         <input_file_ref idref="fl-2"/>
      </object_component>
      <object_component id="oc-24d">
         <name>.debug_info</name>
         <load_address>0x30a</load_address>
         <run_address>0x30a</run_address>
         <size>0x196</size>
         <input_file_ref idref="fl-2"/>
      </object_component>
      <object_component id="oc-26b">
         <name>.debug_info</name>
         <load_address>0x4a0</load_address>
         <run_address>0x4a0</run_address>
         <size>0x192</size>
         <input_file_ref idref="fl-2"/>
      </object_component>
      <object_component id="oc-134">
         <name>.debug_info</name>
         <load_address>0x632</load_address>
         <run_address>0x632</run_address>
         <size>0x1d8</size>
         <input_file_ref idref="fl-2"/>
      </object_component>
      <object_component id="oc-2cf">
         <name>.debug_info</name>
         <load_address>0x80a</load_address>
         <run_address>0x80a</run_address>
         <size>0x196</size>
         <input_file_ref idref="fl-2"/>
      </object_component>
      <object_component id="oc-2d5">
         <name>.debug_info</name>
         <load_address>0x9a0</load_address>
         <run_address>0x9a0</run_address>
         <size>0x1bb</size>
         <input_file_ref idref="fl-2"/>
      </object_component>
      <object_component id="oc-128">
         <name>.debug_info</name>
         <load_address>0xb5b</load_address>
         <run_address>0xb5b</run_address>
         <size>0x1b3</size>
         <input_file_ref idref="fl-2"/>
      </object_component>
      <object_component id="oc-25f">
         <name>.debug_info</name>
         <load_address>0xd0e</load_address>
         <run_address>0xd0e</run_address>
         <size>0x1b3</size>
         <input_file_ref idref="fl-2"/>
      </object_component>
      <object_component id="oc-13a">
         <name>.debug_info</name>
         <load_address>0xec1</load_address>
         <run_address>0xec1</run_address>
         <size>0x1a0</size>
         <input_file_ref idref="fl-2"/>
      </object_component>
      <object_component id="oc-152">
         <name>.debug_info</name>
         <load_address>0x1061</load_address>
         <run_address>0x1061</run_address>
         <size>0x19e</size>
         <input_file_ref idref="fl-2"/>
      </object_component>
      <object_component id="oc-15a">
         <name>.debug_info</name>
         <load_address>0x11ff</load_address>
         <run_address>0x11ff</run_address>
         <size>0x18c</size>
         <input_file_ref idref="fl-2"/>
      </object_component>
      <object_component id="oc-160">
         <name>.debug_info</name>
         <load_address>0x138b</load_address>
         <run_address>0x138b</run_address>
         <size>0x192</size>
         <input_file_ref idref="fl-2"/>
      </object_component>
      <object_component id="oc-14c">
         <name>.debug_info</name>
         <load_address>0x151d</load_address>
         <run_address>0x151d</run_address>
         <size>0x1ab</size>
         <input_file_ref idref="fl-2"/>
      </object_component>
      <object_component id="oc-12e">
         <name>.debug_info</name>
         <load_address>0x16c8</load_address>
         <run_address>0x16c8</run_address>
         <size>0x1b7</size>
         <input_file_ref idref="fl-2"/>
[...]
         <value>0x8000</value>
      </symbol>
      <symbol id="sm-5">
         <name>RamfuncsRunSize</name>
         <value>0x128</value>
      </symbol>
      <symbol id="sm-6">
         <name>RamfuncsRunEnd</name>
         <value>0x8128</value>
      </symbol>
      <symbol id="sm-7">
         <name>__TI_CINIT_Base</name>
         <value>0x84658</value>
      </symbol>
      <symbol id="sm-8">
         <name>__TI_CINIT_Limit</name>
         <value>0x84660</value>
      </symbol>
      <symbol id="sm-9">
         <name>__TI_CINIT_Warm</name>
         <value>0x84660</value>
      </symbol>
      <symbol id="sm-a">
         <name>__TI_Handler_Table_Base</name>
         <value>0x8464c</value>
      </symbol>
      <symbol id="sm-b">
         <name>__TI_Handler_Table_Limit</name>
         <value>0x84652</value>
      </symbol>
      <symbol id="sm-c">
         <name>__TI_STACK_SIZE</name>
         <value>0x100</value>
      </symbol>
      <symbol id="sm-d">
         <name>__TI_STACK_END</name>
         <value>0x500</value>
      </symbol>
      <symbol id="sm-e">
         <name>__TI_pprof_out_hndl</name>
         <value>0xffffffff</value>
      </symbol>
      <symbol id="sm-f">
         <name>__TI_prof_data_start</name>
         <value>0xffffffff</value>
      </symbol>
      <symbol id="sm-10">
         <name>__TI_prof_data_size</name>
         <value>0xffffffff</value>
      </symbol>
      <symbol id="sm-104">
         <name>i2c_master_rx</name>
         <value>0x83979</value>
         <object_component_ref idref="oc-7e"/>
      </symbol>
      <symbol id="sm-105">
         <name>i2c_master_tx</name>
         <value>0x83ac9</value>
         <object_component_ref idref="oc-78"/>
      </symbol>
      <symbol id="sm-106">
         <name>i2c_init</name>
         <value>0x8368b</value>
         <object_component_ref idref="oc-cc"/>
      </symbol>
      <symbol id="sm-18a">
         <name>uart_tx_str</name>
         <value>0x844b9</value>
         <object_component_ref idref="oc-8e"/>
      </symbol>
      <symbol id="sm-18b">
         <name>uart_init</name>
         <value>0x83742</value>
         <object_component_ref idref="oc-c6"/>
      </symbol>
      <symbol id="sm-18c">
         <name>uart_tx_char</name>
         <value>0x84528</value>
         <object_component_ref idref="oc-16b"/>
      </symbol>
      <symbol id="sm-1f8">
         <name>timer_init</name>
         <value>0x83552</value>
         <object_component_ref idref="oc-d2"/>
      </symbol>
      <symbol id="sm-1f9">
         <name>timer_set_freq</name>
         <value>0x839c1</value>
         <object_component_ref idref="oc-9a"/>
      </symbol>
      <symbol id="sm-285">
         <name>disp_buff</name>
         <value>0xa800</value>
         <object_component_ref idref="oc-85"/>
      </symbol>
      <symbol id="sm-286">
         <name>lidar_sample_timer</name>
         <value>0xa83a</value>
         <object_component_ref idref="oc-65"/>
      </symbol>
      <symbol id="sm-287">
         <name>main</name>
         <value>0x837ed</value>
         <object_component_ref idref="oc-40"/>
      </symbol>
      <symbol id="sm-288">
         <name>lidar_sampler_ISR</name>
         <value>0x83177</value>
         <object_component_ref idref="oc-3c"/>
      </symbol>
      <symbol id="sm-289">
         <name>lidar_cmd_distance</name>
         <value>0x9070e</value>
         <object_component_ref idref="oc-75"/>
      </symbol>
      <symbol id="sm-28a">
         <name>lidar_frame_rate_cmd</name>
         <value>0x90708</value>
         <object_component_ref idref="oc-f0"/>
      </symbol>
      <symbol id="sm-28b">
         <name>rx_distance_2</name>
         <value>0xa831</value>
         <object_component_ref idref="oc-6c"/>
      </symbol>
      <symbol id="sm-28c">
         <name>rx_distance_1</name>
         <value>0xa828</value>
         <object_component_ref idref="oc-69"/>
      </symbol>
      <symbol id="sm-29b">
         <name>code_start</name>
         <value>0x80000</value>
         <object_component_ref idref="oc-31"/>
      </symbol>
      <symbol id="sm-30d">
         <name>Device_enableAllPeripherals</name>
         <value>0x82fe3</value>
         <object_component_ref idref="oc-1cf"/>
      </symbol>
      <symbol id="sm-30e">
         <name>Device_initGPIO</name>
         <value>0x83e64</value>
         <object_component_ref idref="oc-ae"/>
      </symbol>
      <symbol id="sm-30f">
         <name>Example_Fail</name>
         <value>0xa844</value>
         <object_component_ref idref="oc-1d5"/>
      </symbol>
      <symbol id="sm-310">
         <name>Device_init</name>
         <value>0x8379a</value>
         <object_component_ref idref="oc-a8"/>
      </symbol>
      <symbol id="sm-311">
         <name>Example_Result</name>
         <value>0xa840</value>
         <object_component_ref idref="oc-1d5"/>
      </symbol>
      <symbol id="sm-312">
         <name>Device_enableUnbondedGPIOPullups</name>
         <value>0x84266</value>
         <object_component_ref idref="oc-1e0"/>
      </symbol>
      <symbol id="sm-313">
         <name>__error__</name>
         <value>0x84620</value>
         <object_component_ref idref="oc-11e"/>
      </symbol>
      <symbol id="sm-314">
         <name>Device_configureTMXAnalogTrim</name>
         <value>0x83c13</value>
         <object_component_ref idref="oc-1b6"/>
      </symbol>
      <symbol id="sm-315">
         <name>Device_enableUnbondedGPIOPullupsFor176Pin</name>
         <value>0x84346</value>
         <object_component_ref idref="oc-3aa"/>
      </symbol>
      <symbol id="sm-316">
         <name>Example_PassCount</name>
         <value>0xa842</value>
         <object_component_ref idref="oc-1d5"/>
      </symbol>
      <symbol id="sm-317">
         <name>Device_enableUnbondedGPIOPullupsFor100Pin</name>
         <value>0x83f60</value>
         <object_component_ref idref="oc-3a4"/>
      </symbol>
      <symbol id="sm-331">
         <name>CPUTimer_setEmulationMode</name>
         <value>0x84333</value>
         <object_component_ref idref="oc-283"/>
      </symbol>
      <symbol id="sm-3ab">
         <name>Flash_initModule</name>
         <value>0x8000</value>
         <object_component_ref idref="oc-1aa"/>
      </symbol>
      <symbol id="sm-3ed">
         <name>GPIO_setQualificationMode</name>
         <value>0x83b73</value>
         <object_component_ref idref="oc-203"/>
      </symbol>
      <symbol id="sm-3ee">
         <name>GPIO_setPadConfig</name>
         <value>0x83840</value>
         <object_component_ref idref="oc-d8"/>
      </symbol>
      <symbol id="sm-3ef">
         <name>GPIO_setDirectionMode</name>
         <value>0x83c44</value>
         <object_component_ref idref="oc-ea"/>
      </symbol>
      <symbol id="sm-3f0">
         <name>GPIO_setPinConfig</name>
         <value>0x83b3c</value>
         <object_component_ref idref="oc-e4"/>
      </symbol>
      <symbol id="sm-3f1">
         <name>GPIO_setControllerCore</name>
         <value>0x83b05</value>
         <object_component_ref idref="oc-246"/>
      </symbol>
      <symbol id="sm-41d">
         <name>I2C_getInterruptStatus</name>
         <value>0x83e85</value>
         <object_component_ref idref="oc-145"/>
      </symbol>
      <symbol id="sm-41e">
         <name>I2C_initController</name>
         <value>0x83627</value>
         <object_component_ref idref="oc-252"/>
      </symbol>
      <symbol id="sm-49a">
         <name>Interrupt_disable</name>
         <value>0x838e3</value>
         <object_component_ref idref="oc-17a"/>
      </symbol>
      <symbol id="sm-49b">
         <name>Interrupt_initModule</name>
         <value>0x83a8c</value>
         <object_component_ref idref="oc-b4"/>
      </symbol>
      <symbol id="sm-49c">
         <name>Interrupt_enable</name>
         <value>0x83baa</value>
         <object_component_ref idref="oc-198"/>
      </symbol>
      <symbol id="sm-49d">
         <name>Interrupt_initVectorTable</name>
         <value>0x83f24</value>
         <object_component_ref idref="oc-ba"/>
      </symbol>
      <symbol id="sm-4e1">
         <name>SCI_clearInterruptStatus</name>
         <value>0x83a09</value>
         <object_component_ref idref="oc-209"/>
      </symbol>
      <symbol id="sm-4e2">
         <name>SCI_setConfig</name>
         <value>0x83a4e</value>
         <object_component_ref idref="oc-227"/>
      </symbol>
      <symbol id="sm-5bb">
         <name>SysCtl_delay</name>
         <value>0x8124</value>
         <object_component_ref idref="oc-f3"/>
      </symbol>
      <symbol id="sm-5bc">
         <name>SysCtl_getDeviceParametric</name>
         <value>0x835bf</value>
         <object_component_ref idref="oc-1b0"/>
      </symbol>
      <symbol id="sm-5bd">
         <name>SysCtl_selectXTAL</name>
         <value>0x8333e</value>
         <object_component_ref idref="oc-498"/>
      </symbol>
      <symbol id="sm-5be">
         <name>SysCtl_selectOscSource</name>
         <value>0x83931</value>
         <object_component_ref idref="oc-389"/>
      </symbol>
      <symbol id="sm-5bf">
         <name>SysCtl_getLowSpeedClock</name>
         <value>0x840d3</value>
         <object_component_ref idref="oc-1c9"/>
      </symbol>
      <symbol id="sm-5c0">
         <name>SysCtl_setClock</name>
         <value>0x82cd6</value>
         <object_component_ref idref="oc-1bc"/>
      </symbol>
      <symbol id="sm-5c1">
         <name>SysCtl_getClock</name>
         <value>0x83892</value>
         <object_component_ref idref="oc-174"/>
      </symbol>
      <symbol id="sm-5d0">
         <name>sprintf</name>
         <value>0x83be1</value>
         <object_component_ref idref="oc-88"/>
      </symbol>
      <symbol id="sm-5da">
         <name>_c_int00</name>
         <value>0x8424f</value>
         <object_component_ref idref="oc-10c"/>
      </symbol>
      <symbol id="sm-5db">
         <name>__stack</name>
         <value>0x400</value>
         <object_component_ref idref="oc-48"/>
      </symbol>
      <symbol id="sm-5e8">
         <name>__c28xabi_divf</name>
         <value>0x833c8</value>
         <object_component_ref idref="oc-395"/>
      </symbol>
      <symbol id="sm-5f2">
         <name>__c28xabi_cmpll</name>
         <value>0x83f42</value>
         <object_component_ref idref="oc-45e"/>
      </symbol>
      <symbol id="sm-5f3">
         <name>__c28xabi_cmpull</name>
         <value>0x83f54</value>
         <object_component_ref idref="oc-45e"/>
      </symbol>
      <symbol id="sm-605">
         <name>memcpy</name>
         <value>0x83fb7</value>
         <object_component_ref idref="oc-4b"/>
      </symbol>
      <symbol id="sm-612">
         <name>_system_pre_init</name>
         <value>0x8463d</value>
         <object_component_ref idref="oc-2ad"/>
      </symbol>
      <symbol id="sm-621">
         <name>__TI_auto_init_nobinit_nopinit</name>
         <value>0x83d04</value>
         <object_component_ref idref="oc-402"/>
      </symbol>
      <symbol id="sm-630">
         <name>__TI_zero_init_nomemset</name>
         <value>0x845a3</value>
         <object_component_ref idref="oc-53"/>
      </symbol>
      <symbol id="sm-63d">
         <name>__TI_decompress_none</name>
         <value>0x84609</value>
         <object_component_ref idref="oc-2a"/>
      </symbol>
      <symbol id="sm-651">
         <name>__TI_decompress_lzss</name>
         <value>0x83cd6</value>
         <object_component_ref idref="oc-24"/>
      </symbol>
      <symbol id="sm-667">
         <name>C$$EXIT</name>
         <value>0x83d83</value>
         <object_component_ref idref="oc-2ba"/>
      </symbol>
      <symbol id="sm-668">
         <name>abort</name>
         <value>0x83d83</value>
         <object_component_ref idref="oc-2ba"/>
      </symbol>
      <symbol id="sm-669">
         <name>exit</name>
         <value>0x83d85</value>
         <object_component_ref idref="oc-2ba"/>
      </symbol>
      <symbol id="sm-66a">
         <name>__TI_dtors_ptr</name>
         <value>0xa84a</value>
         <object_component_ref idref="oc-434"/>
      </symbol>
      <symbol id="sm-66b">
         <name>__TI_cleanup_ptr</name>
         <value>0xa848</value>
         <object_component_ref idref="oc-434"/>
      </symbol>
      <symbol id="sm-66c">
         <name>__TI_enable_exit_profile_output</name>
         <value>0xa846</value>
         <object_component_ref idref="oc-434"/>
      </symbol>
      <symbol id="sm-683">
         <name>_nop</name>
         <value>0x845ef</value>
         <object_component_ref idref="oc-4cc"/>
      </symbol>
      <symbol id="sm-684">
         <name>_lock</name>
         <value>0xa84c</value>
         <object_component_ref idref="oc-437"/>
      </symbol>
      <symbol id="sm-685">
         <name>_unlock</name>
         <value>0xa84e</value>
         <object_component_ref idref="oc-56d"/>
      </symbol>
      <symbol id="sm-686">
         <name>_register_lock</name>
         <value>0x845eb</value>
         <object_component_ref idref="oc-4cc"/>
      </symbol>
      <symbol id="sm-687">
         <name>_register_unlock</name>
         <value>0x845e7</value>
         <object_component_ref idref="oc-4cc"/>
      </symbol>
      <symbol id="sm-696">
         <name>_args_main</name>
         <value>0x845b0</value>
         <object_component_ref idref="oc-2b4"/>
      </symbol>
      <symbol id="sm-6a5">
         <name>memset</name>
         <value>0x84627</value>
         <object_component_ref idref="oc-105"/>
      </symbol>
      <symbol id="sm-80d">
         <name>__TI_printfi</name>
         <value>0x82b51</value>
         <object_component_ref idref="oc-2f7"/>
      </symbol>
      <symbol id="sm-819">
         <name>__c28xabi_cmpd</name>
         <value>0x83d2f</value>
         <object_component_ref idref="oc-4ef"/>
      </symbol>
      <symbol id="sm-827">
         <name>__c28xabi_mpyd</name>
         <value>0x83450</value>
         <object_component_ref idref="oc-4fe"/>
      </symbol>
      <symbol id="sm-830">
         <name>__c28xabi_negd</name>
         <value>0x845f0</value>
         <object_component_ref idref="oc-4f4"/>
      </symbol>
      <symbol id="sm-838">
         <name>__c28xabi_subd</name>
         <value>0x84561</value>
         <object_component_ref idref="oc-513"/>
      </symbol>
      <symbol id="sm-843">
         <name>__c28xabi_dtoi</name>
         <value>0x83ea6</value>
         <object_component_ref idref="oc-518"/>
      </symbol>
      <symbol id="sm-84e">
         <name>__c28xabi_dtol</name>
         <value>0x83f05</value>
         <object_component_ref idref="oc-503"/>
      </symbol>
      <symbol id="sm-856">
         <name>__c28xabi_orll</name>
         <value>0x841b5</value>
         <object_component_ref idref="oc-468"/>
      </symbol>
      <symbol id="sm-857">
         <name>__c28xabi_xorll</name>
         <value>0x841bd</value>
         <object_component_ref idref="oc-468"/>
      </symbol>
      <symbol id="sm-858">
         <name>__c28xabi_andll</name>
         <value>0x841ad</value>
         <object_component_ref idref="oc-468"/>
      </symbol>
      <symbol id="sm-87f">
         <name>__c28xabi_modull</name>
         <value>0x82f81</value>
         <object_component_ref idref="oc-463"/>
      </symbol>
      <symbol id="sm-880">
         <name>__c28xabi_divull</name>
         <value>0x82f52</value>
         <object_component_ref idref="oc-463"/>
      </symbol>
      <symbol id="sm-881">
         <name>__c28xabi_divll</name>
         <value>0x82edc</value>
         <object_component_ref idref="oc-463"/>
      </symbol>
      <symbol id="sm-882">
         <name>__c28xabi_modll</name>
         <value>0x82f18</value>
         <object_component_ref idref="oc-463"/>
      </symbol>
      <symbol id="sm-88e">
         <name>__c28xabi_itod</name>
         <value>0x83f9a</value>
         <object_component_ref idref="oc-529"/>
      </symbol>
      <symbol id="sm-89a">
         <name>__c28xabi_ltod</name>
         <value>0x83fd4</value>
         <object_component_ref idref="oc-50e"/>
      </symbol>
      <symbol id="sm-8ad">
         <name>__c28xabi_divd</name>
         <value>0x832b3</value>
         <object_component_ref idref="oc-4f9"/>
      </symbol>
      <symbol id="sm-8bb">
         <name>_system_post_cinit</name>
         <value>0x8463f</value>
         <object_component_ref idref="oc-4b2"/>
      </symbol>
      <symbol id="sm-8ca">
         <name>__TI_ltoa</name>
         <value>0x83ca6</value>
         <object_component_ref idref="oc-508"/>
      </symbol>
      <symbol id="sm-8df">
         <name>atoi</name>
         <value>0x83c75</value>
         <object_component_ref idref="oc-458"/>
      </symbol>
      <symbol id="sm-8ea">
         <name>_ctypes_</name>
         <value>0x90000</value>
         <object_component_ref idref="oc-4e1"/>
      </symbol>
      <symbol id="sm-8fa">
         <name>memccpy</name>
         <value>0x844fa</value>
         <object_component_ref idref="oc-450"/>
      </symbol>
      <symbol id="sm-90a">
         <name>strchr</name>
         <value>0x845bc</value>
         <object_component_ref idref="oc-52e"/>
      </symbol>
      <symbol id="sm-918">
         <name>strcpy</name>
         <value>0x84634</value>
         <object_component_ref idref="oc-44a"/>
      </symbol>
      <symbol id="sm-926">
         <name>strlen</name>
         <value>0x84611</value>
         <object_component_ref idref="oc-444"/>
      </symbol>
      <symbol id="sm-931">
         <name>errno</name>
         <value>0xa851</value>
         <object_component_ref idref="oc-473"/>
      </symbol>
      <symbol id="sm-948">
         <name>frexpl</name>
         <value>0x836e8</value>
         <object_component_ref idref="oc-51d"/>
      </symbol>
      <symbol id="sm-949">
         <name>frexp</name>
         <value>0x836e8</value>
         <object_component_ref idref="oc-51d"/>
      </symbol>
      <symbol id="sm-96b">
         <name>scalbn</name>
         <value>0x830ce</value>
         <object_component_ref idref="oc-523"/>
      </symbol>
      <symbol id="sm-96c">
         <name>scalbnl</name>
         <value>0x830ce</value>
         <object_component_ref idref="oc-523"/>
      </symbol>
      <symbol id="sm-96d">
         <name>ldexpl</name>
         <value>0x830ce</value>
         <object_component_ref idref="oc-523"/>
      </symbol>
      <symbol id="sm-96e">
         <name>ldexp</name>
         <value>0x830ce</value>
         <object_component_ref idref="oc-523"/>
      </symbol>
      <symbol id="sm-97c">
         <name>copysign</name>
         <value>0x83e1f</value>
         <object_component_ref idref="oc-5a5"/>
      </symbol>
      <symbol id="sm-97d">
         <name>copysignl</name>
         <value>0x83e1f</value>
         <object_component_ref idref="oc-5a5"/>
      </symbol>
      <symbol id="sm-98c">
         <name>wcslen</name>
         <value>0x845d3</value>
         <object_component_ref idref="oc-46d"/>
      </symbol>
      <symbol id="sm-9a3">
         <name>__c28xabi_addd</name>
         <value>0x83217</value>
         <object_component_ref idref="oc-596"/>
      </symbol>
      <symbol id="sm-9ab">
         <name>__c28xabi_divul</name>
         <value>0x83d76</value>
         <object_component_ref idref="oc-58e"/>
      </symbol>
      <symbol id="sm-9ac">
         <name>__c28xabi_modul</name>
         <value>0x83d7d</value>
         <object_component_ref idref="oc-58e"/>
      </symbol>
      <symbol id="sm-9ad">
         <name>__c28xabi_modl</name>
         <value>0x83d68</value>
         <object_component_ref idref="oc-58e"/>
      </symbol>
      <symbol id="sm-9ae">
         <name>__c28xabi_divl</name>
         <value>0x83d59</value>
         <object_component_ref idref="oc-58e"/>
      </symbol>
      <symbol id="sm-9b0">
         <name>__c_args__</name>
         <value>0x0</value>
      </symbol>
   </symbol_table>
   <title>Link successful</title>
</link_info>
