******************************************************************************
             TMS320C2000 Linker PC v20.2.5                     
******************************************************************************
>> Linked Tue Sep 19 17:02:01 2023

OUTPUT FILE NAME:   <empty_driverlib_project.out>
ENTRY POINT SYMBOL: "code_start"  address: 00080000


MEMORY CONFIGURATION

         name            origin    length      used     unused   attr    fill
----------------------  --------  ---------  --------  --------  ----  --------
PAGE 0:
  RAMM0                 00000123   000002dd  00000000  000002dd  RWIX
  RAMLS0                00008000   00000800  00000135  000006cb  RWIX
  RAMLS1                00008800   00000800  00000000  00000800  RWIX
  RAMLS2                00009000   00000800  00000000  00000800  RWIX
  RAMLS3                00009800   00000800  00000000  00000800  RWIX
  RAMLS4                0000a000   00000800  00000000  00000800  RWIX
  RAMD0                 0000b000   00000800  00000000  00000800  RWIX
  RAMGS14               0001a000   00001000  00000000  00001000  RWIX
  RAMGS15               0001b000   00000ff8  00000000  00000ff8  RWIX
  BEGIN                 00080000   00000002  00000002  00000000  RWIX
  FLASHA                00080002   00001ffe  00000000  00001ffe  RWIX
  FLASHB                00082000   00002000  00002000  00000000  RWIX
  FLASHC                00084000   00002000  000008d3  0000172d  RWIX
  FLASHD                00086000   00002000  00000135  00001ecb  RWIX
  FLASHE                00088000   00008000  00000000  00008000  RWIX
  FLASHF                00090000   00008000  00000823  000077dd  RWIX
  FLASHG                00098000   00008000  00000000  00008000  RWIX
  FLASHH                000a0000   00008000  00000000  00008000  RWIX
  FLASHI                000a8000   00008000  00000000  00008000  RWIX
  FLASHJ                000b0000   00008000  00000000  00008000  RWIX
  FLASHK                000b8000   00002000  00000000  00002000  RWIX
  FLASHL                000ba000   00002000  00000000  00002000  RWIX
  FLASHM                000bc000   00002000  00000000  00002000  RWIX
  FLASHN                000be000   00001ff0  00000000  00001ff0  RWIX
  RESET                 003fffc0   00000002  00000000  00000002  RWIX

PAGE 1:
  BOOT_RSVD             00000002   00000121  00000000  00000121  RWIX
  RAMM1                 00000400   000003f8  00000100  000002f8  RWIX
  RAMLS5                0000a800   00000800  00000052  000007ae  RWIX
  RAMD1                 0000b800   00000800  00000000  00000800  RWIX
  RAMGS0                0000c000   00001000  00000000  00001000  RWIX
  RAMGS1                0000d000   00001000  00000000  00001000  RWIX
  RAMGS2                0000e000   00001000  00000000  00001000  RWIX
  RAMGS3                0000f000   00001000  00000000  00001000  RWIX
  RAMGS4                00010000   00001000  00000000  00001000  RWIX
  RAMGS5                00011000   00001000  00000000  00001000  RWIX
  RAMGS6                00012000   00001000  00000000  00001000  RWIX
  RAMGS7                00013000   00001000  00000000  00001000  RWIX
  RAMGS8                00014000   00001000  00000000  00001000  RWIX
  RAMGS9                00015000   00001000  00000000  00001000  RWIX
  RAMGS10               00016000   00001000  00000000  00001000  RWIX
  RAMGS11               00017000   00001000  00000000  00001000  RWIX
  RAMGS12               00018000   00001000  00000000  00001000  RWIX
  RAMGS13               00019000   00001000  00000000  00001000  RWIX
  CPU2TOCPU1RAM         0003f800   00000400  00000000  00000400  RWIX
  CPU1TOCPU2RAM         0003fc00   00000400  00000000  00000400  RWIX


SECTION ALLOCATION MAP

 output                                  attributes/
section   page    origin      length       input sections
--------  ----  ----------  ----------   ----------------
codestart 
*          0    00080000    00000002     
                  00080000    00000002     F2837xD_CodeStartBranch.obj (codestart)

.cinit     0    000848b8    00000020     
                  000848b8    0000000b     (.cinit..data.load) [load image, compression = lzss]
                  000848c3    00000001     --HOLE-- [fill = 0]
                  000848c4    00000006     (__TI_handler_table)
                  000848ca    00000004     (.cinit..bss.load) [load image, compression = zero_init]
                  000848ce    00000002     --HOLE-- [fill = 0]
                  000848d0    00000008     (__TI_cinit_table)

.stack     1    00000400    00000100     UNINITIALIZED
                  00000400    00000100     --HOLE--

.reset     0    003fffc0    00000000     DSECT

.init_array 
*          0    00082000    00000000     UNINITIALIZED

.bss       1    0000a800    00000040     UNINITIALIZED
                  0000a800    00000028     empty_driverlib_main.obj (.bss:disp_buff)
                  0000a828    00000009     empty_driverlib_main.obj (.bss:rx_distance_1)
                  0000a831    00000009     empty_driverlib_main.obj (.bss:rx_distance_2)
                  0000a83a    00000006     empty_driverlib_main.obj (.bss)

.data      1    0000a840    00000012     UNINITIALIZED
                  0000a840    00000006     device.obj (.data)
                  0000a846    00000006     rts2800_fpu32_eabi.lib : exit.c.obj (.data)
                  0000a84c    00000002                            : _lock.c.obj (.data:_lock)
                  0000a84e    00000002                            : _lock.c.obj (.data:_unlock)
                  0000a850    00000001     empty_driverlib_main.obj (.data)
                  0000a851    00000001     rts2800_fpu32_eabi.lib : errno.c.obj (.data)

.const     0    00090000    00000823     
                  00090000    00000101     rts2800_fpu32_eabi.lib : ctype.c.obj (.const:.string:_ctypes_)
                  00090101    00000001     --HOLE-- [fill = 0]
                  00090102    000000f5     driverlib_eabi.lib : sysctl.obj (.const:.string)
                  000901f7    00000001     --HOLE-- [fill = 0]
                  000901f8    000000f0                        : flash.obj (.const:.string)
                  000902e8    000000ef                        : gpio.obj (.const:.string)
                  000903d7    00000001     --HOLE-- [fill = 0]
                  000903d8    000000ec                        : sci.obj (.const:.string)
                  000904c4    0000009c     empty_driverlib_main.obj (.const:.string)
                  00090560    0000007c     driverlib_eabi.lib : interrupt.obj (.const:.string)
                  000905dc    0000007b                        : cputimer.obj (.const:.string)
                  00090657    00000001     --HOLE-- [fill = 0]
                  00090658    00000076                        : i2c.obj (.const:.string)
                  000906ce    00000048     28739D_timer.obj (.const:.string)
                  00090716    00000043     28379D_i2c.obj (.const:.string)
                  00090759    00000001     --HOLE-- [fill = 0]
                  0009075a    00000043     28379D_uart.obj (.const:.string)
                  0009079d    00000001     --HOLE-- [fill = 0]
                  0009079e    00000026     rts2800_fpu32_eabi.lib : _printfi.c.obj (.const:.string)
                  000907c4    0000001c                            : _printfi.c.obj (.const)
                  000907e0    0000001c                            : s_scalbn.c.obj (.const)
                  000907fc    00000013     device.obj (.const:.string)
                  0009080f    00000001     --HOLE-- [fill = 0]
                  00090810    00000008     rts2800_fpu32_eabi.lib : s_frexp.c.obj (.const)
                  00090818    00000006     empty_driverlib_main.obj (.const:lidar_frame_rate_cmd)
                  0009081e    00000005     empty_driverlib_main.obj (.const:lidar_cmd_distance)

.TI.ramfunc 
*          0    00086000    00000135     RUN ADDR = 00008000
                  00086000    00000043     driverlib_eabi.lib : flash.obj (.TI.ramfunc:Flash_initModule)
                  00086043    0000002d                        : flash.obj (.TI.ramfunc:Flash_setBankPowerMode)
                  00086070    00000026                        : flash.obj (.TI.ramfunc:Flash_setWaitstates)
                  00086096    0000001e                        : flash.obj (.TI.ramfunc:Flash_setPumpPowerMode)
                  000860b4    0000001a                        : flash.obj (.TI.ramfunc:Flash_disableCache)
                  000860ce    0000001a                        : flash.obj (.TI.ramfunc:Flash_disablePrefetch)
                  000860e8    00000019                        : flash.obj (.TI.ramfunc:Flash_enableCache)
                  00086101    00000019                        : flash.obj (.TI.ramfunc:Flash_enablePrefetch)
                  0008611a    00000017                        : flash.obj (.TI.ramfunc:Flash_enableECC)
                  00086131    00000004                        : sysctl.obj (.TI.ramfunc)

GETBUFFER 
*          0    0003f800    00000000     DSECT

GETWRITEIDX 
*          0    0003f800    00000000     DSECT

PUTREADIDX 
*          0    0003f800    00000000     DSECT

.text.1    0    00082000    00002000     
                  00082000    00000cf3     rts2800_fpu32_eabi.lib : _printfi.c.obj (.text)
                  00082cf3    00000403     device.obj (.text)
                  000830f6    0000027f     28379D_i2c.obj (.text)
                  00083375    00000215     driverlib_eabi.lib : sysctl.obj (.text:SysCtl_setClock)
                  0008358a    000001b0     28379D_uart.obj (.text)
                  0008373a    0000015d     28739D_timer.obj (.text)
                  00083897    00000107     rts2800_fpu32_eabi.lib : ll_div28.asm.obj (.text)
                  0008399e    000000fa     empty_driverlib_main.obj (.text)
                  00083a98    000000ae     rts2800_fpu32_eabi.lib : s_scalbn.c.obj (.text)
                  00083b46    000000a0     empty_driverlib_main.obj (.text:retain)
                  00083be6    0000009c     rts2800_fpu32_eabi.lib : fd_add28.asm.obj (.text)
                  00083c82    0000008b                            : fd_div28.asm.obj (.text)
                  00083d0d    00000088                            : fs_div28.asm.obj (.text)
                  00083d95    00000085     driverlib_eabi.lib : interrupt.obj (.text:Interrupt_clearIFR)
                  00083e1a    00000083     rts2800_fpu32_eabi.lib : fd_mpy28.asm.obj (.text)
                  00083e9d    0000006f     driverlib_eabi.lib : sysctl.obj (.text:SysCtl_selectXTAL)
                  00083f0c    00000068                        : sysctl.obj (.text:SysCtl_getDeviceParametric)
                  00083f74    00000064                        : i2c.obj (.text:I2C_initMaster)
                  00083fd8    00000028                        : flash.obj (.text:Flash_setBankPowerUpDelay)

.text.2    0    00084000    000008b3     
                  00084000    0000005a     rts2800_fpu32_eabi.lib : s_frexp.c.obj (.text)
                  0008405a    00000054     driverlib_eabi.lib : sysctl.obj (.text:SysCtl_selectOscSource)
                  000840ae    00000052                        : gpio.obj (.text:GPIO_setPadConfig)
                  00084100    00000051                        : sysctl.obj (.text:SysCtl_getClock)
                  00084151    0000004b                        : interrupt.obj (.text:Interrupt_disable)
                  0008419c    00000046                        : sci.obj (.text:SCI_clearInterruptStatus)
                  000841e2    0000003e                        : sci.obj (.text:SCI_setConfig)
                  00084220    0000003d                        : interrupt.obj (.text:Interrupt_initModule)
                  0008425d    00000038                        : gpio.obj (.text:GPIO_setMasterCore)
                  00084295    00000038                        : gpio.obj (.text:GPIO_setQualificationMode)
                  000842cd    00000037                        : gpio.obj (.text:GPIO_setPinConfig)
                  00084304    00000034                        : interrupt.obj (.text:Interrupt_enable)
                  00084338    00000032     rts2800_fpu32_eabi.lib : sprintf.c.obj (.text)
                  0008436a    00000031     driverlib_eabi.lib : gpio.obj (.text:GPIO_setDirectionMode)
                  0008439b    00000031     rts2800_fpu32_eabi.lib : copy_decompress_lzss.c.obj (.text:decompress:lzss)
                  000843cc    00000031                            : atoi.c.obj (.text)
                  000843fd    00000030                            : _ltoa.c.obj (.text)
                  0008442d    0000002b                            : autoinit.c.obj (.text:__TI_auto_init_nobinit_nopinit)
                  00084458    0000002a                            : fd_cmp28.asm.obj (.text)
                  00084482    0000002a                            : l_div28.asm.obj (.text)
                  000844ac    00000029                            : exit.c.obj (.text)
                  000844d5    00000025                            : s_copysign.c.obj (.text)
                  000844fa    00000024     driverlib_eabi.lib : sysctl.obj (.text:CPUTimer_selectClockSource)
                  0008451e    00000021                        : i2c.obj (.text:I2C_getInterruptStatus)
                  0008453f    00000021     rts2800_fpu32_eabi.lib : fd_toi28.asm.obj (.text)
                  00084560    00000020     driverlib_eabi.lib : sysctl.obj (.text:CPUTimer_getTimerOverflowStatus)
                  00084580    00000020                        : interrupt.obj (.text:Interrupt_initVectorTable)
                  000845a0    0000001f                        : sci.obj (.text:SCI_isBaseValid)
                  000845bf    0000001f     rts2800_fpu32_eabi.lib : fd_tol28.asm.obj (.text)
                  000845de    0000001e                            : ll_cmp28.asm.obj (.text)
                  000845fc    0000001d                            : i_tofd28.asm.obj (.text)
                  00084619    0000001d                            : memcpy.c.obj (.text)
                  00084636    0000001c                            : l_tofd28.asm.obj (.text)
                  00084652    0000001a     driverlib_eabi.lib : cputimer.obj (.text:CPUTimer_isBaseValid)
                  0008466c    0000001a                        : sysctl.obj (.text:CPUTimer_isBaseValid)
                  00084686    0000001a                        : sysctl.obj (.text:SysCtl_getLowSpeedClock)
                  000846a0    00000019                        : sysctl.obj (.text:CPUTimer_startTimer)
                  000846b9    00000019                        : sci.obj (.text:SCI_disableModule)
                  000846d2    00000019                        : sci.obj (.text:SCI_performSoftwareReset)
                  000846eb    00000019                        : sysctl.obj (.text:SysCtl_pollCpuTimer)
                  00084704    00000018     rts2800_fpu32_eabi.lib : ll_aox28.asm.obj (.text)
                  0008471c    00000017                            : boot28.asm.obj (.text)
                  00084733    00000015     driverlib_eabi.lib : i2c.obj (.text:I2C_isBaseValid)
                  00084748    00000014                        : sci.obj (.text:SCI_enableModule)
                  0008475c    00000013                        : cputimer.obj (.text:CPUTimer_setEmulationMode)
                  0008476f    00000012                        : sysctl.obj (.text:CPUTimer_clearOverflowFlag)
                  00084781    00000012                        : sysctl.obj (.text:CPUTimer_disableInterrupt)
                  00084793    00000012                        : sysctl.obj (.text:CPUTimer_setPeriod)
                  000847a5    00000012                        : sysctl.obj (.text:CPUTimer_stopTimer)
                  000847b7    00000010                        : flash.obj (.text:Flash_isCtrlBaseValid)
                  000847c7    00000010                        : flash.obj (.text:Flash_isECCBaseValid)
                  000847d7    00000010     rts2800_fpu32_eabi.lib : memccpy.c.obj (.text)
                  000847e7    0000000e     driverlib_eabi.lib : gpio.obj (.text:GPIO_isPinValid)
                  000847f5    0000000e                        : interrupt.obj (.text:Interrupt_defaultHandler)
                  00084803    0000000e     rts2800_fpu32_eabi.lib : fd_sub28.asm.obj (.text)
                  00084811    0000000d     driverlib_eabi.lib : interrupt.obj (.text:Interrupt_disableMaster)
                  0008481e    0000000d                        : interrupt.obj (.text:Interrupt_enableMaster)
                  0008482b    0000000d     rts2800_fpu32_eabi.lib : copy_zero_init.c.obj (.text:decompress:ZI:__TI_zero_init_nomemset)
                  00084838    0000000c                            : args_main.c.obj (.text)
                  00084844    0000000c                            : strchr.c.obj (.text)
                  00084850    0000000b     driverlib_eabi.lib : sysctl.obj (.text:SysCtl_isMCDClockFailureDetected)
                  0008485b    0000000b     rts2800_fpu32_eabi.lib : wcslen.c.obj (.text)
                  00084866    00000009     driverlib_eabi.lib : sysctl.obj (.text:SysCtl_serviceWatchdog)
                  0008486f    00000009     rts2800_fpu32_eabi.lib : _lock.c.obj (.text)
                  00084878    00000009                            : fd_neg28.asm.obj (.text)
                  00084881    00000008     F2837xD_CodeStartBranch.obj (.text)
                  00084889    00000008     rts2800_fpu32_eabi.lib : copy_decompress_none.c.obj (.text:decompress:none)
                  00084891    00000008                            : strlen.c.obj (.text)
                  00084899    00000007     driverlib_eabi.lib : sysctl.obj (.text:SysCtl_resetMCD)
                  000848a0    00000007     rts2800_fpu32_eabi.lib : memset.c.obj (.text)
                  000848a7    00000005                            : strcpy.c.obj (.text)
                  000848ac    00000002     driverlib_eabi.lib : interrupt.obj (.text:Interrupt_illegalOperationHandler)
                  000848ae    00000002                        : interrupt.obj (.text:Interrupt_nmiHandler)
                  000848b0    00000002     rts2800_fpu32_eabi.lib : pre_init.c.obj (.text)
                  000848b2    00000001                            : startup.c.obj (.text)

MODULE SUMMARY

       Module                        code    ro data   rw data
       ------                        ----    -------   -------
    .\
       28379D_i2c.obj                639     67        0      
       empty_driverlib_main.obj      410     167       65     
       28379D_uart.obj               432     67        0      
       28739D_timer.obj              349     72        0      
    +--+-----------------------------+-------+---------+---------+
       Total:                        1830    373       65     
                                                              
    .\device\
       device.obj                    1027    19        6      
       F2837xD_CodeStartBranch.obj   10      0         0      
    +--+-----------------------------+-------+---------+---------+
       Total:                        1037    19        6      
                                                              
    C:\ti\c2000\C2000Ware_3_04_00_00\driverlib\f2837xd\driverlib\ccs\Debug\driverlib_eabi.lib
       sysctl.obj                    1190    245       0      
       flash.obj                     682     240       0      
       gpio.obj                      312     239       0      
       interrupt.obj                 397     124       0      
       sci.obj                       233     236       0      
       i2c.obj                       154     118       0      
       cputimer.obj                  45      123       0      
    +--+-----------------------------+-------+---------+---------+
       Total:                        3013    1325      0      
                                                              
    C:\ti\ccs1040\ccs\tools\compiler\ti-cgt-c2000_20.2.5.LTS\lib\rts2800_fpu32_eabi.lib
       _printfi.c.obj                3315    66        0      
       ll_div28.asm.obj              263     0         0      
       ctype.c.obj                   0       257       0      
       s_scalbn.c.obj                174     28        0      
       fd_add28.asm.obj              156     0         0      
       fd_div28.asm.obj              139     0         0      
       fs_div28.asm.obj              136     0         0      
       fd_mpy28.asm.obj              131     0         0      
       s_frexp.c.obj                 90      8         0      
       sprintf.c.obj                 50      0         0      
       atoi.c.obj                    49      0         0      
       copy_decompress_lzss.c.obj    49      0         0      
       _ltoa.c.obj                   48      0         0      
       exit.c.obj                    41      0         6      
       autoinit.c.obj                43      0         0      
       fd_cmp28.asm.obj              42      0         0      
       l_div28.asm.obj               42      0         0      
       s_copysign.c.obj              37      0         0      
       fd_toi28.asm.obj              33      0         0      
       fd_tol28.asm.obj              31      0         0      
       ll_cmp28.asm.obj              30      0         0      
       i_tofd28.asm.obj              29      0         0      
       memcpy.c.obj                  29      0         0      
       l_tofd28.asm.obj              28      0         0      
       ll_aox28.asm.obj              24      0         0      
       boot28.asm.obj                23      0         0      
       memccpy.c.obj                 16      0         0      
       fd_sub28.asm.obj              14      0         0      
       _lock.c.obj                   9       0         4      
       copy_zero_init.c.obj          13      0         0      
       args_main.c.obj               12      0         0      
       strchr.c.obj                  12      0         0      
       wcslen.c.obj                  11      0         0      
       fd_neg28.asm.obj              9       0         0      
       copy_decompress_none.c.obj    8       0         0      
       strlen.c.obj                  8       0         0      
       memset.c.obj                  7       0         0      
       strcpy.c.obj                  5       0         0      
       pre_init.c.obj                2       0         0      
       errno.c.obj                   0       0         1      
       startup.c.obj                 1       0         0      
    +--+-----------------------------+-------+---------+---------+
       Total:                        5159    359       11     
                                                              
       Stack:                        0       0         256    
       Linker Generated:             0       29        0      
    +--+-----------------------------+-------+---------+---------+
       Grand Total:                  11039   2105      338    


LINKER GENERATED COPY TABLES

__TI_cinit_table @ 000848d0 records: 2, size/record: 4, table size: 8
	.data: load addr=000848b8, load size=0000000b bytes, run addr=0000a840, run size=00000012 bytes, compression=lzss
	.bss: load addr=000848ca, load size=00000004 bytes, run addr=0000a800, run size=00000040 bytes, compression=zero_init


LINKER GENERATED HANDLER TABLE

__TI_handler_table @ 000848c4 records: 3, size/record: 2, table size: 6
	index: 0, handler: __TI_zero_init
	index: 1, handler: __TI_decompress_lzss
	index: 2, handler: __TI_decompress_none


GLOBAL DATA SYMBOLS: SORTED BY DATA PAGE

address     data page           name
--------    ----------------    ----
00000400      10 (00000400)     __stack

0000a800     2a0 (0000a800)     disp_buff
0000a828     2a0 (0000a800)     rx_distance_1
0000a831     2a0 (0000a800)     rx_distance_2
0000a83a     2a0 (0000a800)     lidar_sample_timer

0000a840     2a1 (0000a840)     Example_Result
0000a842     2a1 (0000a840)     Example_PassCount
0000a844     2a1 (0000a840)     Example_Fail
0000a846     2a1 (0000a840)     __TI_enable_exit_profile_output
0000a848     2a1 (0000a840)     __TI_cleanup_ptr
0000a84a     2a1 (0000a840)     __TI_dtors_ptr
0000a84c     2a1 (0000a840)     _lock
0000a84e     2a1 (0000a840)     _unlock
0000a851     2a1 (0000a840)     errno

00090000    2400 (00090000)     _ctypes_

00090818    2420 (00090800)     lidar_frame_rate_cmd
0009081e    2420 (00090800)     lidar_cmd_distance


GLOBAL SYMBOLS: SORTED ALPHABETICALLY BY Name 

page  address   name                                     
----  -------   ----                                     
0     000844ac  C$$EXIT                                  
0     0008475c  CPUTimer_setEmulationMode                
0     00082f6a  Device_bootCPU2                          
0     00082f39  Device_configureTMXAnalogTrim            
0     00082ddd  Device_enableAllPeripherals              
0     00082f23  Device_enableUnbondedGPIOPullups         
0     00082f00  Device_enableUnbondedGPIOPullupsFor100Pin
0     00082ee9  Device_enableUnbondedGPIOPullupsFor176Pin
0     00082d8a  Device_init                              
0     00082ec8  Device_initGPIO                          
1     0000a844  Example_Fail                             
1     0000a842  Example_PassCount                        
1     0000a840  Example_Result                           
0     000830f5  Example_done                             
0     000830f0  Example_setResultFail                    
0     000830eb  Example_setResultPass                    
0     00008000  Flash_initModule                         
0     0008436a  GPIO_setDirectionMode                    
0     0008425d  GPIO_setMasterCore                       
0     000840ae  GPIO_setPadConfig                        
0     000842cd  GPIO_setPinConfig                        
0     00084295  GPIO_setQualificationMode                
0     0008451e  I2C_getInterruptStatus                   
0     00083f74  I2C_initMaster                           
0     00084151  Interrupt_disable                        
0     00084304  Interrupt_enable                         
0     00084220  Interrupt_initModule                     
0     00084580  Interrupt_initVectorTable                
0     00086135  RamfuncsLoadEnd                          
abs   00000135  RamfuncsLoadSize                         
0     00086000  RamfuncsLoadStart                        
0     00008135  RamfuncsRunEnd                           
abs   00000135  RamfuncsRunSize                          
0     00008000  RamfuncsRunStart                         
0     0008419c  SCI_clearInterruptStatus                 
0     000841e2  SCI_setConfig                            
0     00008131  SysCtl_delay                             
0     00084100  SysCtl_getClock                          
0     00083f0c  SysCtl_getDeviceParametric               
0     00084686  SysCtl_getLowSpeedClock                  
0     0008405a  SysCtl_selectOscSource                   
0     00083e9d  SysCtl_selectXTAL                        
0     00083375  SysCtl_setClock                          
0     000848d0  __TI_CINIT_Base                          
0     000848d8  __TI_CINIT_Limit                         
0     000848c4  __TI_Handler_Table_Base                  
0     000848ca  __TI_Handler_Table_Limit                 
1     00000500  __TI_STACK_END                           
abs   00000100  __TI_STACK_SIZE                          
0     0008442d  __TI_auto_init_nobinit_nopinit           
1     0000a848  __TI_cleanup_ptr                         
0     0008439b  __TI_decompress_lzss                     
0     00084889  __TI_decompress_none                     
1     0000a84a  __TI_dtors_ptr                           
1     0000a846  __TI_enable_exit_profile_output          
0     000843fd  __TI_ltoa                                
abs   ffffffff  __TI_pprof_out_hndl                      
0     00082b62  __TI_printfi                             
abs   ffffffff  __TI_prof_data_size                      
abs   ffffffff  __TI_prof_data_start                     
0     0008482b  __TI_zero_init_nomemset                  
0     00083be6  __c28xabi_addd                           
0     00084704  __c28xabi_andll                          
0     00084458  __c28xabi_cmpd                           
0     000845de  __c28xabi_cmpll                          
0     000845f0  __c28xabi_cmpull                         
0     00083c82  __c28xabi_divd                           
0     00083d0d  __c28xabi_divf                           
0     00084482  __c28xabi_divl                           
0     00083897  __c28xabi_divll                          
0     0008449f  __c28xabi_divul                          
0     0008390d  __c28xabi_divull                         
0     0008453f  __c28xabi_dtoi                           
0     000845bf  __c28xabi_dtol                           
0     000845fc  __c28xabi_itod                           
0     00084636  __c28xabi_ltod                           
0     00084491  __c28xabi_modl                           
0     000838d3  __c28xabi_modll                          
0     000844a6  __c28xabi_modul                          
0     0008393c  __c28xabi_modull                         
0     00083e1a  __c28xabi_mpyd                           
0     00084878  __c28xabi_negd                           
0     0008470c  __c28xabi_orll                           
0     00084803  __c28xabi_subd                           
0     00084714  __c28xabi_xorll                          
n/a   UNDEFED   __c_args__                               
0     000830e4  __error__                                
1     00000400  __stack                                  
0     00084838  _args_main                               
0     0008471c  _c_int00                                 
0     00090000  _ctypes_                                 
1     0000a84c  _lock                                    
0     00084877  _nop                                     
0     00084873  _register_lock                           
0     0008486f  _register_unlock                         
0     000848b2  _system_post_cinit                       
0     000848b0  _system_pre_init                         
1     0000a84e  _unlock                                  
0     000844ac  abort                                    
0     000843cc  atoi                                     
0     00080000  code_start                               
0     000844d5  copysign                                 
0     000844d5  copysignl                                
1     0000a800  disp_buff                                
1     0000a851  errno                                    
0     000844ae  exit                                     
0     00084000  frexp                                    
0     00084000  frexpl                                   
0     00083267  i2c_init                                 
0     0008330f  i2c_master_rx                            
0     000832cc  i2c_master_tx                            
0     00083a98  ldexp                                    
0     00083a98  ldexpl                                   
0     0009081e  lidar_cmd_distance                       
0     00090818  lidar_frame_rate_cmd                     
1     0000a83a  lidar_sample_timer                       
0     00083b46  lidar_sampler_ISR                        
0     00083a45  main                                     
0     000847d7  memccpy                                  
0     00084619  memcpy                                   
0     000848a0  memset                                   
1     0000a828  rx_distance_1                            
1     0000a831  rx_distance_2                            
0     00083a98  scalbn                                   
0     00083a98  scalbnl                                  
0     00084338  sprintf                                  
0     00084844  strchr                                   
0     000848a7  strcpy                                   
0     00084891  strlen                                   
0     000837dc  timer_init                               
0     0008384c  timer_set_freq                           
0     000836a4  uart_init                                
0     00083728  uart_tx_buff                             
0     00083706  uart_tx_char                             
0     00083717  uart_tx_str                              
0     0008485b  wcslen                                   


GLOBAL SYMBOLS: SORTED BY Symbol Address 

page  address   name                                     
----  -------   ----                                     
0     00008000  Flash_initModule                         
0     00008000  RamfuncsRunStart                         
0     00008131  SysCtl_delay                             
0     00008135  RamfuncsRunEnd                           
0     00080000  code_start                               
0     00082b62  __TI_printfi                             
0     00082d8a  Device_init                              
0     00082ddd  Device_enableAllPeripherals              
0     00082ec8  Device_initGPIO                          
0     00082ee9  Device_enableUnbondedGPIOPullupsFor176Pin
0     00082f00  Device_enableUnbondedGPIOPullupsFor100Pin
0     00082f23  Device_enableUnbondedGPIOPullups         
0     00082f39  Device_configureTMXAnalogTrim            
0     00082f6a  Device_bootCPU2                          
0     000830e4  __error__                                
0     000830eb  Example_setResultPass                    
0     000830f0  Example_setResultFail                    
0     000830f5  Example_done                             
0     00083267  i2c_init                                 
0     000832cc  i2c_master_tx                            
0     0008330f  i2c_master_rx                            
0     00083375  SysCtl_setClock                          
0     000836a4  uart_init                                
0     00083706  uart_tx_char                             
0     00083717  uart_tx_str                              
0     00083728  uart_tx_buff                             
0     000837dc  timer_init                               
0     0008384c  timer_set_freq                           
0     00083897  __c28xabi_divll                          
0     000838d3  __c28xabi_modll                          
0     0008390d  __c28xabi_divull                         
0     0008393c  __c28xabi_modull                         
0     00083a45  main                                     
0     00083a98  ldexp                                    
0     00083a98  ldexpl                                   
0     00083a98  scalbn                                   
0     00083a98  scalbnl                                  
0     00083b46  lidar_sampler_ISR                        
0     00083be6  __c28xabi_addd                           
0     00083c82  __c28xabi_divd                           
0     00083d0d  __c28xabi_divf                           
0     00083e1a  __c28xabi_mpyd                           
0     00083e9d  SysCtl_selectXTAL                        
0     00083f0c  SysCtl_getDeviceParametric               
0     00083f74  I2C_initMaster                           
0     00084000  frexp                                    
0     00084000  frexpl                                   
0     0008405a  SysCtl_selectOscSource                   
0     000840ae  GPIO_setPadConfig                        
0     00084100  SysCtl_getClock                          
0     00084151  Interrupt_disable                        
0     0008419c  SCI_clearInterruptStatus                 
0     000841e2  SCI_setConfig                            
0     00084220  Interrupt_initModule                     
0     0008425d  GPIO_setMasterCore                       
0     00084295  GPIO_setQualificationMode                
0     000842cd  GPIO_setPinConfig                        
0     00084304  Interrupt_enable                         
0     00084338  sprintf                                  
0     0008436a  GPIO_setDirectionMode                    
0     0008439b  __TI_decompress_lzss                     
0     000843cc  atoi                                     
0     000843fd  __TI_ltoa                                
0     0008442d  __TI_auto_init_nobinit_nopinit           
0     00084458  __c28xabi_cmpd                           
0     00084482  __c28xabi_divl                           
0     00084491  __c28xabi_modl                           
0     0008449f  __c28xabi_divul                          
0     000844a6  __c28xabi_modul                          
0     000844ac  C$$EXIT                                  
0     000844ac  abort                                    
0     000844ae  exit                                     
0     000844d5  copysign                                 
0     000844d5  copysignl                                
0     0008451e  I2C_getInterruptStatus                   
0     0008453f  __c28xabi_dtoi                           
0     00084580  Interrupt_initVectorTable                
0     000845bf  __c28xabi_dtol                           
0     000845de  __c28xabi_cmpll                          
0     000845f0  __c28xabi_cmpull                         
0     000845fc  __c28xabi_itod                           
0     00084619  memcpy                                   
0     00084636  __c28xabi_ltod                           
0     00084686  SysCtl_getLowSpeedClock                  
0     00084704  __c28xabi_andll                          
0     0008470c  __c28xabi_orll                           
0     00084714  __c28xabi_xorll                          
0     0008471c  _c_int00                                 
0     0008475c  CPUTimer_setEmulationMode                
0     000847d7  memccpy                                  
0     00084803  __c28xabi_subd                           
0     0008482b  __TI_zero_init_nomemset                  
0     00084838  _args_main                               
0     00084844  strchr                                   
0     0008485b  wcslen                                   
0     0008486f  _register_unlock                         
0     00084873  _register_lock                           
0     00084877  _nop                                     
0     00084878  __c28xabi_negd                           
0     00084889  __TI_decompress_none                     
0     00084891  strlen                                   
0     000848a0  memset                                   
0     000848a7  strcpy                                   
0     000848b0  _system_pre_init                         
0     000848b2  _system_post_cinit                       
0     000848c4  __TI_Handler_Table_Base                  
0     000848ca  __TI_Handler_Table_Limit                 
0     000848d0  __TI_CINIT_Base                          
0     000848d8  __TI_CINIT_Limit                         
0     00086000  RamfuncsLoadStart                        
0     00086135  RamfuncsLoadEnd                          
0     00090000  _ctypes_                                 
0     00090818  lidar_frame_rate_cmd                     
0     0009081e  lidar_cmd_distance                       
1     00000400  __stack                                  
1     00000500  __TI_STACK_END                           
1     0000a800  disp_buff                                
1     0000a828  rx_distance_1                            
1     0000a831  rx_distance_2                            
1     0000a83a  lidar_sample_timer                       
1     0000a840  Example_Result                           
1     0000a842  Example_PassCount                        
1     0000a844  Example_Fail                             
1     0000a846  __TI_enable_exit_profile_output          
1     0000a848  __TI_cleanup_ptr                         
1     0000a84a  __TI_dtors_ptr                           
1     0000a84c  _lock                                    
1     0000a84e  _unlock                                  
1     0000a851  errno                                    
abs   00000100  __TI_STACK_SIZE                          
abs   00000135  RamfuncsLoadSize                         
abs   00000135  RamfuncsRunSize                          
abs   ffffffff  __TI_pprof_out_hndl                      
abs   ffffffff  __TI_prof_data_size                      
abs   ffffffff  __TI_prof_data_start                     
n/a   UNDEFED   __c_args__                               

[136 symbols]
