<?xml version="1.0" encoding="ISO-8859-1" ?>
<link_info>
   <banner>TMS320C2000 Linker PC v20.2.5.LTS</banner>
   <copyright>Copyright (c) 1996-2018 Texas Instruments Incorporated</copyright>
   <link_time>0x656fed02</link_time>
   <link_errors>0x0</link_errors>
   <output_file>lidar_firmware_v2.out</output_file>
   <entry_point>
      <name>_c_int00</name>
      <address>0x8aa80</address>
   </entry_point>
   <input_file_list>
      <input_file id="fl-2">
         <path>.\</path>
         <kind>object</kind>
         <file>F2837xD_GlobalVariableDefs.obj</file>
         <name>F2837xD_GlobalVariableDefs.obj</name>
      </input_file>
      <input_file id="fl-3">
         <path>.\</path>
         <kind>object</kind>
         <file>delay_timer.obj</file>
         <name>delay_timer.obj</name>
      </input_file>
      <input_file id="fl-4">
         <path>.\</path>
         <kind>object</kind>
         <file>main.obj</file>
         <name>main.obj</name>
      </input_file>
      <input_file id="fl-5">
         <path>.\peripherals\external\oled\</path>
         <kind>object</kind>
         <file>SH1122_fonts.obj</file>
         <name>SH1122_fonts.obj</name>
      </input_file>
      <input_file id="fl-6">
         <path>.\peripherals\external\oled\</path>
         <kind>object</kind>
         <file>SH1122_oled.obj</file>
         <name>SH1122_oled.obj</name>
      </input_file>
      <input_file id="fl-7">
         <path>.\peripherals\external\oled\fonts\</path>
         <kind>object</kind>
         <file>SH1122_font_f10x16f.obj</file>
         <name>SH1122_font_f10x16f.obj</name>
      </input_file>
      <input_file id="fl-8">
         <path>.\peripherals\external\oled\fonts\</path>
         <kind>object</kind>
         <file>SH1122_font_f6x8_mono.obj</file>
         <name>SH1122_font_f6x8_mono.obj</name>
      </input_file>
      <input_file id="fl-9">
         <path>.\peripherals\external\</path>
         <kind>object</kind>
         <file>stepper.obj</file>
         <name>stepper.obj</name>
      </input_file>
      <input_file id="fl-a">
         <path>.\peripherals\external\</path>
         <kind>object</kind>
         <file>tf_mini_s_lidar.obj</file>
         <name>tf_mini_s_lidar.obj</name>
      </input_file>
      <input_file id="fl-b">
         <path>.\peripherals\internal\</path>
         <kind>object</kind>
         <file>28379D_i2c.obj</file>
         <name>28379D_i2c.obj</name>
      </input_file>
      <input_file id="fl-c">
         <path>.\peripherals\internal\</path>
         <kind>object</kind>
         <file>28379D_spi.obj</file>
         <name>28379D_spi.obj</name>
      </input_file>
      <input_file id="fl-d">
         <path>.\peripherals\internal\</path>
         <kind>object</kind>
         <file>28379D_uart.obj</file>
         <name>28379D_uart.obj</name>
      </input_file>
      <input_file id="fl-e">
         <path>.\peripherals\internal\</path>
         <kind>object</kind>
         <file>gpio.obj</file>
         <name>gpio.obj</name>
      </input_file>
      <input_file id="fl-12">
         <path>C:\Users\myles\workspace_v10\lidar_firmware_v2\Debug\configPkg\package\cfg\</path>
         <kind>object</kind>
         <file>app_p28FP.o28FP</file>
         <name>app_p28FP.o28FP</name>
      </input_file>
      <input_file id="fl-19">
         <kind>object</kind>
         <file>&lt;internal&gt;</file>
         <name>&lt;internal&gt;</name>
      </input_file>
      <input_file id="fl-1a">
         <path>C:\Users\myles\workspace_v10\lidar_firmware_v2\src\sysbios\</path>
         <kind>archive</kind>
         <file>sysbios.a28FP</file>
         <name>BIOS.obj</name>
      </input_file>
      <input_file id="fl-1b">
         <path>C:\Users\myles\workspace_v10\lidar_firmware_v2\src\sysbios\</path>
         <kind>archive</kind>
         <file>sysbios.a28FP</file>
         <name>c28_Hwi_asm.obj</name>
      </input_file>
      <input_file id="fl-1c">
         <path>C:\Users\myles\workspace_v10\lidar_firmware_v2\src\sysbios\</path>
         <kind>archive</kind>
         <file>sysbios.a28FP</file>
         <name>c28_Hwi_disp_asm.obj</name>
      </input_file>
      <input_file id="fl-1d">
         <path>C:\Users\myles\workspace_v10\lidar_firmware_v2\src\sysbios\</path>
         <kind>archive</kind>
         <file>sysbios.a28FP</file>
         <name>c28_IntrinsicsSupport_asm.obj</name>
      </input_file>
      <input_file id="fl-1e">
         <path>C:\Users\myles\workspace_v10\lidar_firmware_v2\src\sysbios\</path>
         <kind>archive</kind>
         <file>sysbios.a28FP</file>
         <name>c28_TaskSupport_asm.obj</name>
      </input_file>
      <input_file id="fl-1f">
         <path>C:\ti\bios_6_83_00_18\packages\ti\targets\rts2800\lib\</path>
         <kind>archive</kind>
         <file>ti.targets.rts2800.a28FP</file>
         <name>Assert.o28FP</name>
      </input_file>
      <input_file id="fl-20">
         <path>C:\ti\bios_6_83_00_18\packages\ti\targets\rts2800\lib\</path>
         <kind>archive</kind>
         <file>ti.targets.rts2800.a28FP</file>
         <name>Core-mem.o28FP</name>
      </input_file>
      <input_file id="fl-21">
         <path>C:\ti\bios_6_83_00_18\packages\ti\targets\rts2800\lib\</path>
         <kind>archive</kind>
         <file>ti.targets.rts2800.a28FP</file>
         <name>Core-smem.o28FP</name>
      </input_file>
      <input_file id="fl-22">
         <path>C:\ti\bios_6_83_00_18\packages\ti\targets\rts2800\lib\</path>
         <kind>archive</kind>
         <file>ti.targets.rts2800.a28FP</file>
         <name>Core-params.o28FP</name>
      </input_file>
      <input_file id="fl-23">
         <path>C:\ti\bios_6_83_00_18\packages\ti\targets\rts2800\lib\</path>
         <kind>archive</kind>
         <file>ti.targets.rts2800.a28FP</file>
         <name>Error.o28FP</name>
      </input_file>
      <input_file id="fl-24">
         <path>C:\ti\bios_6_83_00_18\packages\ti\targets\rts2800\lib\</path>
         <kind>archive</kind>
         <file>ti.targets.rts2800.a28FP</file>
         <name>Gate.o28FP</name>
      </input_file>
      <input_file id="fl-25">
         <path>C:\ti\bios_6_83_00_18\packages\ti\targets\rts2800\lib\</path>
         <kind>archive</kind>
         <file>ti.targets.rts2800.a28FP</file>
         <name>LoggerBuf.o28FP</name>
      </input_file>
      <input_file id="fl-26">
         <path>C:\ti\bios_6_83_00_18\packages\ti\targets\rts2800\lib\</path>
         <kind>archive</kind>
         <file>ti.targets.rts2800.a28FP</file>
         <name>Memory.o28FP</name>
      </input_file>
      <input_file id="fl-27">
         <path>C:\ti\bios_6_83_00_18\packages\ti\targets\rts2800\lib\</path>
         <kind>archive</kind>
         <file>ti.targets.rts2800.a28FP</file>
         <name>Startup.o28FP</name>
      </input_file>
      <input_file id="fl-28">
         <path>C:\ti\bios_6_83_00_18\packages\ti\targets\rts2800\lib\</path>
         <kind>archive</kind>
         <file>ti.targets.rts2800.a28FP</file>
         <name>System.o28FP</name>
      </input_file>
      <input_file id="fl-29">
         <path>C:\ti\bios_6_83_00_18\packages\ti\targets\rts2800\lib\</path>
         <kind>archive</kind>
         <file>ti.targets.rts2800.a28FP</file>
         <name>SysMin.o28FP</name>
      </input_file>
      <input_file id="fl-2a">
         <path>C:\ti\bios_6_83_00_18\packages\ti\targets\rts2800\lib\</path>
         <kind>archive</kind>
         <file>ti.targets.rts2800.a28FP</file>
         <name>Text.o28FP</name>
      </input_file>
      <input_file id="fl-2b">
         <path>C:\ti\bios_6_83_00_18\packages\ti\targets\rts2800\lib\</path>
         <kind>archive</kind>
         <file>ti.targets.rts2800.a28FP</file>
         <name>xdc_noinit.o28FP</name>
      </input_file>
      <input_file id="fl-2c">
         <path>C:\ti\bios_6_83_00_18\packages\ti\targets\rts2800\lib\</path>
         <kind>archive</kind>
         <file>ti.targets.rts2800.a28FP</file>
         <name>Log.o28FP</name>
      </input_file>
      <input_file id="fl-2d">
         <path>C:\ti\bios_6_83_00_18\packages\ti\targets\rts2800\lib\</path>
         <kind>archive</kind>
         <file>ti.targets.rts2800.a28FP</file>
         <name>Registry.o28FP</name>
      </input_file>
      <input_file id="fl-2e">
         <path>C:\ti\bios_6_83_00_18\packages\ti\targets\rts2800\lib\</path>
         <kind>archive</kind>
         <file>boot.a28FP</file>
         <name>boot_cg.o28FP</name>
      </input_file>
      <input_file id="fl-2f">
         <path>C:\ti\bios_6_83_00_18\packages\ti\catalog\c2800\initF2837x\lib\</path>
         <kind>archive</kind>
         <file>Boot.a28FP</file>
         <name>Boot.o28FP</name>
      </input_file>
      <input_file id="fl-30">
         <path>C:\ti\bios_6_83_00_18\packages\ti\catalog\c2800\initF2837x\lib\</path>
         <kind>archive</kind>
         <file>Boot.a28FP</file>
         <name>Boot_asm.o28FP</name>
      </input_file>
      <input_file id="fl-3c">
         <path>C:\ti\ccs1040\ccs\tools\compiler\ti-cgt-c2000_20.2.5.LTS\lib\</path>
         <kind>archive</kind>
         <file>rts2800_fpu32.lib</file>
         <name>s_floorf.c.obj</name>
      </input_file>
      <input_file id="fl-3d">
         <path>C:\ti\ccs1040\ccs\tools\compiler\ti-cgt-c2000_20.2.5.LTS\lib\</path>
         <kind>archive</kind>
         <file>rts2800_fpu32.lib</file>
         <name>s_roundf.c.obj</name>
      </input_file>
      <input_file id="fl-3e">
         <path>C:\ti\ccs1040\ccs\tools\compiler\ti-cgt-c2000_20.2.5.LTS\lib\</path>
         <kind>archive</kind>
         <file>rts2800_fpu32.lib</file>
         <name>vsnprintf.c.obj</name>
      </input_file>
      <input_file id="fl-3f">
         <path>C:\ti\ccs1040\ccs\tools\compiler\ti-cgt-c2000_20.2.5.LTS\lib\</path>
         <kind>archive</kind>
         <file>rts2800_fpu32.lib</file>
         <name>fs_div28.asm.obj</name>
      </input_file>
      <input_file id="fl-40">
         <path>C:\ti\ccs1040\ccs\tools\compiler\ti-cgt-c2000_20.2.5.LTS\lib\</path>
         <kind>archive</kind>
         <file>rts2800_fpu32.lib</file>
         <name>ll_cmp28.asm.obj</name>
      </input_file>
      <input_file id="fl-41">
         <path>C:\ti\ccs1040\ccs\tools\compiler\ti-cgt-c2000_20.2.5.LTS\lib\</path>
         <kind>archive</kind>
         <file>rts2800_fpu32.lib</file>
         <name>ll_div28.asm.obj</name>
      </input_file>
      <input_file id="fl-42">
         <path>C:\ti\ccs1040\ccs\tools\compiler\ti-cgt-c2000_20.2.5.LTS\lib\</path>
         <kind>archive</kind>
         <file>rts2800_fpu32.lib</file>
         <name>cpy_tbl.c.obj</name>
      </input_file>
      <input_file id="fl-43">
         <path>C:\ti\ccs1040\ccs\tools\compiler\ti-cgt-c2000_20.2.5.LTS\lib\</path>
         <kind>archive</kind>
         <file>rts2800_fpu32.lib</file>
         <name>memcpy.c.obj</name>
      </input_file>
      <input_file id="fl-44">
         <path>C:\ti\ccs1040\ccs\tools\compiler\ti-cgt-c2000_20.2.5.LTS\lib\</path>
         <kind>archive</kind>
         <file>rts2800_fpu32.lib</file>
         <name>pre_init.c.obj</name>
      </input_file>
      <input_file id="fl-45">
         <path>C:\ti\ccs1040\ccs\tools\compiler\ti-cgt-c2000_20.2.5.LTS\lib\</path>
         <kind>archive</kind>
         <file>rts2800_fpu32.lib</file>
         <name>startup.c.obj</name>
      </input_file>
      <input_file id="fl-46">
         <path>C:\ti\ccs1040\ccs\tools\compiler\ti-cgt-c2000_20.2.5.LTS\lib\</path>
         <kind>archive</kind>
         <file>rts2800_fpu32.lib</file>
         <name>exit.c.obj</name>
      </input_file>
      <input_file id="fl-47">
         <path>C:\ti\ccs1040\ccs\tools\compiler\ti-cgt-c2000_20.2.5.LTS\lib\</path>
         <kind>archive</kind>
         <file>rts2800_fpu32.lib</file>
         <name>_lock.c.obj</name>
      </input_file>
      <input_file id="fl-48">
         <path>C:\ti\ccs1040\ccs\tools\compiler\ti-cgt-c2000_20.2.5.LTS\lib\</path>
         <kind>archive</kind>
         <file>rts2800_fpu32.lib</file>
         <name>args_main.c.obj</name>
      </input_file>
      <input_file id="fl-49">
         <path>C:\ti\ccs1040\ccs\tools\compiler\ti-cgt-c2000_20.2.5.LTS\lib\</path>
         <kind>archive</kind>
         <file>rts2800_fpu32.lib</file>
         <name>memset.c.obj</name>
      </input_file>
      <input_file id="fl-4a">
         <path>C:\ti\ccs1040\ccs\tools\compiler\ti-cgt-c2000_20.2.5.LTS\lib\</path>
         <kind>archive</kind>
         <file>rts2800_fpu32.lib</file>
         <name>strcmp.c.obj</name>
      </input_file>
      <input_file id="fl-4b">
         <path>C:\ti\ccs1040\ccs\tools\compiler\ti-cgt-c2000_20.2.5.LTS\lib\</path>
         <kind>archive</kind>
         <file>rts2800_fpu32.lib</file>
         <name>strlen.c.obj</name>
      </input_file>
      <input_file id="fl-4c">
         <path>C:\ti\ccs1040\ccs\tools\compiler\ti-cgt-c2000_20.2.5.LTS\lib\</path>
         <kind>archive</kind>
         <file>rts2800_fpu32.lib</file>
         <name>hostwrite.c.obj</name>
      </input_file>
      <input_file id="fl-4d">
         <path>C:\ti\ccs1040\ccs\tools\compiler\ti-cgt-c2000_20.2.5.LTS\lib\</path>
         <kind>archive</kind>
         <file>rts2800_fpu32.lib</file>
         <name>trgmsg.c.obj</name>
      </input_file>
      <input_file id="fl-4e">
         <path>C:\ti\ccs1040\ccs\tools\compiler\ti-cgt-c2000_20.2.5.LTS\lib\</path>
         <kind>archive</kind>
         <file>rts2800_fpu32.lib</file>
         <name>_printfi.c.obj</name>
      </input_file>
      <input_file id="fl-4f">
         <path>C:\ti\ccs1040\ccs\tools\compiler\ti-cgt-c2000_20.2.5.LTS\lib\</path>
         <kind>archive</kind>
         <file>rts2800_fpu32.lib</file>
         <name>s_frexp.c.obj</name>
      </input_file>
      <input_file id="fl-50">
         <path>C:\ti\ccs1040\ccs\tools\compiler\ti-cgt-c2000_20.2.5.LTS\lib\</path>
         <kind>archive</kind>
         <file>rts2800_fpu32.lib</file>
         <name>s_scalbn.c.obj</name>
      </input_file>
      <input_file id="fl-51">
         <path>C:\ti\ccs1040\ccs\tools\compiler\ti-cgt-c2000_20.2.5.LTS\lib\</path>
         <kind>archive</kind>
         <file>rts2800_fpu32.lib</file>
         <name>fd_add28.asm.obj</name>
      </input_file>
      <input_file id="fl-52">
         <path>C:\ti\ccs1040\ccs\tools\compiler\ti-cgt-c2000_20.2.5.LTS\lib\</path>
         <kind>archive</kind>
         <file>rts2800_fpu32.lib</file>
         <name>fd_cmp28.asm.obj</name>
      </input_file>
      <input_file id="fl-53">
         <path>C:\ti\ccs1040\ccs\tools\compiler\ti-cgt-c2000_20.2.5.LTS\lib\</path>
         <kind>archive</kind>
         <file>rts2800_fpu32.lib</file>
         <name>fd_mpy28.asm.obj</name>
      </input_file>
      <input_file id="fl-54">
         <path>C:\ti\ccs1040\ccs\tools\compiler\ti-cgt-c2000_20.2.5.LTS\lib\</path>
         <kind>archive</kind>
         <file>rts2800_fpu32.lib</file>
         <name>fd_neg28.asm.obj</name>
      </input_file>
      <input_file id="fl-55">
         <path>C:\ti\ccs1040\ccs\tools\compiler\ti-cgt-c2000_20.2.5.LTS\lib\</path>
         <kind>archive</kind>
         <file>rts2800_fpu32.lib</file>
         <name>fd_sub28.asm.obj</name>
      </input_file>
      <input_file id="fl-56">
         <path>C:\ti\ccs1040\ccs\tools\compiler\ti-cgt-c2000_20.2.5.LTS\lib\</path>
         <kind>archive</kind>
         <file>rts2800_fpu32.lib</file>
         <name>fd_toi28.asm.obj</name>
      </input_file>
      <input_file id="fl-57">
         <path>C:\ti\ccs1040\ccs\tools\compiler\ti-cgt-c2000_20.2.5.LTS\lib\</path>
         <kind>archive</kind>
         <file>rts2800_fpu32.lib</file>
         <name>fd_tol28.asm.obj</name>
      </input_file>
      <input_file id="fl-58">
         <path>C:\ti\ccs1040\ccs\tools\compiler\ti-cgt-c2000_20.2.5.LTS\lib\</path>
         <kind>archive</kind>
         <file>rts2800_fpu32.lib</file>
         <name>ll_aox28.asm.obj</name>
      </input_file>
      <input_file id="fl-59">
         <path>C:\ti\ccs1040\ccs\tools\compiler\ti-cgt-c2000_20.2.5.LTS\lib\</path>
         <kind>archive</kind>
         <file>rts2800_fpu32.lib</file>
         <name>i_tofd28.asm.obj</name>
      </input_file>
      <input_file id="fl-5a">
         <path>C:\ti\ccs1040\ccs\tools\compiler\ti-cgt-c2000_20.2.5.LTS\lib\</path>
         <kind>archive</kind>
         <file>rts2800_fpu32.lib</file>
         <name>l_tofd28.asm.obj</name>
      </input_file>
      <input_file id="fl-5b">
         <path>C:\ti\ccs1040\ccs\tools\compiler\ti-cgt-c2000_20.2.5.LTS\lib\</path>
         <kind>archive</kind>
         <file>rts2800_fpu32.lib</file>
         <name>fs_tofdfpu32.asm.obj</name>
      </input_file>
      <input_file id="fl-5c">
         <path>C:\ti\ccs1040\ccs\tools\compiler\ti-cgt-c2000_20.2.5.LTS\lib\</path>
         <kind>archive</kind>
         <file>rts2800_fpu32.lib</file>
         <name>fd_div28.asm.obj</name>
      </input_file>
      <input_file id="fl-5d">
         <path>C:\ti\ccs1040\ccs\tools\compiler\ti-cgt-c2000_20.2.5.LTS\lib\</path>
         <kind>archive</kind>
         <file>rts2800_fpu32.lib</file>
         <name>_ltoa.c.obj</name>
      </input_file>
      <input_file id="fl-5e">
         <path>C:\ti\ccs1040\ccs\tools\compiler\ti-cgt-c2000_20.2.5.LTS\lib\</path>
         <kind>archive</kind>
         <file>rts2800_fpu32.lib</file>
         <name>atoi.c.obj</name>
      </input_file>
      <input_file id="fl-5f">
         <path>C:\ti\ccs1040\ccs\tools\compiler\ti-cgt-c2000_20.2.5.LTS\lib\</path>
         <kind>archive</kind>
         <file>rts2800_fpu32.lib</file>
         <name>ctype.c.obj</name>
      </input_file>
      <input_file id="fl-60">
         <path>C:\ti\ccs1040\ccs\tools\compiler\ti-cgt-c2000_20.2.5.LTS\lib\</path>
         <kind>archive</kind>
         <file>rts2800_fpu32.lib</file>
         <name>memccpy.c.obj</name>
      </input_file>
      <input_file id="fl-61">
         <path>C:\ti\ccs1040\ccs\tools\compiler\ti-cgt-c2000_20.2.5.LTS\lib\</path>
         <kind>archive</kind>
         <file>rts2800_fpu32.lib</file>
         <name>strchr.c.obj</name>
      </input_file>
      <input_file id="fl-62">
         <path>C:\ti\ccs1040\ccs\tools\compiler\ti-cgt-c2000_20.2.5.LTS\lib\</path>
         <kind>archive</kind>
         <file>rts2800_fpu32.lib</file>
         <name>strcpy.c.obj</name>
      </input_file>
      <input_file id="fl-63">
         <path>C:\ti\ccs1040\ccs\tools\compiler\ti-cgt-c2000_20.2.5.LTS\lib\</path>
         <kind>archive</kind>
         <file>rts2800_fpu32.lib</file>
         <name>errno.c.obj</name>
      </input_file>
      <input_file id="fl-64">
         <path>C:\ti\ccs1040\ccs\tools\compiler\ti-cgt-c2000_20.2.5.LTS\lib\</path>
         <kind>archive</kind>
         <file>rts2800_fpu32.lib</file>
         <name>hostopen.c.obj</name>
      </input_file>
      <input_file id="fl-65">
         <path>C:\ti\ccs1040\ccs\tools\compiler\ti-cgt-c2000_20.2.5.LTS\lib\</path>
         <kind>archive</kind>
         <file>rts2800_fpu32.lib</file>
         <name>s_copysign.c.obj</name>
      </input_file>
      <input_file id="fl-66">
         <path>C:\ti\ccs1040\ccs\tools\compiler\ti-cgt-c2000_20.2.5.LTS\lib\</path>
         <kind>archive</kind>
         <file>rts2800_fpu32.lib</file>
         <name>wcslen.c.obj</name>
      </input_file>
      <input_file id="fl-67">
         <path>C:\ti\ccs1040\ccs\tools\compiler\ti-cgt-c2000_20.2.5.LTS\lib\</path>
         <kind>archive</kind>
         <file>rts2800_fpu32.lib</file>
         <name>l_div28.asm.obj</name>
      </input_file>
   </input_file_list>
   <object_component_list>
      <object_component id="oc-fe">
         <name>PieVectTableFile</name>
         <uninitialized>true</uninitialized>
         <run_address>0xd00</run_address>
         <size>0x1c0</size>
         <input_file_ref idref="fl-2"/>
      </object_component>
      <object_component id="oc-ce">
         <name>AccessProtectionRegsFile</name>
         <uninitialized>true</uninitialized>
         <run_address>0x5f4c0</run_address>
         <size>0x2e</size>
         <input_file_ref idref="fl-2"/>
      </object_component>
      <object_component id="oc-e3">
         <name>AdcaRegsFile</name>
         <uninitialized>true</uninitialized>
         <run_address>0x7400</run_address>
         <size>0x7c</size>
         <input_file_ref idref="fl-2"/>
      </object_component>
      <object_component id="oc-e4">
         <name>AdcbRegsFile</name>
         <uninitialized>true</uninitialized>
         <run_address>0x7480</run_address>
         <size>0x7c</size>
         <input_file_ref idref="fl-2"/>
      </object_component>
      <object_component id="oc-e5">
         <name>AdccRegsFile</name>
         <uninitialized>true</uninitialized>
         <run_address>0x7500</run_address>
         <size>0x7c</size>
         <input_file_ref idref="fl-2"/>
      </object_component>
      <object_component id="oc-e6">
         <name>AdcdRegsFile</name>
         <uninitialized>true</uninitialized>
         <run_address>0x7580</run_address>
         <size>0x7c</size>
         <input_file_ref idref="fl-2"/>
      </object_component>
      <object_component id="oc-ab">
         <name>AdcaResultRegsFile</name>
         <uninitialized>true</uninitialized>
         <run_address>0xb00</run_address>
         <size>0x18</size>
         <input_file_ref idref="fl-2"/>
      </object_component>
      <object_component id="oc-ac">
         <name>AdcbResultRegsFile</name>
         <uninitialized>true</uninitialized>
         <run_address>0xb20</run_address>
         <size>0x18</size>
         <input_file_ref idref="fl-2"/>
      </object_component>
      <object_component id="oc-ad">
         <name>AdccResultRegsFile</name>
         <uninitialized>true</uninitialized>
         <run_address>0xb40</run_address>
         <size>0x18</size>
         <input_file_ref idref="fl-2"/>
      </object_component>
      <object_component id="oc-ae">
         <name>AdcdResultRegsFile</name>
         <uninitialized>true</uninitialized>
         <run_address>0xb60</run_address>
         <size>0x18</size>
         <input_file_ref idref="fl-2"/>
      </object_component>
      <object_component id="oc-d2">
         <name>AnalogSubsysRegsFile</name>
         <uninitialized>true</uninitialized>
         <run_address>0x5d180</run_address>
         <size>0x3e</size>
         <input_file_ref idref="fl-2"/>
      </object_component>
      <object_component id="oc-fa">
         <name>CanaRegsFile</name>
         <uninitialized>true</uninitialized>
         <run_address>0x48000</run_address>
         <size>0x164</size>
         <input_file_ref idref="fl-2"/>
      </object_component>
      <object_component id="oc-fb">
         <name>CanbRegsFile</name>
         <uninitialized>true</uninitialized>
         <run_address>0x4a000</run_address>
         <size>0x164</size>
         <input_file_ref idref="fl-2"/>
      </object_component>
      <object_component id="oc-d3">
         <name>Cla1RegsFile</name>
         <uninitialized>true</uninitialized>
         <run_address>0x1400</run_address>
         <size>0x3e</size>
         <input_file_ref idref="fl-2"/>
      </object_component>
      <object_component id="oc-f5">
         <name>Clb1DataExchRegsFile</name>
         <uninitialized>true</uninitialized>
         <run_address>0x3200</run_address>
         <size>0x108</size>
         <input_file_ref idref="fl-2"/>
      </object_component>
      <object_component id="oc-f6">
         <name>Clb2DataExchRegsFile</name>
         <uninitialized>true</uninitialized>
         <run_address>0x3600</run_address>
         <size>0x108</size>
         <input_file_ref idref="fl-2"/>
      </object_component>
      <object_component id="oc-f7">
         <name>Clb3DataExchRegsFile</name>
         <uninitialized>true</uninitialized>
         <run_address>0x3a00</run_address>
         <size>0x108</size>
         <input_file_ref idref="fl-2"/>
      </object_component>
      <object_component id="oc-f8">
         <name>Clb4DataExchRegsFile</name>
         <uninitialized>true</uninitialized>
         <run_address>0x3e00</run_address>
         <size>0x108</size>
         <input_file_ref idref="fl-2"/>
      </object_component>
      <object_component id="oc-d4">
         <name>Clb1LogicCfgRegsFile</name>
         <uninitialized>true</uninitialized>
         <run_address>0x3000</run_address>
         <size>0x3e</size>
         <input_file_ref idref="fl-2"/>
      </object_component>
      <object_component id="oc-d5">
         <name>Clb2LogicCfgRegsFile</name>
         <uninitialized>true</uninitialized>
         <run_address>0x3400</run_address>
         <size>0x3e</size>
         <input_file_ref idref="fl-2"/>
      </object_component>
      <object_component id="oc-d6">
         <name>Clb3LogicCfgRegsFile</name>
         <uninitialized>true</uninitialized>
         <run_address>0x3800</run_address>
         <size>0x3e</size>
         <input_file_ref idref="fl-2"/>
      </object_component>
      <object_component id="oc-d7">
         <name>Clb4LogicCfgRegsFile</name>
         <uninitialized>true</uninitialized>
         <run_address>0x3c00</run_address>
         <size>0x3e</size>
         <input_file_ref idref="fl-2"/>
      </object_component>
      <object_component id="oc-d8">
         <name>Clb1LogicCtrlRegsFile</name>
         <uninitialized>true</uninitialized>
         <run_address>0x3100</run_address>
         <size>0x40</size>
         <input_file_ref idref="fl-2"/>
      </object_component>
      <object_component id="oc-d9">
         <name>Clb2LogicCtrlRegsFile</name>
         <uninitialized>true</uninitialized>
         <run_address>0x3500</run_address>
         <size>0x40</size>
         <input_file_ref idref="fl-2"/>
      </object_component>
      <object_component id="oc-da">
         <name>Clb3LogicCtrlRegsFile</name>
         <uninitialized>true</uninitialized>
         <run_address>0x3900</run_address>
         <size>0x40</size>
         <input_file_ref idref="fl-2"/>
      </object_component>
      <object_component id="oc-db">
         <name>Clb4LogicCtrlRegsFile</name>
         <uninitialized>true</uninitialized>
         <run_address>0x3d00</run_address>
         <size>0x40</size>
         <input_file_ref idref="fl-2"/>
      </object_component>
      <object_component id="oc-dc">
         <name>ClbXbarRegsFile</name>
         <uninitialized>true</uninitialized>
         <run_address>0x7a40</run_address>
         <size>0x40</size>
         <input_file_ref idref="fl-2"/>
      </object_component>
      <object_component id="oc-d0">
         <name>ClkCfgRegsFile</name>
         <uninitialized>true</uninitialized>
         <run_address>0x5d200</run_address>
         <size>0x32</size>
         <input_file_ref idref="fl-2"/>
      </object_component>
      <object_component id="oc-b7">
         <name>Cmpss1RegsFile</name>
         <uninitialized>true</uninitialized>
         <run_address>0x5c80</run_address>
         <size>0x1b</size>
         <input_file_ref idref="fl-2"/>
      </object_component>
      <object_component id="oc-b8">
         <name>Cmpss2RegsFile</name>
         <uninitialized>true</uninitialized>
         <run_address>0x5ca0</run_address>
         <size>0x1b</size>
         <input_file_ref idref="fl-2"/>
      </object_component>
      <object_component id="oc-b9">
         <name>Cmpss3RegsFile</name>
         <uninitialized>true</uninitialized>
         <run_address>0x5cc0</run_address>
         <size>0x1b</size>
         <input_file_ref idref="fl-2"/>
      </object_component>
      <object_component id="oc-ba">
         <name>Cmpss4RegsFile</name>
         <uninitialized>true</uninitialized>
         <run_address>0x5ce0</run_address>
         <size>0x1b</size>
         <input_file_ref idref="fl-2"/>
      </object_component>
      <object_component id="oc-bb">
         <name>Cmpss5RegsFile</name>
         <uninitialized>true</uninitialized>
         <run_address>0x5d00</run_address>
         <size>0x1b</size>
         <input_file_ref idref="fl-2"/>
      </object_component>
      <object_component id="oc-bc">
         <name>Cmpss6RegsFile</name>
         <uninitialized>true</uninitialized>
         <run_address>0x5d20</run_address>
         <size>0x1b</size>
         <input_file_ref idref="fl-2"/>
      </object_component>
      <object_component id="oc-bd">
         <name>Cmpss7RegsFile</name>
         <uninitialized>true</uninitialized>
         <run_address>0x5d40</run_address>
         <size>0x1b</size>
         <input_file_ref idref="fl-2"/>
      </object_component>
      <object_component id="oc-be">
         <name>Cmpss8RegsFile</name>
         <uninitialized>true</uninitialized>
         <run_address>0x5d60</run_address>
         <size>0x1b</size>
         <input_file_ref idref="fl-2"/>
      </object_component>
      <object_component id="oc-9d">
         <name>CpuTimer0RegsFile</name>
         <uninitialized>true</uninitialized>
         <run_address>0xc00</run_address>
         <size>0x8</size>
         <input_file_ref idref="fl-2"/>
      </object_component>
      <object_component id="oc-9e">
         <name>CpuTimer1RegsFile</name>
         <uninitialized>true</uninitialized>
         <run_address>0xc08</run_address>
         <size>0x8</size>
         <input_file_ref idref="fl-2"/>
      </object_component>
      <object_component id="oc-9f">
         <name>CpuTimer2RegsFile</name>
         <uninitialized>true</uninitialized>
         <run_address>0xc10</run_address>
         <size>0x8</size>
         <input_file_ref idref="fl-2"/>
      </object_component>
      <object_component id="oc-e7">
         <name>CpuSysRegsFile</name>
         <uninitialized>true</uninitialized>
         <run_address>0x5d300</run_address>
         <size>0x82</size>
         <input_file_ref idref="fl-2"/>
      </object_component>
      <object_component id="oc-99">
         <name>DacaRegsFile</name>
         <uninitialized>true</uninitialized>
         <run_address>0x5c00</run_address>
         <size>0x7</size>
         <input_file_ref idref="fl-2"/>
      </object_component>
      <object_component id="oc-9a">
         <name>DacbRegsFile</name>
         <uninitialized>true</uninitialized>
         <run_address>0x5c10</run_address>
         <size>0x7</size>
         <input_file_ref idref="fl-2"/>
      </object_component>
      <object_component id="oc-9b">
         <name>DaccRegsFile</name>
         <uninitialized>true</uninitialized>
         <run_address>0x5c20</run_address>
         <size>0x7</size>
         <input_file_ref idref="fl-2"/>
      </object_component>
      <object_component id="oc-97">
         <name>DcsmCommonRegsFile</name>
         <uninitialized>true</uninitialized>
         <run_address>0x5f070</run_address>
         <size>0x6</size>
         <input_file_ref idref="fl-2"/>
      </object_component>
      <object_component id="oc-c0">
         <name>DcsmZ1RegsFile</name>
         <uninitialized>true</uninitialized>
         <run_address>0x5f000</run_address>
         <size>0x22</size>
         <input_file_ref idref="fl-2"/>
      </object_component>
      <object_component id="oc-c1">
         <name>DcsmZ2RegsFile</name>
         <uninitialized>true</uninitialized>
         <run_address>0x5f040</run_address>
         <size>0x22</size>
         <input_file_ref idref="fl-2"/>
      </object_component>
      <object_component id="oc-f9">
         <name>DevCfgRegsFile</name>
         <uninitialized>true</uninitialized>
         <run_address>0x5d000</run_address>
         <size>0x12e</size>
         <input_file_ref idref="fl-2"/>
      </object_component>
      <object_component id="oc-af">
         <name>DmaClaSrcSelRegsFile</name>
         <uninitialized>true</uninitialized>
         <run_address>0x7980</run_address>
         <size>0x1a</size>
         <input_file_ref idref="fl-2"/>
      </object_component>
      <object_component id="oc-e8">
         <name>DmaRegsFile</name>
         <uninitialized>true</uninitialized>
         <run_address>0x1000</run_address>
         <size>0xe0</size>
         <input_file_ref idref="fl-2"/>
      </object_component>
      <object_component id="oc-b0">
         <name>ECap1RegsFile</name>
         <uninitialized>true</uninitialized>
         <run_address>0x5000</run_address>
         <size>0x1a</size>
         <input_file_ref idref="fl-2"/>
      </object_component>
      <object_component id="oc-b1">
         <name>ECap2RegsFile</name>
         <uninitialized>true</uninitialized>
         <run_address>0x5020</run_address>
         <size>0x1a</size>
         <input_file_ref idref="fl-2"/>
      </object_component>
      <object_component id="oc-b2">
         <name>ECap3RegsFile</name>
         <uninitialized>true</uninitialized>
         <run_address>0x5040</run_address>
         <size>0x1a</size>
         <input_file_ref idref="fl-2"/>
      </object_component>
      <object_component id="oc-b3">
         <name>ECap4RegsFile</name>
         <uninitialized>true</uninitialized>
         <run_address>0x5060</run_address>
         <size>0x1a</size>
         <input_file_ref idref="fl-2"/>
      </object_component>
      <object_component id="oc-b4">
         <name>ECap5RegsFile</name>
         <uninitialized>true</uninitialized>
         <run_address>0x5080</run_address>
         <size>0x1a</size>
         <input_file_ref idref="fl-2"/>
      </object_component>
      <object_component id="oc-b5">
         <name>ECap6RegsFile</name>
         <uninitialized>true</uninitialized>
         <run_address>0x50a0</run_address>
         <size>0x1a</size>
         <input_file_ref idref="fl-2"/>
      </object_component>
      <object_component id="oc-a0">
         <name>Emif1ConfigRegsFile</name>
         <uninitialized>true</uninitialized>
         <run_address>0x5f480</run_address>
         <size>0xa</size>
         <input_file_ref idref="fl-2"/>
      </object_component>
      <object_component id="oc-a1">
         <name>Emif2ConfigRegsFile</name>
         <uninitialized>true</uninitialized>
         <run_address>0x5f4a0</run_address>
         <size>0xa</size>
         <input_file_ref idref="fl-2"/>
      </object_component>
      <object_component id="oc-ca">
         <name>Emif1RegsFile</name>
         <uninitialized>true</uninitialized>
         <run_address>0x47000</run_address>
         <size>0x28</size>
         <input_file_ref idref="fl-2"/>
      </object_component>
      <object_component id="oc-cb">
         <name>Emif2RegsFile</name>
         <uninitialized>true</uninitialized>
         <run_address>0x47800</run_address>
         <size>0x28</size>
         <input_file_ref idref="fl-2"/>
      </object_component>
      <object_component id="oc-e9">
         <name>EPwm1RegsFile</name>
         <uninitialized>true</uninitialized>
         <run_address>0x4000</run_address>
         <size>0x100</size>
         <input_file_ref idref="fl-2"/>
      </object_component>
      <object_component id="oc-ea">
         <name>EPwm2RegsFile</name>
         <uninitialized>true</uninitialized>
         <run_address>0x4100</run_address>
         <size>0x100</size>
         <input_file_ref idref="fl-2"/>
      </object_component>
      <object_component id="oc-eb">
         <name>EPwm3RegsFile</name>
         <uninitialized>true</uninitialized>
         <run_address>0x4200</run_address>
         <size>0x100</size>
         <input_file_ref idref="fl-2"/>
      </object_component>
      <object_component id="oc-ec">
         <name>EPwm4RegsFile</name>
         <uninitialized>true</uninitialized>
         <run_address>0x4300</run_address>
         <size>0x100</size>
         <input_file_ref idref="fl-2"/>
      </object_component>
      <object_component id="oc-ed">
         <name>EPwm5RegsFile</name>
         <uninitialized>true</uninitialized>
         <run_address>0x4400</run_address>
         <size>0x100</size>
         <input_file_ref idref="fl-2"/>
      </object_component>
      <object_component id="oc-ee">
         <name>EPwm6RegsFile</name>
         <uninitialized>true</uninitialized>
         <run_address>0x4500</run_address>
         <size>0x100</size>
         <input_file_ref idref="fl-2"/>
      </object_component>
      <object_component id="oc-ef">
         <name>EPwm7RegsFile</name>
         <uninitialized>true</uninitialized>
         <run_address>0x4600</run_address>
         <size>0x100</size>
         <input_file_ref idref="fl-2"/>
      </object_component>
      <object_component id="oc-f0">
         <name>EPwm8RegsFile</name>
         <uninitialized>true</uninitialized>
         <run_address>0x4700</run_address>
         <size>0x100</size>
         <input_file_ref idref="fl-2"/>
      </object_component>
      <object_component id="oc-f1">
         <name>EPwm9RegsFile</name>
         <uninitialized>true</uninitialized>
         <run_address>0x4800</run_address>
         <size>0x100</size>
         <input_file_ref idref="fl-2"/>
      </object_component>
      <object_component id="oc-f2">
         <name>EPwm10RegsFile</name>
         <uninitialized>true</uninitialized>
         <run_address>0x4900</run_address>
         <size>0x100</size>
         <input_file_ref idref="fl-2"/>
      </object_component>
      <object_component id="oc-f3">
         <name>EPwm11RegsFile</name>
         <uninitialized>true</uninitialized>
         <run_address>0x4a00</run_address>
         <size>0x100</size>
         <input_file_ref idref="fl-2"/>
      </object_component>
      <object_component id="oc-f4">
         <name>EPwm12RegsFile</name>
         <uninitialized>true</uninitialized>
         <run_address>0x4b00</run_address>
         <size>0x100</size>
         <input_file_ref idref="fl-2"/>
      </object_component>
      <object_component id="oc-dd">
         <name>EPwmXbarRegsFile</name>
         <uninitialized>true</uninitialized>
         <run_address>0x7a00</run_address>
         <size>0x40</size>
         <input_file_ref idref="fl-2"/>
      </object_component>
      <object_component id="oc-c2">
         <name>EQep1RegsFile</name>
         <uninitialized>true</uninitialized>
         <run_address>0x5100</run_address>
         <size>0x22</size>
         <input_file_ref idref="fl-2"/>
      </object_component>
      <object_component id="oc-c3">
         <name>EQep2RegsFile</name>
         <uninitialized>true</uninitialized>
         <run_address>0x5140</run_address>
         <size>0x22</size>
         <input_file_ref idref="fl-2"/>
      </object_component>
      <object_component id="oc-c4">
         <name>EQep3RegsFile</name>
         <uninitialized>true</uninitialized>
         <run_address>0x5180</run_address>
         <size>0x22</size>
         <input_file_ref idref="fl-2"/>
      </object_component>
      <object_component id="oc-fd">
         <name>Flash0CtrlRegsFile</name>
         <uninitialized>true</uninitialized>
         <run_address>0x5f800</run_address>
         <size>0x182</size>
         <input_file_ref idref="fl-2"/>
      </object_component>
      <object_component id="oc-cc">
         <name>Flash0EccRegsFile</name>
         <uninitialized>true</uninitialized>
         <run_address>0x5fb00</run_address>
         <size>0x28</size>
         <input_file_ref idref="fl-2"/>
      </object_component>
      <object_component id="oc-94">
         <name>FlashPumpSemaphoreRegsFile</name>
         <uninitialized>true</uninitialized>
         <run_address>0x50024</run_address>
         <size>0x2</size>
         <input_file_ref idref="fl-2"/>
      </object_component>
      <object_component id="oc-fc">
         <name>GpioCtrlRegsFile</name>
         <uninitialized>true</uninitialized>
         <run_address>0x7c00</run_address>
         <size>0x180</size>
         <input_file_ref idref="fl-2"/>
      </object_component>
      <object_component id="oc-cf">
         <name>GpioDataRegsFile</name>
         <uninitialized>true</uninitialized>
         <run_address>0x7f00</run_address>
         <size>0x30</size>
         <input_file_ref idref="fl-2"/>
      </object_component>
      <object_component id="oc-c5">
         <name>I2caRegsFile</name>
         <uninitialized>true</uninitialized>
         <run_address>0x7300</run_address>
         <size>0x22</size>
         <input_file_ref idref="fl-2"/>
      </object_component>
      <object_component id="oc-c6">
         <name>I2cbRegsFile</name>
         <uninitialized>true</uninitialized>
         <run_address>0x7340</run_address>
         <size>0x22</size>
         <input_file_ref idref="fl-2"/>
      </object_component>
      <object_component id="oc-bf">
         <name>InputXbarRegsFile</name>
         <uninitialized>true</uninitialized>
         <run_address>0x7900</run_address>
         <size>0x20</size>
         <input_file_ref idref="fl-2"/>
      </object_component>
      <object_component id="oc-c7">
         <name>IpcRegsFile</name>
         <uninitialized>true</uninitialized>
         <run_address>0x50000</run_address>
         <size>0x24</size>
         <input_file_ref idref="fl-2"/>
      </object_component>
      <object_component id="oc-d1">
         <name>MemoryErrorRegsFile</name>
         <uninitialized>true</uninitialized>
         <run_address>0x5f500</run_address>
         <size>0x3a</size>
         <input_file_ref idref="fl-2"/>
      </object_component>
      <object_component id="oc-e2">
         <name>MemCfgRegsFile</name>
         <uninitialized>true</uninitialized>
         <run_address>0x5f400</run_address>
         <size>0x76</size>
         <input_file_ref idref="fl-2"/>
      </object_component>
      <object_component id="oc-c8">
         <name>McbspaRegsFile</name>
         <uninitialized>true</uninitialized>
         <run_address>0x6000</run_address>
         <size>0x24</size>
         <input_file_ref idref="fl-2"/>
      </object_component>
      <object_component id="oc-c9">
         <name>McbspbRegsFile</name>
         <uninitialized>true</uninitialized>
         <run_address>0x6040</run_address>
         <size>0x24</size>
         <input_file_ref idref="fl-2"/>
      </object_component>
      <object_component id="oc-9c">
         <name>NmiIntruptRegsFile</name>
         <uninitialized>true</uninitialized>
         <run_address>0x7060</run_address>
         <size>0x7</size>
         <input_file_ref idref="fl-2"/>
      </object_component>
      <object_component id="oc-de">
         <name>OutputXbarRegsFile</name>
         <uninitialized>true</uninitialized>
         <run_address>0x7a80</run_address>
         <size>0x40</size>
         <input_file_ref idref="fl-2"/>
      </object_component>
      <object_component id="oc-b6">
         <name>PieCtrlRegsFile</name>
         <uninitialized>true</uninitialized>
         <run_address>0xce0</run_address>
         <size>0x1a</size>
         <input_file_ref idref="fl-2"/>
      </object_component>
      <object_component id="oc-95">
         <name>RomPrefetchRegsFile</name>
         <uninitialized>true</uninitialized>
         <run_address>0x5e608</run_address>
         <size>0x2</size>
         <input_file_ref idref="fl-2"/>
      </object_component>
      <object_component id="oc-96">
         <name>RomWaitStateRegsFile</name>
         <uninitialized>true</uninitialized>
         <run_address>0x5f540</run_address>
         <size>0x2</size>
         <input_file_ref idref="fl-2"/>
      </object_component>
      <object_component id="oc-a4">
         <name>SciaRegsFile</name>
         <uninitialized>true</uninitialized>
         <run_address>0x7200</run_address>
         <size>0x10</size>
         <input_file_ref idref="fl-2"/>
      </object_component>
      <object_component id="oc-a5">
         <name>ScibRegsFile</name>
         <uninitialized>true</uninitialized>
         <run_address>0x7210</run_address>
         <size>0x10</size>
         <input_file_ref idref="fl-2"/>
      </object_component>
      <object_component id="oc-a6">
         <name>ScicRegsFile</name>
         <uninitialized>true</uninitialized>
         <run_address>0x7220</run_address>
         <size>0x10</size>
         <input_file_ref idref="fl-2"/>
      </object_component>
      <object_component id="oc-a7">
         <name>ScidRegsFile</name>
         <uninitialized>true</uninitialized>
         <run_address>0x7230</run_address>
         <size>0x10</size>
         <input_file_ref idref="fl-2"/>
      </object_component>
      <object_component id="oc-df">
         <name>Sdfm1RegsFile</name>
         <uninitialized>true</uninitialized>
         <run_address>0x5e00</run_address>
         <size>0x48</size>
         <input_file_ref idref="fl-2"/>
      </object_component>
      <object_component id="oc-e0">
         <name>Sdfm2RegsFile</name>
         <uninitialized>true</uninitialized>
         <run_address>0x5e80</run_address>
         <size>0x48</size>
         <input_file_ref idref="fl-2"/>
      </object_component>
      <object_component id="oc-a8">
         <name>SpiaRegsFile</name>
         <uninitialized>true</uninitialized>
         <run_address>0x6100</run_address>
         <size>0x10</size>
         <input_file_ref idref="fl-2"/>
      </object_component>
      <object_component id="oc-a9">
         <name>SpibRegsFile</name>
         <uninitialized>true</uninitialized>
         <run_address>0x6110</run_address>
         <size>0x10</size>
         <input_file_ref idref="fl-2"/>
      </object_component>
      <object_component id="oc-aa">
         <name>SpicRegsFile</name>
         <uninitialized>true</uninitialized>
         <run_address>0x6120</run_address>
         <size>0x10</size>
         <input_file_ref idref="fl-2"/>
      </object_component>
      <object_component id="oc-98">
         <name>SyncSocRegsFile</name>
         <uninitialized>true</uninitialized>
         <run_address>0x7940</run_address>
         <size>0x6</size>
         <input_file_ref idref="fl-2"/>
      </object_component>
      <object_component id="oc-e1">
         <name>UppRegsFile</name>
         <uninitialized>true</uninitialized>
         <run_address>0x6200</run_address>
         <size>0x48</size>
         <input_file_ref idref="fl-2"/>
      </object_component>
      <object_component id="oc-cd">
         <name>WdRegsFile</name>
         <uninitialized>true</uninitialized>
         <run_address>0x7000</run_address>
         <size>0x2b</size>
         <input_file_ref idref="fl-2"/>
      </object_component>
      <object_component id="oc-a3">
         <name>XbarRegsFile</name>
         <uninitialized>true</uninitialized>
         <run_address>0x7920</run_address>
         <size>0xe</size>
         <input_file_ref idref="fl-2"/>
      </object_component>
      <object_component id="oc-a2">
         <name>XintRegsFile</name>
         <uninitialized>true</uninitialized>
         <run_address>0x7070</run_address>
         <size>0xb</size>
         <input_file_ref idref="fl-2"/>
      </object_component>
      <object_component id="oc-2cc">
         <name>.cinit:_ti_sysbios_family_c28_Hwi_Module_State_0_dispatchTable__A</name>
         <load_address>0x8002d</load_address>
         <run_address>0x8002d</run_address>
         <size>0x1c3</size>
         <input_file_ref idref="fl-12"/>
      </object_component>
      <object_component id="oc-149">
         <name>.cinit</name>
         <load_address>0x801f0</load_address>
         <run_address>0x801f0</run_address>
         <size>0x12e</size>
         <input_file_ref idref="fl-12"/>
      </object_component>
      <object_component id="oc-15d">
         <name>.cinit:_ti_sysbios_knl_Task_Object__table__V</name>
         <load_address>0x8031e</load_address>
         <run_address>0x8031e</run_address>
         <size>0xff</size>
         <input_file_ref idref="fl-12"/>
      </object_component>
      <object_component id="oc-2da">
         <name>.cinit:_ti_sysbios_knl_Semaphore_Object__table__V</name>
         <load_address>0x8041d</load_address>
         <run_address>0x8041d</run_address>
         <size>0x85</size>
         <input_file_ref idref="fl-12"/>
      </object_component>
      <object_component id="oc-2d8">
         <name>.cinit:_ti_sysbios_family_c28_Hwi_Object__table__V</name>
         <load_address>0x804a2</load_address>
         <run_address>0x804a2</run_address>
         <size>0x73</size>
         <input_file_ref idref="fl-12"/>
      </object_component>
      <object_component id="oc-2c9">
         <name>.cinit:_ti_sysbios_knl_Swi_Object__table__V</name>
         <load_address>0x80515</load_address>
         <run_address>0x80515</run_address>
         <size>0x53</size>
         <input_file_ref idref="fl-12"/>
      </object_component>
      <object_component id="oc-2ca">
         <name>.cinit:_ti_sysbios_knl_Swi_Module_State_0_readyQ__A</name>
         <load_address>0x80568</load_address>
         <run_address>0x80568</run_address>
         <size>0x43</size>
         <input_file_ref idref="fl-12"/>
      </object_component>
      <object_component id="oc-2d3">
         <name>.cinit:_ti_sysbios_knl_Task_Module_State_0_readyQ__A</name>
         <load_address>0x805ab</load_address>
         <run_address>0x805ab</run_address>
         <size>0x43</size>
         <input_file_ref idref="fl-12"/>
      </object_component>
      <object_component id="oc-2c7">
         <name>.cinit:_ti_sysbios_family_c28_Timer_Object__table__V</name>
         <load_address>0x805ee</load_address>
         <run_address>0x805ee</run_address>
         <size>0x33</size>
         <input_file_ref idref="fl-12"/>
      </object_component>
      <object_component id="oc-2ce">
         <name>.cinit:_ti_sysbios_gates_GateMutex_Object__table__V</name>
         <load_address>0x80621</load_address>
         <run_address>0x80621</run_address>
         <size>0x1f</size>
         <input_file_ref idref="fl-12"/>
      </object_component>
      <object_component id="oc-3c6">
         <name>.cinit:_xdc_runtime_LoggerBuf_Object__table__V</name>
         <load_address>0x80640</load_address>
         <run_address>0x80640</run_address>
         <size>0x15</size>
         <input_file_ref idref="fl-12"/>
      </object_component>
      <object_component id="oc-12f">
         <name>.cinit</name>
         <load_address>0x80655</load_address>
         <run_address>0x80655</run_address>
         <size>0x14</size>
         <input_file_ref idref="fl-b"/>
      </object_component>
      <object_component id="oc-15c">
         <name>.cinit:_ti_sysbios_heaps_HeapMem_Object__table__V</name>
         <load_address>0x80669</load_address>
         <run_address>0x80669</run_address>
         <size>0xf</size>
         <input_file_ref idref="fl-12"/>
      </object_component>
      <object_component id="oc-101">
         <name>.cinit</name>
         <load_address>0x80678</load_address>
         <run_address>0x80678</run_address>
         <size>0xe</size>
         <input_file_ref idref="fl-3"/>
      </object_component>
      <object_component id="oc-20c">
         <name>.cinit</name>
         <load_address>0x80686</load_address>
         <run_address>0x80686</run_address>
         <size>0xe</size>
         <input_file_ref idref="fl-46"/>
      </object_component>
      <object_component id="oc-35e">
         <name>.cinit:_run_window</name>
         <load_address>0x80694</load_address>
         <run_address>0x80694</run_address>
         <size>0xd</size>
         <input_file_ref idref="fl-9"/>
      </object_component>
      <object_component id="oc-2c2">
         <name>.cinit:_xdc_runtime_System_Module_State_0_atexitHandlers__A</name>
         <load_address>0x806a1</load_address>
         <run_address>0x806a1</run_address>
         <size>0xb</size>
         <input_file_ref idref="fl-12"/>
      </object_component>
      <object_component id="oc-13d">
         <name>.cinit</name>
         <load_address>0x806ac</load_address>
         <run_address>0x806ac</run_address>
         <size>0x8</size>
         <input_file_ref idref="fl-d"/>
      </object_component>
      <object_component id="oc-2c6">
         <name>.cinit:_ti_sysbios_hal_Timer_Object__table__V</name>
         <load_address>0x806b4</load_address>
         <run_address>0x806b4</run_address>
         <size>0x7</size>
         <input_file_ref idref="fl-12"/>
      </object_component>
      <object_component id="oc-352">
         <name>.cinit:__lock</name>
         <load_address>0x806bb</load_address>
         <run_address>0x806bb</run_address>
         <size>0x5</size>
         <input_file_ref idref="fl-47"/>
      </object_component>
      <object_component id="oc-351">
         <name>.cinit:__unlock</name>
         <load_address>0x806c0</load_address>
         <run_address>0x806c0</run_address>
         <size>0x5</size>
         <input_file_ref idref="fl-47"/>
      </object_component>
      <object_component id="oc-41c">
         <name>.cinit:_ti_sysbios_gates_GateHwi_Object__table__V</name>
         <load_address>0x806c5</load_address>
         <run_address>0x806c5</run_address>
         <size>0x5</size>
         <input_file_ref idref="fl-12"/>
      </object_component>
      <object_component id="oc-2d5">
         <name>.cinit:_ti_sysbios_knl_Task_Module_State_0_idleTask__A</name>
         <load_address>0x806ca</load_address>
         <run_address>0x806ca</run_address>
         <size>0x5</size>
         <input_file_ref idref="fl-12"/>
      </object_component>
      <object_component id="oc-123">
         <name>.cinit</name>
         <load_address>0x806cf</load_address>
         <run_address>0x806cf</run_address>
         <size>0x5</size>
         <input_file_ref idref="fl-9"/>
      </object_component>
      <object_component id="oc-136">
         <name>.cinit</name>
         <load_address>0x806d4</load_address>
         <run_address>0x806d4</run_address>
         <size>0x4</size>
         <input_file_ref idref="fl-c"/>
      </object_component>
      <object_component id="oc-39f">
         <name>.cinit:_frame_buffer</name>
         <load_address>0x806d8</load_address>
         <run_address>0x806d8</run_address>
         <size>0x4</size>
         <input_file_ref idref="fl-6"/>
      </object_component>
      <object_component id="oc-3a8">
         <name>.cinit:_send_buffer</name>
         <load_address>0x806dc</load_address>
         <run_address>0x806dc</run_address>
         <size>0x4</size>
         <input_file_ref idref="fl-6"/>
      </object_component>
      <object_component id="oc-2a1">
         <name>.cinit</name>
         <load_address>0x806e0</load_address>
         <run_address>0x806e0</run_address>
         <size>0x4</size>
         <input_file_ref idref="fl-63"/>
      </object_component>
      <object_component id="oc-4e8">
         <name>.binit</name>
         <load_address>0x80704</load_address>
         <run_address>0x80704</run_address>
         <size>0xa</size>
      </object_component>
      <object_component id="oc-3fa">
         <name>.text</name>
         <load_address>0x88000</load_address>
         <run_address>0x88000</run_address>
         <size>0xce4</size>
         <input_file_ref idref="fl-4e"/>
      </object_component>
      <object_component id="oc-4cb">
         <name>.text:_xdc_runtime_System_doPrint__I</name>
         <load_address>0x88ce4</load_address>
         <run_address>0x88ce4</run_address>
         <size>0x23b</size>
         <input_file_ref idref="fl-28"/>
      </object_component>
      <object_component id="oc-313">
         <name>.text:_ti_sysbios_knl_Semaphore_pend__E</name>
         <load_address>0x88f1f</load_address>
         <run_address>0x88f1f</run_address>
         <size>0x1d8</size>
         <input_file_ref idref="fl-1a"/>
      </object_component>
      <object_component id="oc-366">
         <name>.text:_ti_sysbios_heaps_HeapMem_freeUnprotected__E</name>
         <load_address>0x890f7</load_address>
         <run_address>0x890f7</run_address>
         <size>0x1a1</size>
         <input_file_ref idref="fl-1a"/>
      </object_component>
      <object_component id="oc-2de">
         <name>.text:_lidar_sample_task</name>
         <load_address>0x89298</load_address>
         <run_address>0x89298</run_address>
         <size>0x17d</size>
         <input_file_ref idref="fl-4"/>
      </object_component>
      <object_component id="oc-362">
         <name>.text:_ti_sysbios_heaps_HeapMem_allocUnprotected__E</name>
         <load_address>0x89415</load_address>
         <run_address>0x89415</run_address>
         <size>0x16c</size>
         <input_file_ref idref="fl-1a"/>
      </object_component>
      <object_component id="oc-31b">
         <name>.text:_ti_sysbios_knl_Task_sleep__E</name>
         <load_address>0x89581</load_address>
         <run_address>0x89581</run_address>
         <size>0x13e</size>
         <input_file_ref idref="fl-1a"/>
      </object_component>
      <object_component id="oc-1f2">
         <name>.text</name>
         <load_address>0x896bf</load_address>
         <run_address>0x896bf</run_address>
         <size>0x107</size>
         <input_file_ref idref="fl-41"/>
      </object_component>
      <object_component id="oc-36a">
         <name>.text:_ti_sysbios_heaps_HeapMem_Instance_init__E</name>
         <load_address>0x897c6</load_address>
         <run_address>0x897c6</run_address>
         <size>0xef</size>
         <input_file_ref idref="fl-1a"/>
      </object_component>
      <object_component id="oc-3d6">
         <name>.text:_ti_sysbios_family_c28_Hwi_clearInterrupt__E</name>
         <load_address>0x898b5</load_address>
         <run_address>0x898b5</run_address>
         <size>0xdc</size>
         <input_file_ref idref="fl-1a"/>
      </object_component>
      <object_component id="oc-3b4">
         <name>.text:_ti_sysbios_knl_Mailbox_Instance_init__E</name>
         <load_address>0x89991</load_address>
         <run_address>0x89991</run_address>
         <size>0xd8</size>
         <input_file_ref idref="fl-1a"/>
      </object_component>
      <object_component id="oc-4dd">
         <name>.text:_ti_sysbios_family_c28_Hwi_dispatchCore__I</name>
         <load_address>0x89a69</load_address>
         <run_address>0x89a69</run_address>
         <size>0xc2</size>
         <input_file_ref idref="fl-1a"/>
      </object_component>
      <object_component id="oc-4db">
         <name>.text:_xdc_runtime_System_printfExtend__I</name>
         <load_address>0x89b2b</load_address>
         <run_address>0x89b2b</run_address>
         <size>0xc2</size>
         <input_file_ref idref="fl-12"/>
      </object_component>
      <object_component id="oc-455">
         <name>.text:_xdc_runtime_LoggerBuf_write8__E</name>
         <load_address>0x89bed</load_address>
         <run_address>0x89bed</run_address>
         <size>0xc0</size>
         <input_file_ref idref="fl-25"/>
      </object_component>
      <object_component id="oc-462">
         <name>.text:_ti_sysbios_knl_Semaphore_Instance_init__E</name>
         <load_address>0x89cad</load_address>
         <run_address>0x89cad</run_address>
         <size>0xbf</size>
         <input_file_ref idref="fl-1a"/>
      </object_component>
      <object_component id="oc-318">
         <name>.text:_ti_sysbios_knl_Semaphore_post__E</name>
         <load_address>0x89d6c</load_address>
         <run_address>0x89d6c</run_address>
         <size>0xb8</size>
         <input_file_ref idref="fl-1a"/>
      </object_component>
      <object_component id="oc-2f6">
         <name>.text:_ti_sysbios_knl_Clock_workFunc__E</name>
         <load_address>0x89e24</load_address>
         <run_address>0x89e24</run_address>
         <size>0xb1</size>
         <input_file_ref idref="fl-1a"/>
      </object_component>
      <object_component id="oc-448">
         <name>.text</name>
         <load_address>0x89ed5</load_address>
         <run_address>0x89ed5</run_address>
         <size>0xae</size>
         <input_file_ref idref="fl-50"/>
      </object_component>
      <object_component id="oc-466">
         <name>.text:_ti_sysbios_knl_Swi_run__I</name>
         <load_address>0x89f83</load_address>
         <run_address>0x89f83</run_address>
         <size>0xa9</size>
         <input_file_ref idref="fl-1a"/>
      </object_component>
      <object_component id="oc-369">
         <name>.text:_xdc_runtime_Core_createObject__I</name>
         <load_address>0x8a02c</load_address>
         <run_address>0x8a02c</run_address>
         <size>0xa0</size>
         <input_file_ref idref="fl-20"/>
      </object_component>
      <object_component id="oc-4b7">
         <name>.text:_ti_sysbios_family_c28_Hwi_dispatch</name>
         <load_address>0x8a0cc</load_address>
         <run_address>0x8a0cc</run_address>
         <size>0x9d</size>
         <input_file_ref idref="fl-1c"/>
      </object_component>
      <object_component id="oc-249">
         <name>.text</name>
         <load_address>0x8a169</load_address>
         <run_address>0x8a169</run_address>
         <size>0x9c</size>
         <input_file_ref idref="fl-51"/>
      </object_component>
      <object_component id="oc-3ae">
         <name>.text:_ti_catalog_c2800_initF2837x_Boot_defaultLimpAbortFunction</name>
         <load_address>0x8a205</load_address>
         <run_address>0x8a205</run_address>
         <size>0x1</size>
         <input_file_ref idref="fl-2f"/>
      </object_component>
      <object_component id="oc-4c3">
         <name>.text</name>
         <load_address>0x8a206</load_address>
         <run_address>0x8a206</run_address>
         <size>0x95</size>
         <input_file_ref idref="fl-4d"/>
      </object_component>
      <object_component id="oc-32d">
         <name>.text:_uart_init</name>
         <load_address>0x8a29b</load_address>
         <run_address>0x8a29b</run_address>
         <size>0x94</size>
         <input_file_ref idref="fl-d"/>
      </object_component>
      <object_component id="oc-3d7">
         <name>.text:_ti_sysbios_family_c28_Hwi_enableInterrupt__E</name>
         <load_address>0x8a32f</load_address>
         <run_address>0x8a32f</run_address>
         <size>0x8e</size>
         <input_file_ref idref="fl-1a"/>
      </object_component>
      <object_component id="oc-45d">
         <name>.text:_xdc_runtime_Core_constructObject__I</name>
         <load_address>0x8a3bd</load_address>
         <run_address>0x8a3bd</run_address>
         <size>0x8d</size>
         <input_file_ref idref="fl-21"/>
      </object_component>
      <object_component id="oc-280">
         <name>.text</name>
         <load_address>0x8a44a</load_address>
         <run_address>0x8a44a</run_address>
         <size>0x8b</size>
         <input_file_ref idref="fl-5c"/>
      </object_component>
      <object_component id="oc-1e8">
         <name>.text</name>
         <load_address>0x8a4d5</load_address>
         <run_address>0x8a4d5</run_address>
         <size>0x88</size>
         <input_file_ref idref="fl-3f"/>
      </object_component>
      <object_component id="oc-253">
         <name>.text</name>
         <load_address>0x8a55d</load_address>
         <run_address>0x8a55d</run_address>
         <size>0x83</size>
         <input_file_ref idref="fl-53"/>
      </object_component>
      <object_component id="oc-473">
         <name>.text:_ti_sysbios_family_c28_Hwi_disableInterrupt__E</name>
         <load_address>0x8a5e0</load_address>
         <run_address>0x8a5e0</run_address>
         <size>0x81</size>
         <input_file_ref idref="fl-1a"/>
      </object_component>
      <object_component id="oc-42f">
         <name>.text:_ti_sysbios_family_c28_Hwi_disablePIEIER__E</name>
         <load_address>0x8a661</load_address>
         <run_address>0x8a661</run_address>
         <size>0x80</size>
         <input_file_ref idref="fl-1a"/>
      </object_component>
      <object_component id="oc-42e">
         <name>.text:_ti_sysbios_family_c28_Hwi_enablePIEIER__E</name>
         <load_address>0x8a6e1</load_address>
         <run_address>0x8a6e1</run_address>
         <size>0x7f</size>
         <input_file_ref idref="fl-1a"/>
      </object_component>
      <object_component id="oc-3ef">
         <name>.text:_xdc_runtime_LoggerBuf_write4__E</name>
         <load_address>0x8a760</load_address>
         <run_address>0x8a760</run_address>
         <size>0x7a</size>
         <input_file_ref idref="fl-25"/>
      </object_component>
      <object_component id="oc-3da">
         <name>.text:_ti_sysbios_knl_Task_checkStacks__E</name>
         <load_address>0x8a7da</load_address>
         <run_address>0x8a7da</run_address>
         <size>0x75</size>
         <input_file_ref idref="fl-1a"/>
      </object_component>
      <object_component id="oc-35b">
         <name>.text:_ti_sysbios_knl_Task_startCore__E</name>
         <load_address>0x8a84f</load_address>
         <run_address>0x8a84f</run_address>
         <size>0x72</size>
         <input_file_ref idref="fl-1a"/>
      </object_component>
      <object_component id="oc-3b2">
         <name>.text:_xdc_runtime_Startup_startMods__I</name>
         <load_address>0x8a8c1</load_address>
         <run_address>0x8a8c1</run_address>
         <size>0x72</size>
         <input_file_ref idref="fl-27"/>
      </object_component>
      <object_component id="oc-349">
         <name>.text:_ti_sysbios_gates_GateMutex_enter__E</name>
         <load_address>0x8a933</load_address>
         <run_address>0x8a933</run_address>
         <size>0x71</size>
         <input_file_ref idref="fl-1a"/>
      </object_component>
      <object_component id="oc-2e0">
         <name>.text:_oled_display_task</name>
         <load_address>0x8a9a4</load_address>
         <run_address>0x8a9a4</run_address>
         <size>0x6e</size>
         <input_file_ref idref="fl-4"/>
      </object_component>
      <object_component id="oc-3f5">
         <name>.text:_ti_sysbios_knl_Task_schedule__I</name>
         <load_address>0x8aa12</load_address>
         <run_address>0x8aa12</run_address>
         <size>0x6e</size>
         <input_file_ref idref="fl-1a"/>
      </object_component>
      <object_component id="oc-91">
         <name>.text</name>
         <load_address>0x8aa80</load_address>
         <run_address>0x8aa80</run_address>
         <size>0x69</size>
         <input_file_ref idref="fl-2e"/>
      </object_component>
      <object_component id="oc-4b8">
         <name>.text:_ti_sysbios_family_c28_Timer_stopAndClear__I</name>
         <load_address>0x8aae9</load_address>
         <run_address>0x8aae9</run_address>
         <size>0x66</size>
         <input_file_ref idref="fl-1a"/>
      </object_component>
      <object_component id="oc-338">
         <name>.text:_ti_sysbios_knl_Swi_post__E</name>
         <load_address>0x8ab4f</load_address>
         <run_address>0x8ab4f</run_address>
         <size>0x61</size>
         <input_file_ref idref="fl-1a"/>
      </object_component>
      <object_component id="oc-37c">
         <name>.text:_ti_sysbios_knl_Task_blockI__E</name>
         <load_address>0x8abb0</load_address>
         <run_address>0x8abb0</run_address>
         <size>0x61</size>
         <input_file_ref idref="fl-1a"/>
      </object_component>
      <object_component id="oc-31d">
         <name>.text:_stepper_step</name>
         <load_address>0x8ac11</load_address>
         <run_address>0x8ac11</run_address>
         <size>0x60</size>
         <input_file_ref idref="fl-9"/>
      </object_component>
      <object_component id="oc-3ad">
         <name>.text:_xdc_runtime_Error_policyDefault__E</name>
         <load_address>0x8ac71</load_address>
         <run_address>0x8ac71</run_address>
         <size>0x60</size>
         <input_file_ref idref="fl-23"/>
      </object_component>
      <object_component id="oc-498">
         <name>.text:_xdc_runtime_Text_putSite__E</name>
         <load_address>0x8acd1</load_address>
         <run_address>0x8acd1</run_address>
         <size>0x60</size>
         <input_file_ref idref="fl-2a"/>
      </object_component>
      <object_component id="oc-32f">
         <name>.text:_spi_init</name>
         <load_address>0x8ad31</load_address>
         <run_address>0x8ad31</run_address>
         <size>0x5f</size>
         <input_file_ref idref="fl-c"/>
      </object_component>
      <object_component id="oc-447">
         <name>.text</name>
         <load_address>0x8ad90</load_address>
         <run_address>0x8ad90</run_address>
         <size>0x5a</size>
         <input_file_ref idref="fl-4f"/>
      </object_component>
      <object_component id="oc-3aa">
         <name>.text</name>
         <load_address>0x8adea</load_address>
         <run_address>0x8adea</run_address>
         <size>0x59</size>
         <input_file_ref idref="fl-3c"/>
      </object_component>
      <object_component id="oc-4bb">
         <name>.text:_ti_sysbios_knl_Task_exit__E</name>
         <load_address>0x8ae43</load_address>
         <run_address>0x8ae43</run_address>
         <size>0x58</size>
         <input_file_ref idref="fl-1a"/>
      </object_component>
      <object_component id="oc-32e">
         <name>.text:_i2c_init</name>
         <load_address>0x8ae9b</load_address>
         <run_address>0x8ae9b</run_address>
         <size>0x57</size>
         <input_file_ref idref="fl-b"/>
      </object_component>
      <object_component id="oc-3a2">
         <name>.text</name>
         <load_address>0x8aef2</load_address>
         <run_address>0x8aef2</run_address>
         <size>0x57</size>
         <input_file_ref idref="fl-3e"/>
      </object_component>
      <object_component id="oc-319">
         <name>.text:_ti_sysbios_knl_Mailbox_post__E</name>
         <load_address>0x8af49</load_address>
         <run_address>0x8af49</run_address>
         <size>0x54</size>
         <input_file_ref idref="fl-1a"/>
      </object_component>
      <object_component id="oc-385">
         <name>.text:_ti_sysbios_knl_Task_unblockI__E</name>
         <load_address>0x8af9d</load_address>
         <run_address>0x8af9d</run_address>
         <size>0x52</size>
         <input_file_ref idref="fl-1a"/>
      </object_component>
      <object_component id="oc-2f3">
         <name>.text:_uart_rx_SWI</name>
         <load_address>0x8afef</load_address>
         <run_address>0x8afef</run_address>
         <size>0x50</size>
         <input_file_ref idref="fl-d"/>
      </object_component>
      <object_component id="oc-2df">
         <name>.text:_step_task</name>
         <load_address>0x8b03f</load_address>
         <run_address>0x8b03f</run_address>
         <size>0x4d</size>
         <input_file_ref idref="fl-4"/>
      </object_component>
      <object_component id="oc-2e8">
         <name>.text:.bootCodeSection:_ti_catalog_c2800_initF2837x_Boot_configurePllDivs</name>
         <load_address>0x8b08c</load_address>
         <run_address>0x8b08c</run_address>
         <size>0x49</size>
         <input_file_ref idref="fl-2f"/>
      </object_component>
      <object_component id="oc-382">
         <name>.text:_i2c_master_rx</name>
         <load_address>0x8b0d5</load_address>
         <run_address>0x8b0d5</run_address>
         <size>0x49</size>
         <input_file_ref idref="fl-b"/>
      </object_component>
      <object_component id="oc-2ee">
         <name>.text:_main</name>
         <load_address>0x8b11e</load_address>
         <run_address>0x8b11e</run_address>
         <size>0x49</size>
         <input_file_ref idref="fl-4"/>
      </object_component>
      <object_component id="oc-4ac">
         <name>.text:_ti_sysbios_knl_Task_postInit__I</name>
         <load_address>0x8b167</load_address>
         <run_address>0x8b167</run_address>
         <size>0x49</size>
         <input_file_ref idref="fl-1a"/>
      </object_component>
      <object_component id="oc-3a0">
         <name>.text:_oled_draw_line</name>
         <load_address>0x8b1b0</load_address>
         <run_address>0x8b1b0</run_address>
         <size>0x47</size>
         <input_file_ref idref="fl-6"/>
      </object_component>
      <object_component id="oc-47e">
         <name>.text:_ti_sysbios_family_c28_Hwi_Module_startup__E</name>
         <load_address>0x8b1f7</load_address>
         <run_address>0x8b1f7</run_address>
         <size>0x47</size>
         <input_file_ref idref="fl-1a"/>
      </object_component>
      <object_component id="oc-303">
         <name>.text:_ir_sensor_ISR</name>
         <load_address>0x8b23e</load_address>
         <run_address>0x8b23e</run_address>
         <size>0x43</size>
         <input_file_ref idref="fl-9"/>
      </object_component>
      <object_component id="oc-3b5">
         <name>.text:_ti_sysbios_knl_Mailbox_Instance_finalize__E</name>
         <load_address>0x8b281</load_address>
         <run_address>0x8b281</run_address>
         <size>0x43</size>
         <input_file_ref idref="fl-1a"/>
      </object_component>
      <object_component id="oc-164">
         <name>.text:_ti_sysbios_family_c28_Hwi_unPluggedInterrupt__I</name>
         <load_address>0x8b2c4</load_address>
         <run_address>0x8b2c4</run_address>
         <size>0x42</size>
         <input_file_ref idref="fl-1a"/>
      </object_component>
      <object_component id="oc-324">
         <name>.text:_oled_draw_progres_bar</name>
         <load_address>0x8b306</load_address>
         <run_address>0x8b306</run_address>
         <size>0x41</size>
         <input_file_ref idref="fl-6"/>
      </object_component>
      <object_component id="oc-4e0">
         <name>.text:_xdc_runtime_Text_putLab__E</name>
         <load_address>0x8b347</load_address>
         <run_address>0x8b347</run_address>
         <size>0x41</size>
         <input_file_ref idref="fl-2a"/>
      </object_component>
      <object_component id="oc-323">
         <name>.text:_oled_send_buffer</name>
         <load_address>0x8b388</load_address>
         <run_address>0x8b388</run_address>
         <size>0x40</size>
         <input_file_ref idref="fl-6"/>
      </object_component>
      <object_component id="oc-4a2">
         <name>.text:_ti_sysbios_family_c28_Timer_postInit__I</name>
         <load_address>0x8b3c8</load_address>
         <run_address>0x8b3c8</run_address>
         <size>0x40</size>
         <input_file_ref idref="fl-1a"/>
      </object_component>
      <object_component id="oc-3fc">
         <name>.text:_xdc_runtime_Memory_alloc__E</name>
         <load_address>0x8b408</load_address>
         <run_address>0x8b408</run_address>
         <size>0x40</size>
         <input_file_ref idref="fl-26"/>
      </object_component>
      <object_component id="oc-2e2">
         <name>.text:_task_wait</name>
         <load_address>0x8b448</load_address>
         <run_address>0x8b448</run_address>
         <size>0x3f</size>
         <input_file_ref idref="fl-4"/>
      </object_component>
      <object_component id="oc-322">
         <name>.text:_oled_draw_string</name>
         <load_address>0x8b487</load_address>
         <run_address>0x8b487</run_address>
         <size>0x3e</size>
         <input_file_ref idref="fl-6"/>
      </object_component>
      <object_component id="oc-4e7">
         <name>.text:_ti_sysbios_knl_Swi_restoreHwi__E</name>
         <load_address>0x8b4c5</load_address>
         <run_address>0x8b4c5</run_address>
         <size>0x3e</size>
         <input_file_ref idref="fl-1a"/>
      </object_component>
      <object_component id="oc-36b">
         <name>.text:_xdc_runtime_Core_deleteObject__I</name>
         <load_address>0x8b503</load_address>
         <run_address>0x8b503</run_address>
         <size>0x3e</size>
         <input_file_ref idref="fl-20"/>
      </object_component>
      <object_component id="oc-320">
         <name>.text:_oled_draw_frame</name>
         <load_address>0x8b541</load_address>
         <run_address>0x8b541</run_address>
         <size>0x3d</size>
         <input_file_ref idref="fl-6"/>
      </object_component>
      <object_component id="oc-31a">
         <name>.text:_ti_sysbios_knl_Mailbox_pend__E</name>
         <load_address>0x8b57e</load_address>
         <run_address>0x8b57e</run_address>
         <size>0x3d</size>
         <input_file_ref idref="fl-1a"/>
      </object_component>
      <object_component id="oc-46c">
         <name>.text:_xdc_runtime_LoggerBuf_getFilterLevel__E</name>
         <load_address>0x8b5bb</load_address>
         <run_address>0x8b5bb</run_address>
         <size>0x3d</size>
         <input_file_ref idref="fl-25"/>
      </object_component>
      <object_component id="oc-46b">
         <name>.text:_xdc_runtime_LoggerBuf_setFilterLevel__E</name>
         <load_address>0x8b5f8</load_address>
         <run_address>0x8b5f8</run_address>
         <size>0x3c</size>
         <input_file_ref idref="fl-25"/>
      </object_component>
      <object_component id="oc-2f5">
         <name>.text:_i2c_rx_handler_SWI</name>
         <load_address>0x8b634</load_address>
         <run_address>0x8b634</run_address>
         <size>0x3a</size>
         <input_file_ref idref="fl-b"/>
      </object_component>
      <object_component id="oc-3a5">
         <name>.text:_oled_draw_char</name>
         <load_address>0x8b66e</load_address>
         <run_address>0x8b66e</run_address>
         <size>0x3a</size>
         <input_file_ref idref="fl-6"/>
      </object_component>
      <object_component id="oc-36d">
         <name>.text:_i2c_master_tx</name>
         <load_address>0x8b6a8</load_address>
         <run_address>0x8b6a8</run_address>
         <size>0x39</size>
         <input_file_ref idref="fl-b"/>
      </object_component>
      <object_component id="oc-4cf">
         <name>.text:_ti_sysbios_family_c28_TaskSupport_start__E</name>
         <load_address>0x8b6e1</load_address>
         <run_address>0x8b6e1</run_address>
         <size>0x39</size>
         <input_file_ref idref="fl-1a"/>
      </object_component>
      <object_component id="oc-4b1">
         <name>.text</name>
         <load_address>0x8b71a</load_address>
         <run_address>0x8b71a</run_address>
         <size>0x39</size>
         <input_file_ref idref="fl-4c"/>
      </object_component>
      <object_component id="oc-397">
         <name>.text</name>
         <load_address>0x8b753</load_address>
         <run_address>0x8b753</run_address>
         <size>0x39</size>
         <input_file_ref idref="fl-3d"/>
      </object_component>
      <object_component id="oc-4b3">
         <name>.text:_xdc_runtime_Text_putMod__E</name>
         <load_address>0x8b78c</load_address>
         <run_address>0x8b78c</run_address>
         <size>0x38</size>
         <input_file_ref idref="fl-2a"/>
      </object_component>
      <object_component id="oc-336">
         <name>.text:_ti_sysbios_knl_Clock_logTick__E</name>
         <load_address>0x8b7c4</load_address>
         <run_address>0x8b7c4</run_address>
         <size>0x37</size>
         <input_file_ref idref="fl-1a"/>
      </object_component>
      <object_component id="oc-330">
         <name>.text:_stepper_init</name>
         <load_address>0x8b7fb</load_address>
         <run_address>0x8b7fb</run_address>
         <size>0x36</size>
         <input_file_ref idref="fl-9"/>
      </object_component>
      <object_component id="oc-4d3">
         <name>.text:_xdc_runtime_System_formatNum__I</name>
         <load_address>0x8b831</load_address>
         <run_address>0x8b831</run_address>
         <size>0x35</size>
         <input_file_ref idref="fl-28"/>
      </object_component>
      <object_component id="oc-331">
         <name>.text:_ti_sysbios_knl_Mailbox_create</name>
         <load_address>0x8b866</load_address>
         <run_address>0x8b866</run_address>
         <size>0x32</size>
         <input_file_ref idref="fl-12"/>
      </object_component>
      <object_component id="oc-483">
         <name>.text:_ti_sysbios_knl_Task_Module_startup__E</name>
         <load_address>0x8b898</load_address>
         <run_address>0x8b898</run_address>
         <size>0x32</size>
         <input_file_ref idref="fl-1a"/>
      </object_component>
      <object_component id="oc-2e1">
         <name>.text:_pc_data_tx_task</name>
[...]
         <object_component_ref idref="oc-469"/>
      </symbol>
      <symbol id="sm-eab">
         <name>_xdc_runtime_LoggerBuf_setFilterLevel__E</name>
         <value>0x8b5f8</value>
         <object_component_ref idref="oc-46b"/>
      </symbol>
      <symbol id="sm-eac">
         <name>_xdc_runtime_LoggerBuf_write8__E</name>
         <value>0x89bed</value>
         <object_component_ref idref="oc-455"/>
      </symbol>
      <symbol id="sm-ead">
         <name>_xdc_runtime_LoggerBuf_write2__E</name>
         <value>0x8c55c</value>
         <object_component_ref idref="oc-3c7"/>
      </symbol>
      <symbol id="sm-eae">
         <name>_xdc_runtime_LoggerBuf_filterOutEvent__I</name>
         <value>0x8bf68</value>
         <object_component_ref idref="oc-43c"/>
      </symbol>
      <symbol id="sm-eaf">
         <name>_xdc_runtime_LoggerBuf_write1__E</name>
         <value>0x8c696</value>
         <object_component_ref idref="oc-3c4"/>
      </symbol>
      <symbol id="sm-eb0">
         <name>_xdc_runtime_LoggerBuf_enable__E</name>
         <value>0x8c91a</value>
         <object_component_ref idref="oc-468"/>
      </symbol>
      <symbol id="sm-ecb">
         <name>_xdc_runtime_Memory_calloc__E</name>
         <value>0x8c8bb</value>
         <object_component_ref idref="oc-3eb"/>
      </symbol>
      <symbol id="sm-ecc">
         <name>_xdc_runtime_Memory_free__E</name>
         <value>0x8c7d5</value>
         <object_component_ref idref="oc-3ee"/>
      </symbol>
      <symbol id="sm-ecd">
         <name>_xdc_runtime_Memory_valloc__E</name>
         <value>0x8c318</value>
         <object_component_ref idref="oc-438"/>
      </symbol>
      <symbol id="sm-ece">
         <name>_xdc_runtime_Memory_alloc__E</name>
         <value>0x8b408</value>
         <object_component_ref idref="oc-3fc"/>
      </symbol>
      <symbol id="sm-ecf">
         <name>_xdc_runtime_Memory_getMaxDefaultTypeAlign__E</name>
         <value>0x8c951</value>
         <object_component_ref idref="oc-44e"/>
      </symbol>
      <symbol id="sm-ef1">
         <name>_xdc_runtime_Startup_startMods__I</name>
         <value>0x8a8c1</value>
         <object_component_ref idref="oc-3b2"/>
      </symbol>
      <symbol id="sm-ef2">
         <name>_xdc_runtime_Startup_rtsDone__E</name>
         <value>0x8c955</value>
         <object_component_ref idref="oc-2f8"/>
      </symbol>
      <symbol id="sm-ef3">
         <name>_xdc_runtime_Startup_exec__E</name>
         <value>0x8ba7b</value>
         <object_component_ref idref="oc-2bb"/>
      </symbol>
      <symbol id="sm-f77">
         <name>_xdc_runtime_System_formatNum__I</name>
         <value>0x8b831</value>
         <object_component_ref idref="oc-4d3"/>
      </symbol>
      <symbol id="sm-f78">
         <name>_xdc_runtime_System_exit__E</name>
         <value>0x8c7ac</value>
         <object_component_ref idref="oc-2be"/>
      </symbol>
      <symbol id="sm-f79">
         <name>_xdc_runtime_System_exitStd__E</name>
         <value>0x8c9b3</value>
         <object_component_ref idref="oc-335"/>
      </symbol>
      <symbol id="sm-f7a">
         <name>_xdc_runtime_System_printf_va__F</name>
         <value>0x8c243</value>
         <object_component_ref idref="oc-4b6"/>
      </symbol>
      <symbol id="sm-f7b">
         <name>_xdc_runtime_System_atexit__E</name>
         <value>0x8beeb</value>
         <object_component_ref idref="oc-2fb"/>
      </symbol>
      <symbol id="sm-f7c">
         <name>_xdc_runtime_System_abortStd__E</name>
         <value>0x8c9b0</value>
         <object_component_ref idref="oc-47a"/>
      </symbol>
      <symbol id="sm-f7d">
         <name>_xdc_runtime_System_putchar__I</name>
         <value>0x8c28c</value>
         <object_component_ref idref="oc-4d4"/>
      </symbol>
      <symbol id="sm-f7e">
         <name>_xdc_runtime_System_snprintf_va__F</name>
         <value>0x8c7df</value>
         <object_component_ref idref="oc-4c9"/>
      </symbol>
      <symbol id="sm-f7f">
         <name>_xdc_runtime_System_Module_startup__E</name>
         <value>0x8c9a1</value>
         <object_component_ref idref="oc-47c"/>
      </symbol>
      <symbol id="sm-f80">
         <name>_xdc_runtime_System_avprintf__E</name>
         <value>0x8c1c5</value>
         <object_component_ref idref="oc-4b5"/>
      </symbol>
      <symbol id="sm-f81">
         <name>_xdc_runtime_System_vprintf__E</name>
         <value>0x8c243</value>
         <object_component_ref idref="oc-4b6"/>
      </symbol>
      <symbol id="sm-f82">
         <name>_xdc_runtime_System_aprintf_va__F</name>
         <value>0x8c1c5</value>
         <object_component_ref idref="oc-4b5"/>
      </symbol>
      <symbol id="sm-f83">
         <name>_xdc_runtime_System_doPrint__I</name>
         <value>0x88ce4</value>
         <object_component_ref idref="oc-4cb"/>
      </symbol>
      <symbol id="sm-f84">
         <name>_xdc_runtime_System_processAtExit__E</name>
         <value>0x8be44</value>
         <object_component_ref idref="oc-2ef"/>
      </symbol>
      <symbol id="sm-f85">
         <name>_xdc_runtime_System_vsnprintf__E</name>
         <value>0x8c7df</value>
         <object_component_ref idref="oc-4c9"/>
      </symbol>
      <symbol id="sm-f86">
         <name>_xdc_runtime_System_abort__E</name>
         <value>0x8c6a3</value>
         <object_component_ref idref="oc-406"/>
      </symbol>
      <symbol id="sm-fa4">
         <name>_xdc_runtime_SysMin_abort__E</name>
         <value>0x8c32f</value>
         <object_component_ref idref="oc-479"/>
      </symbol>
      <symbol id="sm-fa5">
         <name>_xdc_runtime_SysMin_ready__E</name>
         <value>0x8c8c3</value>
         <object_component_ref idref="oc-4d1"/>
      </symbol>
      <symbol id="sm-fa6">
         <name>_xdc_runtime_SysMin_flush__E</name>
         <value>0x8bd8d</value>
         <object_component_ref idref="oc-420"/>
      </symbol>
      <symbol id="sm-fa7">
         <name>_xdc_runtime_SysMin_Module_startup__E</name>
         <value>0x8c50f</value>
         <object_component_ref idref="oc-47d"/>
      </symbol>
      <symbol id="sm-fa8">
         <name>_xdc_runtime_SysMin_putch__E</name>
         <value>0x8c091</value>
         <object_component_ref idref="oc-49b"/>
      </symbol>
      <symbol id="sm-fa9">
         <name>_xdc_runtime_SysMin_exit__E</name>
         <value>0x8c710</value>
         <object_component_ref idref="oc-3b8"/>
      </symbol>
      <symbol id="sm-fe9">
         <name>_xdc_runtime_Text_putLab__E</name>
         <value>0x8b347</value>
         <object_component_ref idref="oc-4e0"/>
      </symbol>
      <symbol id="sm-fea">
         <name>_xdc_runtime_Text_printVisFxn__I</name>
         <value>0x8c388</value>
         <object_component_ref idref="oc-4c8"/>
      </symbol>
      <symbol id="sm-feb">
         <name>_xdc_runtime_Text_putMod__E</name>
         <value>0x8b78c</value>
         <object_component_ref idref="oc-4b3"/>
      </symbol>
      <symbol id="sm-fec">
         <name>_xdc_runtime_Text_xprintf__I</name>
         <value>0x8bd14</value>
         <object_component_ref idref="oc-4b4"/>
      </symbol>
      <symbol id="sm-fed">
         <name>_xdc_runtime_Text_visitRope2__I</name>
         <value>0x8bbe8</value>
         <object_component_ref idref="oc-4da"/>
      </symbol>
      <symbol id="sm-fee">
         <name>_xdc_runtime_Text_ropeText__E</name>
         <value>0x8c7e9</value>
         <object_component_ref idref="oc-3f1"/>
      </symbol>
      <symbol id="sm-fef">
         <name>_xdc_runtime_Text_putSite__E</name>
         <value>0x8acd1</value>
         <object_component_ref idref="oc-498"/>
      </symbol>
      <symbol id="sm-ffb">
         <name>___xdc__init</name>
         <value>0x8c95c</value>
         <object_component_ref idref="oc-2bf"/>
      </symbol>
      <symbol id="sm-101b">
         <name>_xdc_runtime_Registry_findById__E</name>
         <value>0x8c56b</value>
         <object_component_ref idref="oc-4c6"/>
      </symbol>
      <symbol id="sm-1036">
         <name>_c_int00</name>
         <value>0x8aa80</value>
         <object_component_ref idref="oc-91"/>
      </symbol>
      <symbol id="sm-1037">
         <name>__stack</name>
         <value>0x122</value>
         <object_component_ref idref="oc-1ca"/>
      </symbol>
      <symbol id="sm-1050">
         <name>_ti_catalog_c2800_initF2837x_Boot_initFlash</name>
         <value>0xb000</value>
         <object_component_ref idref="oc-409"/>
      </symbol>
      <symbol id="sm-1051">
         <name>_ti_catalog_c2800_initF2837x_Boot_defaultLimpAbortFunction</name>
         <value>0x8a205</value>
         <object_component_ref idref="oc-3ae"/>
      </symbol>
      <symbol id="sm-1052">
         <name>_ti_catalog_c2800_initF2837x_Boot_configurePllDivs</name>
         <value>0x8b08c</value>
         <object_component_ref idref="oc-2e8"/>
      </symbol>
      <symbol id="sm-1053">
         <name>_ti_catalog_c2800_initF2837x_Boot_initSharedRAMs</name>
         <value>0x8c88b</value>
         <object_component_ref idref="oc-2e9"/>
      </symbol>
      <symbol id="sm-1054">
         <name>_ti_catalog_c2800_initF2837x_Boot_disableWatchdog</name>
         <value>0x8c883</value>
         <object_component_ref idref="oc-2e7"/>
      </symbol>
      <symbol id="sm-1060">
         <name>_ti_catalog_c2800_initF2837x_Boot_entry</name>
         <value>0x80000</value>
         <object_component_ref idref="oc-92"/>
      </symbol>
      <symbol id="sm-1076">
         <name>_floorf</name>
         <value>0x8adea</value>
         <object_component_ref idref="oc-3aa"/>
      </symbol>
      <symbol id="sm-1078">
         <name>_floor</name>
         <value>0x8adea</value>
         <object_component_ref idref="oc-3aa"/>
      </symbol>
      <symbol id="sm-1088">
         <name>_round</name>
         <value>0x8b753</value>
         <object_component_ref idref="oc-397"/>
      </symbol>
      <symbol id="sm-1089">
         <name>_roundf</name>
         <value>0x8b753</value>
         <object_component_ref idref="oc-397"/>
      </symbol>
      <symbol id="sm-109e">
         <name>_vsnprintf</name>
         <value>0x8aef2</value>
         <object_component_ref idref="oc-3a2"/>
      </symbol>
      <symbol id="sm-10b0">
         <name>FS$$DIV</name>
         <value>0x8a4d5</value>
         <object_component_ref idref="oc-1e8"/>
      </symbol>
      <symbol id="sm-10be">
         <name>ULL$$CMP</name>
         <value>0x8bff4</value>
         <object_component_ref idref="oc-1ed"/>
      </symbol>
      <symbol id="sm-10bf">
         <name>LL$$CMP</name>
         <value>0x8bfe2</value>
         <object_component_ref idref="oc-1ed"/>
      </symbol>
      <symbol id="sm-10eb">
         <name>ULL$$MOD</name>
         <value>0x89764</value>
         <object_component_ref idref="oc-1f2"/>
      </symbol>
      <symbol id="sm-10ec">
         <name>ULL$$DIV</name>
         <value>0x89735</value>
         <object_component_ref idref="oc-1f2"/>
      </symbol>
      <symbol id="sm-10ed">
         <name>LL$$MOD</name>
         <value>0x896fb</value>
         <object_component_ref idref="oc-1f2"/>
      </symbol>
      <symbol id="sm-10ee">
         <name>LL$$DIV</name>
         <value>0x896bf</value>
         <object_component_ref idref="oc-1f2"/>
      </symbol>
      <symbol id="sm-10fd">
         <name>_copy_in</name>
         <value>0x8bdfd</value>
         <object_component_ref idref="oc-2ba"/>
      </symbol>
      <symbol id="sm-110f">
         <name>_memcpy</name>
         <value>0x8c0cb</value>
         <object_component_ref idref="oc-2ea"/>
      </symbol>
      <symbol id="sm-111c">
         <name>__system_pre_init</name>
         <value>0x8c9be</value>
         <object_component_ref idref="oc-2b8"/>
      </symbol>
      <symbol id="sm-112a">
         <name>__system_post_cinit</name>
         <value>0x8c9c4</value>
         <object_component_ref idref="oc-2bc"/>
      </symbol>
      <symbol id="sm-113f">
         <name>C$$EXIT</name>
         <value>0x8bd3d</value>
         <object_component_ref idref="oc-3b9"/>
      </symbol>
      <symbol id="sm-1140">
         <name>_exit</name>
         <value>0x8bd3f</value>
         <object_component_ref idref="oc-3b9"/>
      </symbol>
      <symbol id="sm-1142">
         <name>___TI_cleanup_ptr</name>
         <value>0x1099a</value>
         <object_component_ref idref="oc-20d"/>
      </symbol>
      <symbol id="sm-1143">
         <name>___TI_enable_exit_profile_output</name>
         <value>0x10998</value>
         <object_component_ref idref="oc-20d"/>
      </symbol>
      <symbol id="sm-1144">
         <name>_abort</name>
         <value>0x8bd3d</value>
         <object_component_ref idref="oc-3b9"/>
      </symbol>
      <symbol id="sm-1146">
         <name>___TI_dtors_ptr</name>
         <value>0x1099c</value>
         <object_component_ref idref="oc-20d"/>
      </symbol>
      <symbol id="sm-115a">
         <name>__unlock</name>
         <value>0x1093c</value>
         <object_component_ref idref="oc-3d1"/>
      </symbol>
      <symbol id="sm-115b">
         <name>__lock</name>
         <value>0x107be</value>
         <object_component_ref idref="oc-3d2"/>
      </symbol>
      <symbol id="sm-115c">
         <name>__register_lock</name>
         <value>0x8c86c</value>
         <object_component_ref idref="oc-350"/>
      </symbol>
      <symbol id="sm-115e">
         <name>__nop</name>
         <value>0x8c870</value>
         <object_component_ref idref="oc-350"/>
      </symbol>
      <symbol id="sm-1160">
         <name>__register_unlock</name>
         <value>0x8c868</value>
         <object_component_ref idref="oc-350"/>
      </symbol>
      <symbol id="sm-1170">
         <name>__args_main</name>
         <value>0x8c4ab</value>
         <object_component_ref idref="oc-2bd"/>
      </symbol>
      <symbol id="sm-117f">
         <name>_memset</name>
         <value>0x8c8ef</value>
         <object_component_ref idref="oc-317"/>
      </symbol>
      <symbol id="sm-1196">
         <name>_strlen</name>
         <value>0x8c8cb</value>
         <object_component_ref idref="oc-445"/>
      </symbol>
      <symbol id="sm-11a4">
         <name>_HOSTwrite</name>
         <value>0x8b71a</value>
         <object_component_ref idref="oc-4b1"/>
      </symbol>
      <symbol id="sm-11be">
         <name>___TI_readmsg</name>
         <value>0x8a25e</value>
         <object_component_ref idref="oc-4c3"/>
      </symbol>
      <symbol id="sm-11c0">
         <name>C$$IO$$</name>
         <value>0x8a259</value>
         <object_component_ref idref="oc-4c3"/>
      </symbol>
      <symbol id="sm-11c1">
         <name>__CIOBUF_</name>
         <value>0x10a40</value>
         <object_component_ref idref="oc-231"/>
      </symbol>
      <symbol id="sm-11c2">
         <name>___TI_writemsg</name>
         <value>0x8a206</value>
         <object_component_ref idref="oc-4c3"/>
      </symbol>
      <symbol id="sm-1323">
         <name>___TI_printfi</name>
         <value>0x88b53</value>
         <object_component_ref idref="oc-3fa"/>
      </symbol>
      <symbol id="sm-1337">
         <name>_frexpl</name>
         <value>0x8ad90</value>
         <object_component_ref idref="oc-447"/>
      </symbol>
      <symbol id="sm-1356">
         <name>_scalbnl</name>
         <value>0x89ed5</value>
         <object_component_ref idref="oc-448"/>
      </symbol>
      <symbol id="sm-1358">
         <name>_ldexpl</name>
         <value>0x89ed5</value>
         <object_component_ref idref="oc-448"/>
      </symbol>
      <symbol id="sm-1373">
         <name>FD$$ADD</name>
         <value>0x8a169</value>
         <object_component_ref idref="oc-249"/>
      </symbol>
      <symbol id="sm-1383">
         <name>FD$$CMP</name>
         <value>0x8bc97</value>
         <object_component_ref idref="oc-24e"/>
      </symbol>
      <symbol id="sm-1395">
         <name>FD$$MPY</name>
         <value>0x8a55d</value>
         <object_component_ref idref="oc-253"/>
      </symbol>
      <symbol id="sm-13a2">
         <name>FD$$NEG</name>
         <value>0x8c871</value>
         <object_component_ref idref="oc-258"/>
      </symbol>
      <symbol id="sm-13ae">
         <name>FD$$SUB</name>
         <value>0x8c606</value>
         <object_component_ref idref="oc-25d"/>
      </symbol>
      <symbol id="sm-13bd">
         <name>FD$$TOI</name>
         <value>0x8beaa</value>
         <object_component_ref idref="oc-262"/>
      </symbol>
      <symbol id="sm-13cc">
         <name>FD$$TOL</name>
         <value>0x8bf87</value>
         <object_component_ref idref="oc-267"/>
      </symbol>
      <symbol id="sm-13d8">
         <name>LL$$AND</name>
         <value>0x8c2a4</value>
         <object_component_ref idref="oc-26c"/>
      </symbol>
      <symbol id="sm-13d9">
         <name>LL$$OR</name>
         <value>0x8c2ac</value>
         <object_component_ref idref="oc-26c"/>
      </symbol>
      <symbol id="sm-13da">
         <name>LL$$XOR</name>
         <value>0x8c2b4</value>
         <object_component_ref idref="oc-26c"/>
      </symbol>
      <symbol id="sm-13ea">
         <name>I$$TOFD</name>
         <value>0x8c0ae</value>
         <object_component_ref idref="oc-271"/>
      </symbol>
      <symbol id="sm-13fa">
         <name>L$$TOFD</name>
         <value>0x8c158</value>
         <object_component_ref idref="oc-276"/>
      </symbol>
      <symbol id="sm-140a">
         <name>FS$$TOFD</name>
         <value>0x8c13c</value>
         <object_component_ref idref="oc-27b"/>
      </symbol>
      <symbol id="sm-1421">
         <name>FD$$DIV</name>
         <value>0x8a44a</value>
         <object_component_ref idref="oc-280"/>
      </symbol>
      <symbol id="sm-142f">
         <name>___TI_ltoa</name>
         <value>0x8b9be</value>
         <object_component_ref idref="oc-446"/>
      </symbol>
      <symbol id="sm-1444">
         <name>_atoi</name>
         <value>0x8b95d</value>
         <object_component_ref idref="oc-444"/>
      </symbol>
      <symbol id="sm-144d">
         <name>__ctypes_</name>
         <value>0x9358a</value>
         <object_component_ref idref="oc-474"/>
      </symbol>
      <symbol id="sm-145c">
         <name>_memccpy</name>
         <value>0x8c51f</value>
         <object_component_ref idref="oc-44b"/>
      </symbol>
      <symbol id="sm-146c">
         <name>_strchr</name>
         <value>0x8c71c</value>
         <object_component_ref idref="oc-449"/>
      </symbol>
      <symbol id="sm-147a">
         <name>_strcpy</name>
         <value>0x8c934</value>
         <object_component_ref idref="oc-44a"/>
      </symbol>
      <symbol id="sm-1485">
         <name>_errno</name>
         <value>0x1083f</value>
         <object_component_ref idref="oc-2a2"/>
      </symbol>
      <symbol id="sm-1491">
         <name>_parmbuf</name>
         <value>0x10934</value>
         <object_component_ref idref="oc-4c2"/>
      </symbol>
      <symbol id="sm-149e">
         <name>_copysignl</name>
         <value>0x8bdd8</value>
         <object_component_ref idref="oc-475"/>
      </symbol>
      <symbol id="sm-14ad">
         <name>_wcslen</name>
         <value>0x8c87a</value>
         <object_component_ref idref="oc-44c"/>
      </symbol>
      <symbol id="sm-14ba">
         <name>UL$$MOD</name>
         <value>0x8bce5</value>
         <object_component_ref idref="oc-2b3"/>
      </symbol>
      <symbol id="sm-14bb">
         <name>L$$MOD</name>
         <value>0x8bcd0</value>
         <object_component_ref idref="oc-2b3"/>
      </symbol>
      <symbol id="sm-14bc">
         <name>L$$DIV</name>
         <value>0x8bcc1</value>
         <object_component_ref idref="oc-2b3"/>
      </symbol>
      <symbol id="sm-14bd">
         <name>UL$$DIV</name>
         <value>0x8bcde</value>
         <object_component_ref idref="oc-2b3"/>
      </symbol>
   </symbol_table>
   <title>Link successful</title>
</link_info>
