******************************************************************************
             TMS320C2000 Linker PC v20.2.5                     
******************************************************************************
>> Linked Tue Dec  5 13:08:05 2023

OUTPUT FILE NAME:   <lidar_firmware_v2.out>
ENTRY POINT SYMBOL: "_c_int00"  address: 0008aa5e


MEMORY CONFIGURATION

         name            origin    length      used     unused   attr    fill
----------------------  --------  ---------  --------  --------  ----  --------
PAGE 0:
  D01SARAM              0000b000   00001000  0000002b  00000fd5  RWIX
  BEGIN                 00080000   00000002  00000002  00000000  RWIX
  FLASHA                00080002   00001ffe  000006b4  0000194a  RWIX
  FLASHB                00082000   00002000  00000000  00002000  RWIX
  FLASHC                00084000   00002000  00000000  00002000  RWIX
  FLASHD                00086000   00002000  00000000  00002000  RWIX
  FLASHE                00088000   00008000  000048e7  00003719  RWIX
  FLASHF                00090000   00008000  00003b73  0000448d  RWIX
  FLASHG                00098000   00008000  00000000  00008000  RWIX
  FLASHH                000a0000   00008000  00000000  00008000  RWIX
  FLASHI                000a8000   00008000  00000000  00008000  RWIX
  FLASHJ                000b0000   00008000  00000000  00008000  RWIX
  FLASHK                000b8000   00002000  00000000  00002000  RWIX
  FLASHL                000ba000   00002000  00000000  00002000  RWIX
  FLASHM                000bc000   00002000  00000000  00002000  RWIX
  FLASHN                000be000   00002000  00000000  00002000  RWIX
  RESET                 003fffc0   00000002  00000000  00000002  RWIX

PAGE 1:
  BOOT_RSVD             00000002   00000120  00000000  00000120  RWIX
  M01SARAM              00000122   000006de  00000186  00000558  RWIX
  ADCARESULT            00000b00   00000018  00000018  00000000  RWIX
  ADCBRESULT            00000b20   00000018  00000018  00000000  RWIX
  ADCCRESULT            00000b40   00000018  00000018  00000000  RWIX
  ADCDRESULT            00000b60   00000018  00000018  00000000  RWIX
  CPUTIMER0             00000c00   00000008  00000008  00000000  RWIX
  CPUTIMER1             00000c08   00000008  00000008  00000000  RWIX
  CPUTIMER2             00000c10   00000008  00000008  00000000  RWIX
  PIECTRL               00000ce0   0000001a  0000001a  00000000  RWIX
  PIEVECTTABLE          00000d00   00000200  00000000  00000200  RWIX
  DMA                   00001000   00000200  000000e0  00000120  RWIX
  CLA1                  00001400   00000080  0000003e  00000042  RWIX
  CLB1LOGICCFG          00003000   00000052  0000003e  00000014  RWIX
  CLB1LOGICCTRL         00003100   00000040  00000040  00000000  RWIX
  CLB1DATAEXCH          00003200   00000200  00000108  000000f8  RWIX
  CLB2LOGICCFG          00003400   00000052  0000003e  00000014  RWIX
  CLB2LOGICCTRL         00003500   00000040  00000040  00000000  RWIX
  CLB2DATAEXCH          00003600   00000200  00000108  000000f8  RWIX
  CLB3LOGICCFG          00003800   00000052  0000003e  00000014  RWIX
  CLB3LOGICCTRL         00003900   00000040  00000040  00000000  RWIX
  CLB3DATAEXCH          00003a00   00000200  00000108  000000f8  RWIX
  CLB4LOGICCFG          00003c00   00000052  0000003e  00000014  RWIX
  CLB4LOGICCTRL         00003d00   00000040  00000040  00000000  RWIX
  CLB4DATAEXCH          00003e00   00000200  00000108  000000f8  RWIX
  EPWM1                 00004000   00000100  00000100  00000000  RWIX
  EPWM2                 00004100   00000100  00000100  00000000  RWIX
  EPWM3                 00004200   00000100  00000100  00000000  RWIX
  EPWM4                 00004300   00000100  00000100  00000000  RWIX
  EPWM5                 00004400   00000100  00000100  00000000  RWIX
  EPWM6                 00004500   00000100  00000100  00000000  RWIX
  EPWM7                 00004600   00000100  00000100  00000000  RWIX
  EPWM8                 00004700   00000100  00000100  00000000  RWIX
  EPWM9                 00004800   00000100  00000100  00000000  RWIX
  EPWM10                00004900   00000100  00000100  00000000  RWIX
  EPWM11                00004a00   00000100  00000100  00000000  RWIX
  EPWM12                00004b00   00000100  00000100  00000000  RWIX
  ECAP1                 00005000   00000020  0000001a  00000006  RWIX
  ECAP2                 00005020   00000020  0000001a  00000006  RWIX
  ECAP3                 00005040   00000020  0000001a  00000006  RWIX
  ECAP4                 00005060   00000020  0000001a  00000006  RWIX
  ECAP5                 00005080   00000020  0000001a  00000006  RWIX
  ECAP6                 000050a0   00000020  0000001a  00000006  RWIX
  EQEP1                 00005100   00000022  00000022  00000000  RWIX
  EQEP2                 00005140   00000022  00000022  00000000  RWIX
  EQEP3                 00005180   00000022  00000022  00000000  RWIX
  DACA                  00005c00   00000008  00000007  00000001  RWIX
  DACB                  00005c10   00000008  00000007  00000001  RWIX
  DACC                  00005c20   00000008  00000007  00000001  RWIX
  CMPSS1                00005c80   00000020  0000001b  00000005  RWIX
  CMPSS2                00005ca0   00000020  0000001b  00000005  RWIX
  CMPSS3                00005cc0   00000020  0000001b  00000005  RWIX
  CMPSS4                00005ce0   00000020  0000001b  00000005  RWIX
  CMPSS5                00005d00   00000020  0000001b  00000005  RWIX
  CMPSS6                00005d20   00000020  0000001b  00000005  RWIX
  CMPSS7                00005d40   00000020  0000001b  00000005  RWIX
  CMPSS8                00005d60   00000020  0000001b  00000005  RWIX
  SDFM1                 00005e00   00000080  00000048  00000038  RWIX
  SDFM2                 00005e80   00000080  00000048  00000038  RWIX
  MCBSPA                00006000   00000024  00000024  00000000  RWIX
  MCBSPB                00006040   00000024  00000024  00000000  RWIX
  SPIA                  00006100   00000010  00000010  00000000  RWIX
  SPIB                  00006110   00000010  00000010  00000000  RWIX
  SPIC                  00006120   00000010  00000010  00000000  RWIX
  UPP                   00006200   00000048  00000048  00000000  RWIX
  WD                    00007000   0000002b  0000002b  00000000  RWIX
  NMIINTRUPT            00007060   00000007  00000007  00000000  RWIX
  XINT                  00007070   0000000b  0000000b  00000000  RWIX
  SCIA                  00007200   00000010  00000010  00000000  RWIX
  SCIB                  00007210   00000010  00000010  00000000  RWIX
  SCIC                  00007220   00000010  00000010  00000000  RWIX
  SCID                  00007230   00000010  00000010  00000000  RWIX
  I2CA                  00007300   00000022  00000022  00000000  RWIX
  I2CB                  00007340   00000022  00000022  00000000  RWIX
  ADCA                  00007400   00000080  0000007c  00000004  RWIX
  ADCB                  00007480   00000080  0000007c  00000004  RWIX
  ADCC                  00007500   00000080  0000007c  00000004  RWIX
  ADCD                  00007580   00000080  0000007c  00000004  RWIX
  INPUTXBAR             00007900   00000020  00000020  00000000  RWIX
  XBAR                  00007920   00000020  0000000e  00000012  RWIX
  SYNCSOC               00007940   00000006  00000006  00000000  RWIX
  DMACLASRCSEL          00007980   0000001a  0000001a  00000000  RWIX
  EPWMXBAR              00007a00   00000040  00000040  00000000  RWIX
  CLBXBAR               00007a40   00000040  00000040  00000000  RWIX
  OUTPUTXBAR            00007a80   00000040  00000040  00000000  RWIX
  GPIOCTRL              00007c00   00000180  00000180  00000000  RWIX
  GPIODATA              00007f00   00000030  00000030  00000000  RWIX
  LS05SARAM             00008000   00008e0c  00008720  000006ec  RWIX
  RAMGS0                00010e0c   000001f4  00000000  000001f4  RWIX
  RAMGS1                00011000   00001000  00000000  00001000  RWIX
  RAMGS2                00012000   00001000  00000000  00001000  RWIX
  RAMGS3                00013000   00001000  00000000  00001000  RWIX
  RAMGS4                00014000   00001000  00000000  00001000  RWIX
  RAMGS5                00016000   00001000  00000000  00001000  RWIX
  RAMGS6                00017000   00001000  00000000  00001000  RWIX
  RAMGS7                00018000   00000700  00000000  00000700  RWIX
  RAMGS8                00018700   00000700  00000000  00000700  RWIX
  RAMGS9                00018e00   00000700  00000000  00000700  RWIX
  RAMGS10               00019500   00000700  00000000  00000700  RWIX
  RAMGS11               00019c00   00000700  00000000  00000700  RWIX
  RAMGS12               0001a300   00000700  00000000  00000700  RWIX
  RAMGS13               0001aa00   00000700  00000000  00000700  RWIX
  RAMGS14               0001b100   00000700  00000000  00000700  RWIX
  RAMGS15               0001b800   00000800  00000000  00000800  RWIX
  CPU2TOCPU1RAM         0003f800   00000400  00000000  00000400  RWIX
  CPU1TOCPU2RAM         0003fc00   00000400  00000000  00000400  RWIX
  EMIF1                 00047000   00000070  00000028  00000048  RWIX
  EMIF2                 00047800   00000070  00000028  00000048  RWIX
  CANA                  00048000   00000200  00000164  0000009c  RWIX
  CANB                  0004a000   00000200  00000164  0000009c  RWIX
  IPC                   00050000   00000024  00000024  00000000  RWIX
  FLASHPUMPSEMAPHORE    00050024   00000002  00000002  00000000  RWIX
  DEVCFG                0005d000   0000012e  0000012e  00000000  RWIX
  ANALOGSUBSYS          0005d180   00000048  0000003e  0000000a  RWIX
  CLKCFG                0005d200   00000032  00000032  00000000  RWIX
  CPUSYS                0005d300   00000082  00000082  00000000  RWIX
  ROMPREFETCH           0005e608   00000002  00000002  00000000  RWIX
  DCSMZ1                0005f000   00000023  00000022  00000001  RWIX
  DCSMZ2                0005f040   00000023  00000022  00000001  RWIX
  DCSMCOMMON            0005f070   00000008  00000006  00000002  RWIX
  MEMCFG                0005f400   00000080  00000076  0000000a  RWIX
  EMIF1CONFIG           0005f480   00000020  0000000a  00000016  RWIX
  EMIF2CONFIG           0005f4a0   00000020  0000000a  00000016  RWIX
  ACCESSPROTECTION      0005f4c0   00000040  0000002e  00000012  RWIX
  MEMORYERROR           0005f500   00000040  0000003a  00000006  RWIX
  ROMWAITSTATE          0005f540   00000002  00000002  00000000  RWIX
  FLASH0CTRL            0005f800   00000182  00000182  00000000  RWIX
  FLASH0ECC             0005fb00   00000028  00000028  00000000  RWIX


SECTION ALLOCATION MAP

 output                                  attributes/
section   page    origin      length       input sections
--------  ----  ----------  ----------   ----------------
PieVectTableFile 
*          0    00000d00    000001c0     DSECT
                  00000d00    000001c0     F2837xD_GlobalVariableDefs.obj (PieVectTableFile)

EmuKeyVar 
*          0    00000d00    00000000     DSECT

EmuBModeVar 
*          0    00000d00    00000000     DSECT

EmuBootPinsVar 
*          0    00000d00    00000000     DSECT

FlashCallbackVar 
*          0    00000d00    00000000     DSECT

FlashScalingVar 
*          0    00000d00    00000000     DSECT

.ti_catalog_c2800_initF2837x_begin 
*          0    00080000    00000002     
                  00080000    00000002     Boot.a28FP : Boot_asm.o28FP (.ti_catalog_c2800_initF2837x_begin)

.cinit     0    0008002d    00000663     
                  0008002d    000001c3     app_p28FP.o28FP (.cinit:_ti_sysbios_family_c28_Hwi_Module_State_0_dispatchTable__A)
                  000801f0    0000012e     app_p28FP.o28FP (.cinit)
                  0008031e    000000d5     app_p28FP.o28FP (.cinit:_ti_sysbios_knl_Task_Object__table__V)
                  000803f3    00000073     app_p28FP.o28FP (.cinit:_ti_sysbios_family_c28_Hwi_Object__table__V)
                  00080466    0000005d     app_p28FP.o28FP (.cinit:_ti_sysbios_knl_Semaphore_Object__table__V)
                  000804c3    00000053     app_p28FP.o28FP (.cinit:_ti_sysbios_knl_Swi_Object__table__V)
                  00080516    00000043     app_p28FP.o28FP (.cinit:_ti_sysbios_knl_Swi_Module_State_0_readyQ__A)
                  00080559    00000043     app_p28FP.o28FP (.cinit:_ti_sysbios_knl_Task_Module_State_0_readyQ__A)
                  0008059c    00000033     app_p28FP.o28FP (.cinit:_ti_sysbios_family_c28_Timer_Object__table__V)
                  000805cf    0000001f     app_p28FP.o28FP (.cinit:_ti_sysbios_gates_GateMutex_Object__table__V)
                  000805ee    00000015     app_p28FP.o28FP (.cinit:_xdc_runtime_LoggerBuf_Object__table__V)
                  00080603    00000014     28379D_i2c.obj (.cinit)
                  00080617    0000000f     app_p28FP.o28FP (.cinit:_ti_sysbios_heaps_HeapMem_Object__table__V)
                  00080626    0000000e     delay_timer.obj (.cinit)
                  00080634    0000000e     rts2800_fpu32.lib : exit.c.obj (.cinit)
                  00080642    0000000d     stepper.obj (.cinit:_run_window)
                  0008064f    0000000b     app_p28FP.o28FP (.cinit:_xdc_runtime_System_Module_State_0_atexitHandlers__A)
                  0008065a    00000007     app_p28FP.o28FP (.cinit:_ti_sysbios_hal_Timer_Object__table__V)
                  00080661    00000005     rts2800_fpu32.lib : _lock.c.obj (.cinit:__lock)
                  00080666    00000005                       : _lock.c.obj (.cinit:__unlock)
                  0008066b    00000005     app_p28FP.o28FP (.cinit:_ti_sysbios_gates_GateHwi_Object__table__V)
                  00080670    00000005     app_p28FP.o28FP (.cinit:_ti_sysbios_knl_Task_Module_State_0_idleTask__A)
                  00080675    00000005     stepper.obj (.cinit)
                  0008067a    00000004     28379D_spi.obj (.cinit)
                  0008067e    00000004     28379D_uart.obj (.cinit)
                  00080682    00000004     SH1122_oled.obj (.cinit:_frame_buffer)
                  00080686    00000004     SH1122_oled.obj (.cinit:_send_buffer)
                  0008068a    00000004     rts2800_fpu32.lib : errno.c.obj (.cinit)
                  0008068e    00000002     --HOLE-- [fill = 0]

.switch    0    00080690    0000001c     
                  00080690    0000001c     sysbios.a28FP : BIOS.obj (.switch:_ti_sysbios_family_c28_Hwi_clearInterrupt__E)

.binit     0    000806ac    0000000a     
                  000806ac    0000000a     (.binit)

.econst    0    00090000    00003b73     
                  00090000    0000197d     app_p28FP.o28FP (.econst:xdc_runtime_Text_charTab__A)
                  0009197d    00000cfd     SH1122_font_f10x16f.obj (.econst:_f10x16f_lut)
                  0009267a    00000cfd     SH1122_font_f6x8_mono.obj (.econst:_f6x8f_lut)
                  00093377    00000001     app_p28FP.o28FP (.econst:ti_sysbios_family_c28_Hwi_Module__id__C)
                  00093378    000001c0     app_p28FP.o28FP (.econst:_ti_sysbios_family_c28_Hwi_vectors)
                  00093538    00000101     rts2800_fpu32.lib : ctype.c.obj (.econst:.string:__ctypes_)
                  00093639    00000001     app_p28FP.o28FP (.econst:ti_sysbios_family_c28_Hwi_Module__loggerDefined__C)
                  0009363a    0000006b     app_p28FP.o28FP (.econst:.string)
                  000936a5    0000005a     app_p28FP.o28FP (.econst:xdc_runtime_Text_nodeTab__A)
                  000936ff    00000001     app_p28FP.o28FP (.econst:ti_sysbios_family_c28_Hwi_NUM_INTERRUPTS_ALL__C)
                  00093700    00000058     ti.targets.rts2800.a28FP : Error.o28FP (.econst:.string)
                  00093758    00000047                              : Log.o28FP (.econst:.string)
                  0009379f    00000001     app_p28FP.o28FP (.econst:ti_sysbios_family_c28_Hwi_Object__count__C)
                  000937a0    00000031     ti.targets.rts2800.a28FP : Text.o28FP (.econst:.string)
                  000937d1    00000001     app_p28FP.o28FP (.econst:ti_sysbios_family_c28_TaskSupport_Module__id__C)
                  000937d2    00000030     main.obj (.econst:.string)
                  00093802    0000002c     app_p28FP.o28FP (.econst)
                  0009382e    0000002a     ti.targets.rts2800.a28FP : Startup.o28FP (.econst:.string)
                  00093858    00000026     rts2800_fpu32.lib : _printfi.c.obj (.econst:.string)
                  0009387e    0000001e     app_p28FP.o28FP (.econst:xdc_runtime_LoggerBuf_Module__FXNS__C)
                  0009389c    0000001c     rts2800_fpu32.lib : _printfi.c.obj (.econst)
                  000938b8    0000001c                       : s_scalbn.c.obj (.econst)
                  000938d4    0000001a     app_p28FP.o28FP (.econst:ti_sysbios_knl_Mailbox_Object__PARAMS__C)
                  000938ee    00000019     ti.targets.rts2800.a28FP : System.o28FP (.econst:.string)
                  00093907    00000001     app_p28FP.o28FP (.econst:ti_sysbios_family_c28_Timer_startupNeeded__C)
                  00093908    00000016     app_p28FP.o28FP (.econst:xdc_runtime_Startup_sfxnTab__A)
                  0009391e    00000014     SH1122_oled.obj (.econst:_$P$T0$1)
                  00093932    00000014     app_p28FP.o28FP (.econst:ti_sysbios_heaps_HeapMem_Module__FXNS__C)
                  00093946    00000012     app_p28FP.o28FP (.econst:ti_sysbios_gates_GateHwi_Module__FXNS__C)
                  00093958    00000012     app_p28FP.o28FP (.econst:ti_sysbios_gates_GateMutex_Module__FXNS__C)
                  0009396a    00000012     app_p28FP.o28FP (.econst:ti_sysbios_heaps_HeapMem_Object__PARAMS__C)
                  0009397c    00000012     app_p28FP.o28FP (.econst:xdc_runtime_LoggerBuf_Object__PARAMS__C)
                  0009398e    00000010     app_p28FP.o28FP (.econst:ti_sysbios_gates_GateHwi_Object__DESC__C)
                  0009399e    00000010     app_p28FP.o28FP (.econst:ti_sysbios_gates_GateMutex_Object__DESC__C)
                  000939ae    00000010     app_p28FP.o28FP (.econst:ti_sysbios_heaps_HeapMem_Object__DESC__C)
                  000939be    00000010     app_p28FP.o28FP (.econst:ti_sysbios_knl_Mailbox_Object__DESC__C)
                  000939ce    00000010     app_p28FP.o28FP (.econst:ti_sysbios_knl_Queue_Object__DESC__C)
                  000939de    00000010     app_p28FP.o28FP (.econst:ti_sysbios_knl_Semaphore_Object__DESC__C)
                  000939ee    00000010     app_p28FP.o28FP (.econst:ti_sysbios_knl_Semaphore_Object__PARAMS__C)
                  000939fe    00000010     app_p28FP.o28FP (.econst:xdc_runtime_LoggerBuf_Object__DESC__C)
                  00093a0e    0000000c     app_p28FP.o28FP (.econst:ti_sysbios_gates_GateHwi_Object__PARAMS__C)
                  00093a1a    0000000c     app_p28FP.o28FP (.econst:ti_sysbios_gates_GateMutex_Object__PARAMS__C)
                  00093a26    0000000c     app_p28FP.o28FP (.econst:ti_sysbios_knl_Queue_Object__PARAMS__C)
                  00093a32    0000000b     app_p28FP.o28FP (.econst:xdc_runtime_Startup_sfxnRts__A)
                  00093a3d    00000001     app_p28FP.o28FP (.econst:ti_sysbios_gates_GateMutex_Module__id__C)
                  00093a3e    00000008     rts2800_fpu32.lib : s_frexp.c.obj (.econst)
                  00093a46    00000006     tf_mini_s_lidar.obj (.econst:_lidar_cmd_frame_rate)
                  00093a4c    00000006     app_p28FP.o28FP (.econst:xdc_runtime_Startup_firstFxns__A)
                  00093a52    00000005     ti.targets.rts2800.a28FP : Assert.o28FP (.econst:.string)
                  00093a57    00000005     tf_mini_s_lidar.obj (.econst:_lidar_cmd_distance)
                  00093a5c    00000004     app_p28FP.o28FP (.econst:ti_sysbios_knl_Idle_funcList__C)
                  00093a60    00000004     app_p28FP.o28FP (.econst:xdc_runtime_Startup_firstFxns__C)
                  00093a64    00000004     app_p28FP.o28FP (.econst:xdc_runtime_Startup_lastFxns__C)
                  00093a68    00000002     main.obj (.econst:_$P$T0$1)
                  00093a6a    00000002     main.obj (.econst:_$P$T1$2)
                  00093a6c    00000002     rts2800_fpu32.lib : s_floorf.c.obj (.econst)
                  00093a6e    00000002     app_p28FP.o28FP (.econst:ti_sysbios_family_c28_Hwi_A_badIntNum__C)
                  00093a70    00000002     app_p28FP.o28FP (.econst:ti_sysbios_family_c28_Hwi_A_invalidArg__C)
                  00093a72    00000002     app_p28FP.o28FP (.econst:ti_sysbios_family_c28_Hwi_E_unpluggedInterrupt__C)
                  00093a74    00000002     app_p28FP.o28FP (.econst:ti_sysbios_family_c28_Hwi_LD_end__C)
                  00093a76    00000002     app_p28FP.o28FP (.econst:ti_sysbios_family_c28_Hwi_LM_begin__C)
                  00093a78    00000002     app_p28FP.o28FP (.econst:ti_sysbios_family_c28_Hwi_Module__diagsEnabled__C)
                  00093a7a    00000002     app_p28FP.o28FP (.econst:ti_sysbios_family_c28_Hwi_Module__diagsIncluded__C)
                  00093a7c    00000002     app_p28FP.o28FP (.econst:ti_sysbios_family_c28_Hwi_Module__diagsMask__C)
                  00093a7e    00000002     app_p28FP.o28FP (.econst:ti_sysbios_family_c28_Hwi_Module__loggerFxn1__C)
                  00093a80    00000002     app_p28FP.o28FP (.econst:ti_sysbios_family_c28_Hwi_Module__loggerFxn8__C)
                  00093a82    00000002     app_p28FP.o28FP (.econst:ti_sysbios_family_c28_Hwi_Module__loggerObj__C)
                  00093a84    00000002     app_p28FP.o28FP (.econst:ti_sysbios_family_c28_TaskSupport_E_invalidStack__C)
                  00093a86    00000002     app_p28FP.o28FP (.econst:ti_sysbios_gates_GateMutex_A_badContext__C)
                  00093a88    00000002     app_p28FP.o28FP (.econst:ti_sysbios_gates_GateMutex_Instance_State_sem__O)
                  00093a8a    00000002     app_p28FP.o28FP (.econst:ti_sysbios_gates_GateMutex_Module__diagsEnabled__C)
                  00093a8c    00000002     app_p28FP.o28FP (.econst:ti_sysbios_gates_GateMutex_Module__diagsIncluded__C)
                  00093a8e    00000002     app_p28FP.o28FP (.econst:ti_sysbios_gates_GateMutex_Module__diagsMask__C)
                  00093a90    00000002     app_p28FP.o28FP (.econst:ti_sysbios_hal_Hwi_E_stackOverflow__C)
                  00093a92    00000002     app_p28FP.o28FP (.econst:ti_sysbios_heaps_HeapMem_A_align__C)
                  00093a94    00000002     app_p28FP.o28FP (.econst:ti_sysbios_heaps_HeapMem_A_heapSize__C)
                  00093a96    00000002     app_p28FP.o28FP (.econst:ti_sysbios_heaps_HeapMem_A_invalidFree__C)
                  00093a98    00000002     app_p28FP.o28FP (.econst:ti_sysbios_heaps_HeapMem_A_zeroBlock__C)
                  00093a9a    00000002     app_p28FP.o28FP (.econst:ti_sysbios_heaps_HeapMem_E_memory__C)
                  00093a9c    00000002     app_p28FP.o28FP (.econst:ti_sysbios_heaps_HeapMem_Module__diagsEnabled__C)
                  00093a9e    00000002     app_p28FP.o28FP (.econst:ti_sysbios_heaps_HeapMem_Module__diagsIncluded__C)
                  00093aa0    00000002     app_p28FP.o28FP (.econst:ti_sysbios_heaps_HeapMem_Module__diagsMask__C)
                  00093aa2    00000002     app_p28FP.o28FP (.econst:ti_sysbios_heaps_HeapMem_Module__gateObj__C)
                  00093aa4    00000002     app_p28FP.o28FP (.econst:ti_sysbios_heaps_HeapMem_reqAlign__C)
                  00093aa6    00000002     app_p28FP.o28FP (.econst:ti_sysbios_knl_Clock_LM_begin__C)
                  00093aa8    00000002     app_p28FP.o28FP (.econst:ti_sysbios_knl_Clock_LM_tick__C)
                  00093aaa    00000002     app_p28FP.o28FP (.econst:ti_sysbios_knl_Clock_LW_delayed__C)
                  00093aac    00000002     app_p28FP.o28FP (.econst:ti_sysbios_knl_Clock_Module_State_clockQ__O)
                  00093aae    00000002     app_p28FP.o28FP (.econst:ti_sysbios_knl_Clock_Module__diagsEnabled__C)
                  00093ab0    00000002     app_p28FP.o28FP (.econst:ti_sysbios_knl_Clock_Module__diagsIncluded__C)
                  00093ab2    00000002     app_p28FP.o28FP (.econst:ti_sysbios_knl_Clock_Module__diagsMask__C)
                  00093ab4    00000002     app_p28FP.o28FP (.econst:ti_sysbios_knl_Clock_Module__loggerFxn1__C)
                  00093ab6    00000002     app_p28FP.o28FP (.econst:ti_sysbios_knl_Clock_Module__loggerFxn2__C)
                  00093ab8    00000002     app_p28FP.o28FP (.econst:ti_sysbios_knl_Clock_Module__loggerObj__C)
                  00093aba    00000002     app_p28FP.o28FP (.econst:ti_sysbios_knl_Idle_funcList__A)
                  00093abc    00000002     app_p28FP.o28FP (.econst:ti_sysbios_knl_Mailbox_A_invalidBufSize__C)
                  00093abe    00000002     app_p28FP.o28FP (.econst:ti_sysbios_knl_Mailbox_Instance_State_dataQue__O)
                  00093ac0    00000002     app_p28FP.o28FP (.econst:ti_sysbios_knl_Mailbox_Instance_State_dataSem__O)
                  00093ac2    00000002     app_p28FP.o28FP (.econst:ti_sysbios_knl_Mailbox_Instance_State_freeQue__O)
                  00093ac4    00000002     app_p28FP.o28FP (.econst:ti_sysbios_knl_Mailbox_Instance_State_freeSem__O)
                  00093ac6    00000002     app_p28FP.o28FP (.econst:ti_sysbios_knl_Mailbox_Module__diagsEnabled__C)
                  00093ac8    00000002     app_p28FP.o28FP (.econst:ti_sysbios_knl_Mailbox_Module__diagsIncluded__C)
                  00093aca    00000002     app_p28FP.o28FP (.econst:ti_sysbios_knl_Mailbox_Module__diagsMask__C)
                  00093acc    00000002     app_p28FP.o28FP (.econst:ti_sysbios_knl_Semaphore_A_badContext__C)
                  00093ace    00000002     app_p28FP.o28FP (.econst:ti_sysbios_knl_Semaphore_A_noEvents__C)
                  00093ad0    00000002     app_p28FP.o28FP (.econst:ti_sysbios_knl_Semaphore_A_overflow__C)
                  00093ad2    00000002     app_p28FP.o28FP (.econst:ti_sysbios_knl_Semaphore_A_pendTaskDisabled__C)
                  00093ad4    00000002     app_p28FP.o28FP (.econst:ti_sysbios_knl_Semaphore_Instance_State_pendQ__O)
                  00093ad6    00000002     app_p28FP.o28FP (.econst:ti_sysbios_knl_Semaphore_LM_pend__C)
                  00093ad8    00000002     app_p28FP.o28FP (.econst:ti_sysbios_knl_Semaphore_LM_post__C)
                  00093ada    00000002     app_p28FP.o28FP (.econst:ti_sysbios_knl_Semaphore_Module__diagsEnabled__C)
                  00093adc    00000002     app_p28FP.o28FP (.econst:ti_sysbios_knl_Semaphore_Module__diagsIncluded__C)
                  00093ade    00000002     app_p28FP.o28FP (.econst:ti_sysbios_knl_Semaphore_Module__diagsMask__C)
                  00093ae0    00000002     app_p28FP.o28FP (.econst:ti_sysbios_knl_Semaphore_Module__loggerFxn2__C)
                  00093ae2    00000002     app_p28FP.o28FP (.econst:ti_sysbios_knl_Semaphore_Module__loggerFxn4__C)
                  00093ae4    00000002     app_p28FP.o28FP (.econst:ti_sysbios_knl_Semaphore_Module__loggerObj__C)
                  00093ae6    00000002     app_p28FP.o28FP (.econst:ti_sysbios_knl_Swi_LD_end__C)
                  00093ae8    00000002     app_p28FP.o28FP (.econst:ti_sysbios_knl_Swi_LM_begin__C)
                  00093aea    00000002     app_p28FP.o28FP (.econst:ti_sysbios_knl_Swi_LM_post__C)
                  00093aec    00000002     app_p28FP.o28FP (.econst:ti_sysbios_knl_Swi_Module__diagsEnabled__C)
                  00093aee    00000002     app_p28FP.o28FP (.econst:ti_sysbios_knl_Swi_Module__diagsIncluded__C)
                  00093af0    00000002     app_p28FP.o28FP (.econst:ti_sysbios_knl_Swi_Module__diagsMask__C)
                  00093af2    00000002     app_p28FP.o28FP (.econst:ti_sysbios_knl_Swi_Module__loggerFxn1__C)
                  00093af4    00000002     app_p28FP.o28FP (.econst:ti_sysbios_knl_Swi_Module__loggerFxn4__C)
                  00093af6    00000002     app_p28FP.o28FP (.econst:ti_sysbios_knl_Swi_Module__loggerObj__C)
                  00093af8    00000002     app_p28FP.o28FP (.econst:ti_sysbios_knl_Task_A_badTimeout__C)
                  00093afa    00000002     app_p28FP.o28FP (.econst:ti_sysbios_knl_Task_A_sleepTaskDisabled__C)
                  00093afc    00000002     app_p28FP.o28FP (.econst:ti_sysbios_knl_Task_E_spOutOfBounds__C)
                  00093afe    00000002     app_p28FP.o28FP (.econst:ti_sysbios_knl_Task_E_stackOverflow__C)
                  00093b00    00000002     app_p28FP.o28FP (.econst:ti_sysbios_knl_Task_LD_block__C)
                  00093b02    00000002     app_p28FP.o28FP (.econst:ti_sysbios_knl_Task_LD_exit__C)
                  00093b04    00000002     app_p28FP.o28FP (.econst:ti_sysbios_knl_Task_LD_ready__C)
                  00093b06    00000002     app_p28FP.o28FP (.econst:ti_sysbios_knl_Task_LM_sleep__C)
                  00093b08    00000002     app_p28FP.o28FP (.econst:ti_sysbios_knl_Task_LM_switch__C)
                  00093b0a    00000002     app_p28FP.o28FP (.econst:ti_sysbios_knl_Task_Module_State_inactiveQ__O)
                  00093b0c    00000002     app_p28FP.o28FP (.econst:ti_sysbios_knl_Task_Module__diagsEnabled__C)
                  00093b0e    00000002     app_p28FP.o28FP (.econst:ti_sysbios_knl_Task_Module__diagsIncluded__C)
                  00093b10    00000002     app_p28FP.o28FP (.econst:ti_sysbios_knl_Task_Module__diagsMask__C)
                  00093b12    00000002     app_p28FP.o28FP (.econst:ti_sysbios_knl_Task_Module__loggerFxn2__C)
                  00093b14    00000002     app_p28FP.o28FP (.econst:ti_sysbios_knl_Task_Module__loggerFxn4__C)
                  00093b16    00000002     app_p28FP.o28FP (.econst:ti_sysbios_knl_Task_Module__loggerObj__C)
                  00093b18    00000002     app_p28FP.o28FP (.econst:ti_sysbios_knl_Task_allBlockedFunc__C)
                  00093b1a    00000002     app_p28FP.o28FP (.econst:xdc_runtime_Assert_E_assertFailed__C)
                  00093b1c    00000002     app_p28FP.o28FP (.econst:xdc_runtime_Core_A_initializedParams__C)
                  00093b1e    00000002     app_p28FP.o28FP (.econst:xdc_runtime_Core_Module__diagsEnabled__C)
                  00093b20    00000002     app_p28FP.o28FP (.econst:xdc_runtime_Core_Module__diagsIncluded__C)
                  00093b22    00000002     app_p28FP.o28FP (.econst:xdc_runtime_Core_Module__diagsMask__C)
                  00093b24    00000002     app_p28FP.o28FP (.econst:xdc_runtime_Error_E_memory__C)
                  00093b26    00000002     app_p28FP.o28FP (.econst:xdc_runtime_Error_policyFxn__C)
                  00093b28    00000002     app_p28FP.o28FP (.econst:xdc_runtime_Error_raiseHook__C)
                  00093b2a    00000002     app_p28FP.o28FP (.econst:xdc_runtime_IFilterLogger_Interface__BASE__C)
                  00093b2c    00000002     app_p28FP.o28FP (.econst:xdc_runtime_IGateProvider_Interface__BASE__C)
                  00093b2e    00000002     app_p28FP.o28FP (.econst:xdc_runtime_IHeap_Interface__BASE__C)
                  00093b30    00000002     app_p28FP.o28FP (.econst:xdc_runtime_ILogger_Interface__BASE__C)
                  00093b32    00000002     app_p28FP.o28FP (.econst:xdc_runtime_IModule_Interface__BASE__C)
                  00093b34    00000002     app_p28FP.o28FP (.econst:xdc_runtime_LoggerBuf_E_badLevel__C)
                  00093b36    00000002     app_p28FP.o28FP (.econst:xdc_runtime_LoggerBuf_Module__gateObj__C)
                  00093b38    00000002     app_p28FP.o28FP (.econst:xdc_runtime_LoggerBuf_statusLogger__C)
                  00093b3a    00000002     app_p28FP.o28FP (.econst:xdc_runtime_Memory_defaultHeapInstance__C)
                  00093b3c    00000002     app_p28FP.o28FP (.econst:xdc_runtime_Startup_execImpl__C)
                  00093b3e    00000002     app_p28FP.o28FP (.econst:xdc_runtime_Startup_sfxnRts__C)
                  00093b40    00000002     app_p28FP.o28FP (.econst:xdc_runtime_Startup_sfxnTab__C)
                  00093b42    00000002     app_p28FP.o28FP (.econst:xdc_runtime_SysMin_bufSize__C)
                  00093b44    00000002     app_p28FP.o28FP (.econst:xdc_runtime_SysMin_outputFunc__C)
                  00093b46    00000002     app_p28FP.o28FP (.econst:xdc_runtime_System_Module__gateObj__C)
                  00093b48    00000002     app_p28FP.o28FP (.econst:xdc_runtime_System_abortFxn__C)
                  00093b4a    00000002     app_p28FP.o28FP (.econst:xdc_runtime_System_exitFxn__C)
                  00093b4c    00000002     app_p28FP.o28FP (.econst:xdc_runtime_System_extendFxn__C)
                  00093b4e    00000002     app_p28FP.o28FP (.econst:xdc_runtime_Text_charTab__C)
                  00093b50    00000002     app_p28FP.o28FP (.econst:xdc_runtime_Text_nodeTab__C)
                  00093b52    00000002     app_p28FP.o28FP (.econst:xdc_runtime_Text_visitRopeFxn__C)
                  00093b54    00000001     app_p28FP.o28FP (.econst:ti_sysbios_hal_Hwi_Module__id__C)
                  00093b55    00000001     app_p28FP.o28FP (.econst:ti_sysbios_heaps_HeapMem_Module__id__C)
                  00093b56    00000001     app_p28FP.o28FP (.econst:ti_sysbios_heaps_HeapMem_Object__count__C)
                  00093b57    00000001     app_p28FP.o28FP (.econst:ti_sysbios_knl_Clock_Module__id__C)
                  00093b58    00000001     app_p28FP.o28FP (.econst:ti_sysbios_knl_Clock_Module__loggerDefined__C)
                  00093b59    00000001     app_p28FP.o28FP (.econst:ti_sysbios_knl_Mailbox_Module__id__C)
                  00093b5a    00000001     app_p28FP.o28FP (.econst:ti_sysbios_knl_Mailbox_Object__count__C)
                  00093b5b    00000001     app_p28FP.o28FP (.econst:ti_sysbios_knl_Mailbox_maxTypeAlign__C)
                  00093b5c    00000001     app_p28FP.o28FP (.econst:ti_sysbios_knl_Semaphore_Module__id__C)
                  00093b5d    00000001     app_p28FP.o28FP (.econst:ti_sysbios_knl_Semaphore_Module__loggerDefined__C)
                  00093b5e    00000001     app_p28FP.o28FP (.econst:ti_sysbios_knl_Swi_Module__id__C)
                  00093b5f    00000001     app_p28FP.o28FP (.econst:ti_sysbios_knl_Swi_Module__loggerDefined__C)
                  00093b60    00000001     app_p28FP.o28FP (.econst:ti_sysbios_knl_Swi_Object__count__C)
                  00093b61    00000001     app_p28FP.o28FP (.econst:ti_sysbios_knl_Task_Module__id__C)
                  00093b62    00000001     app_p28FP.o28FP (.econst:ti_sysbios_knl_Task_Module__loggerDefined__C)
                  00093b63    00000001     app_p28FP.o28FP (.econst:ti_sysbios_knl_Task_Object__count__C)
                  00093b64    00000001     app_p28FP.o28FP (.econst:ti_sysbios_knl_Task_numConstructedTasks__C)
                  00093b65    00000001     app_p28FP.o28FP (.econst:xdc_runtime_Core_Module__id__C)
                  00093b66    00000001     app_p28FP.o28FP (.econst:xdc_runtime_Error_Module__loggerDefined__C)
                  00093b67    00000001     app_p28FP.o28FP (.econst:xdc_runtime_Error_maxDepth__C)
                  00093b68    00000001     app_p28FP.o28FP (.econst:xdc_runtime_Error_policy__C)
                  00093b69    00000001     app_p28FP.o28FP (.econst:xdc_runtime_LoggerBuf_Module__id__C)
                  00093b6a    00000001     app_p28FP.o28FP (.econst:xdc_runtime_LoggerBuf_Object__count__C)
                  00093b6b    00000001     app_p28FP.o28FP (.econst:xdc_runtime_LoggerBuf_filterByLevel__C)
                  00093b6c    00000001     app_p28FP.o28FP (.econst:xdc_runtime_Memory_Module__id__C)
                  00093b6d    00000001     app_p28FP.o28FP (.econst:xdc_runtime_Startup_maxPasses__C)
                  00093b6e    00000001     app_p28FP.o28FP (.econst:xdc_runtime_SysMin_flushAtExit__C)
                  00093b6f    00000001     app_p28FP.o28FP (.econst:xdc_runtime_System_maxAtexitHandlers__C)
                  00093b70    00000001     app_p28FP.o28FP (.econst:xdc_runtime_Text_isLoaded__C)
                  00093b71    00000001     app_p28FP.o28FP (.econst:xdc_runtime_Text_registryModsLastId__C)
                  00093b72    00000001     app_p28FP.o28FP (.econst:xdc_runtime_Text_unnamedModsLastId__C)

AdcaResultRegsFile 
*          1    00000b00    00000018     UNINITIALIZED
                  00000b00    00000018     F2837xD_GlobalVariableDefs.obj (AdcaResultRegsFile)

AdcbResultRegsFile 
*          1    00000b20    00000018     UNINITIALIZED
                  00000b20    00000018     F2837xD_GlobalVariableDefs.obj (AdcbResultRegsFile)

AdccResultRegsFile 
*          1    00000b40    00000018     UNINITIALIZED
                  00000b40    00000018     F2837xD_GlobalVariableDefs.obj (AdccResultRegsFile)

AdcdResultRegsFile 
*          1    00000b60    00000018     UNINITIALIZED
                  00000b60    00000018     F2837xD_GlobalVariableDefs.obj (AdcdResultRegsFile)

CpuTimer0RegsFile 
*          1    00000c00    00000008     UNINITIALIZED
                  00000c00    00000008     F2837xD_GlobalVariableDefs.obj (CpuTimer0RegsFile)

CpuTimer1RegsFile 
*          1    00000c08    00000008     UNINITIALIZED
                  00000c08    00000008     F2837xD_GlobalVariableDefs.obj (CpuTimer1RegsFile)

CpuTimer2RegsFile 
*          1    00000c10    00000008     UNINITIALIZED
                  00000c10    00000008     F2837xD_GlobalVariableDefs.obj (CpuTimer2RegsFile)

PieCtrlRegsFile 
*          1    00000ce0    0000001a     UNINITIALIZED
                  00000ce0    0000001a     F2837xD_GlobalVariableDefs.obj (PieCtrlRegsFile)

DmaRegsFile 
*          1    00001000    000000e0     UNINITIALIZED
                  00001000    000000e0     F2837xD_GlobalVariableDefs.obj (DmaRegsFile)

Cla1RegsFile 
*          1    00001400    0000003e     UNINITIALIZED
                  00001400    0000003e     F2837xD_GlobalVariableDefs.obj (Cla1RegsFile)

Clb1LogicCfgRegsFile 
*          1    00003000    0000003e     UNINITIALIZED
                  00003000    0000003e     F2837xD_GlobalVariableDefs.obj (Clb1LogicCfgRegsFile)

Clb1LogicCtrlRegsFile 
*          1    00003100    00000040     UNINITIALIZED
                  00003100    00000040     F2837xD_GlobalVariableDefs.obj (Clb1LogicCtrlRegsFile)

Clb1DataExchRegsFile 
*          1    00003200    00000108     UNINITIALIZED
                  00003200    00000108     F2837xD_GlobalVariableDefs.obj (Clb1DataExchRegsFile)

Clb2LogicCfgRegsFile 
*          1    00003400    0000003e     UNINITIALIZED
                  00003400    0000003e     F2837xD_GlobalVariableDefs.obj (Clb2LogicCfgRegsFile)

Clb2LogicCtrlRegsFile 
*          1    00003500    00000040     UNINITIALIZED
                  00003500    00000040     F2837xD_GlobalVariableDefs.obj (Clb2LogicCtrlRegsFile)

Clb2DataExchRegsFile 
*          1    00003600    00000108     UNINITIALIZED
                  00003600    00000108     F2837xD_GlobalVariableDefs.obj (Clb2DataExchRegsFile)

Clb3LogicCfgRegsFile 
*          1    00003800    0000003e     UNINITIALIZED
                  00003800    0000003e     F2837xD_GlobalVariableDefs.obj (Clb3LogicCfgRegsFile)

Clb3LogicCtrlRegsFile 
*          1    00003900    00000040     UNINITIALIZED
                  00003900    00000040     F2837xD_GlobalVariableDefs.obj (Clb3LogicCtrlRegsFile)

Clb3DataExchRegsFile 
*          1    00003a00    00000108     UNINITIALIZED
                  00003a00    00000108     F2837xD_GlobalVariableDefs.obj (Clb3DataExchRegsFile)

Clb4LogicCfgRegsFile 
*          1    00003c00    0000003e     UNINITIALIZED
                  00003c00    0000003e     F2837xD_GlobalVariableDefs.obj (Clb4LogicCfgRegsFile)

Clb4LogicCtrlRegsFile 
*          1    00003d00    00000040     UNINITIALIZED
                  00003d00    00000040     F2837xD_GlobalVariableDefs.obj (Clb4LogicCtrlRegsFile)

Clb4DataExchRegsFile 
*          1    00003e00    00000108     UNINITIALIZED
                  00003e00    00000108     F2837xD_GlobalVariableDefs.obj (Clb4DataExchRegsFile)

EPwm1RegsFile 
*          1    00004000    00000100     UNINITIALIZED
                  00004000    00000100     F2837xD_GlobalVariableDefs.obj (EPwm1RegsFile)

EPwm2RegsFile 
*          1    00004100    00000100     UNINITIALIZED
                  00004100    00000100     F2837xD_GlobalVariableDefs.obj (EPwm2RegsFile)

EPwm3RegsFile 
*          1    00004200    00000100     UNINITIALIZED
                  00004200    00000100     F2837xD_GlobalVariableDefs.obj (EPwm3RegsFile)

EPwm4RegsFile 
*          1    00004300    00000100     UNINITIALIZED
                  00004300    00000100     F2837xD_GlobalVariableDefs.obj (EPwm4RegsFile)

EPwm5RegsFile 
*          1    00004400    00000100     UNINITIALIZED
                  00004400    00000100     F2837xD_GlobalVariableDefs.obj (EPwm5RegsFile)

EPwm6RegsFile 
*          1    00004500    00000100     UNINITIALIZED
                  00004500    00000100     F2837xD_GlobalVariableDefs.obj (EPwm6RegsFile)

EPwm7RegsFile 
*          1    00004600    00000100     UNINITIALIZED
                  00004600    00000100     F2837xD_GlobalVariableDefs.obj (EPwm7RegsFile)

EPwm8RegsFile 
*          1    00004700    00000100     UNINITIALIZED
                  00004700    00000100     F2837xD_GlobalVariableDefs.obj (EPwm8RegsFile)

EPwm9RegsFile 
*          1    00004800    00000100     UNINITIALIZED
                  00004800    00000100     F2837xD_GlobalVariableDefs.obj (EPwm9RegsFile)

EPwm10RegsFile 
*          1    00004900    00000100     UNINITIALIZED
                  00004900    00000100     F2837xD_GlobalVariableDefs.obj (EPwm10RegsFile)

EPwm11RegsFile 
*          1    00004a00    00000100     UNINITIALIZED
                  00004a00    00000100     F2837xD_GlobalVariableDefs.obj (EPwm11RegsFile)

EPwm12RegsFile 
*          1    00004b00    00000100     UNINITIALIZED
                  00004b00    00000100     F2837xD_GlobalVariableDefs.obj (EPwm12RegsFile)

ECap1RegsFile 
*          1    00005000    0000001a     UNINITIALIZED
                  00005000    0000001a     F2837xD_GlobalVariableDefs.obj (ECap1RegsFile)

ECap2RegsFile 
*          1    00005020    0000001a     UNINITIALIZED
                  00005020    0000001a     F2837xD_GlobalVariableDefs.obj (ECap2RegsFile)

ECap3RegsFile 
*          1    00005040    0000001a     UNINITIALIZED
                  00005040    0000001a     F2837xD_GlobalVariableDefs.obj (ECap3RegsFile)

ECap4RegsFile 
*          1    00005060    0000001a     UNINITIALIZED
                  00005060    0000001a     F2837xD_GlobalVariableDefs.obj (ECap4RegsFile)

ECap5RegsFile 
*          1    00005080    0000001a     UNINITIALIZED
                  00005080    0000001a     F2837xD_GlobalVariableDefs.obj (ECap5RegsFile)

ECap6RegsFile 
*          1    000050a0    0000001a     UNINITIALIZED
                  000050a0    0000001a     F2837xD_GlobalVariableDefs.obj (ECap6RegsFile)

EQep1RegsFile 
*          1    00005100    00000022     UNINITIALIZED
                  00005100    00000022     F2837xD_GlobalVariableDefs.obj (EQep1RegsFile)

EQep2RegsFile 
*          1    00005140    00000022     UNINITIALIZED
                  00005140    00000022     F2837xD_GlobalVariableDefs.obj (EQep2RegsFile)

EQep3RegsFile 
*          1    00005180    00000022     UNINITIALIZED
                  00005180    00000022     F2837xD_GlobalVariableDefs.obj (EQep3RegsFile)

DacaRegsFile 
*          1    00005c00    00000007     UNINITIALIZED
                  00005c00    00000007     F2837xD_GlobalVariableDefs.obj (DacaRegsFile)

DacbRegsFile 
*          1    00005c10    00000007     UNINITIALIZED
                  00005c10    00000007     F2837xD_GlobalVariableDefs.obj (DacbRegsFile)

DaccRegsFile 
*          1    00005c20    00000007     UNINITIALIZED
                  00005c20    00000007     F2837xD_GlobalVariableDefs.obj (DaccRegsFile)

Cmpss1RegsFile 
*          1    00005c80    0000001b     UNINITIALIZED
                  00005c80    0000001b     F2837xD_GlobalVariableDefs.obj (Cmpss1RegsFile)

Cmpss2RegsFile 
*          1    00005ca0    0000001b     UNINITIALIZED
                  00005ca0    0000001b     F2837xD_GlobalVariableDefs.obj (Cmpss2RegsFile)

Cmpss3RegsFile 
*          1    00005cc0    0000001b     UNINITIALIZED
                  00005cc0    0000001b     F2837xD_GlobalVariableDefs.obj (Cmpss3RegsFile)

Cmpss4RegsFile 
*          1    00005ce0    0000001b     UNINITIALIZED
                  00005ce0    0000001b     F2837xD_GlobalVariableDefs.obj (Cmpss4RegsFile)

Cmpss5RegsFile 
*          1    00005d00    0000001b     UNINITIALIZED
                  00005d00    0000001b     F2837xD_GlobalVariableDefs.obj (Cmpss5RegsFile)

Cmpss6RegsFile 
*          1    00005d20    0000001b     UNINITIALIZED
                  00005d20    0000001b     F2837xD_GlobalVariableDefs.obj (Cmpss6RegsFile)

Cmpss7RegsFile 
*          1    00005d40    0000001b     UNINITIALIZED
                  00005d40    0000001b     F2837xD_GlobalVariableDefs.obj (Cmpss7RegsFile)

Cmpss8RegsFile 
*          1    00005d60    0000001b     UNINITIALIZED
                  00005d60    0000001b     F2837xD_GlobalVariableDefs.obj (Cmpss8RegsFile)

Sdfm1RegsFile 
*          1    00005e00    00000048     UNINITIALIZED
                  00005e00    00000048     F2837xD_GlobalVariableDefs.obj (Sdfm1RegsFile)

Sdfm2RegsFile 
*          1    00005e80    00000048     UNINITIALIZED
                  00005e80    00000048     F2837xD_GlobalVariableDefs.obj (Sdfm2RegsFile)

McbspaRegsFile 
*          1    00006000    00000024     UNINITIALIZED
                  00006000    00000024     F2837xD_GlobalVariableDefs.obj (McbspaRegsFile)

McbspbRegsFile 
*          1    00006040    00000024     UNINITIALIZED
                  00006040    00000024     F2837xD_GlobalVariableDefs.obj (McbspbRegsFile)

SpiaRegsFile 
*          1    00006100    00000010     UNINITIALIZED
                  00006100    00000010     F2837xD_GlobalVariableDefs.obj (SpiaRegsFile)

SpibRegsFile 
*          1    00006110    00000010     UNINITIALIZED
                  00006110    00000010     F2837xD_GlobalVariableDefs.obj (SpibRegsFile)

SpicRegsFile 
*          1    00006120    00000010     UNINITIALIZED
                  00006120    00000010     F2837xD_GlobalVariableDefs.obj (SpicRegsFile)

UppRegsFile 
*          1    00006200    00000048     UNINITIALIZED
                  00006200    00000048     F2837xD_GlobalVariableDefs.obj (UppRegsFile)

WdRegsFile 
*          1    00007000    0000002b     UNINITIALIZED
                  00007000    0000002b     F2837xD_GlobalVariableDefs.obj (WdRegsFile)

NmiIntruptRegsFile 
*          1    00007060    00000007     UNINITIALIZED
                  00007060    00000007     F2837xD_GlobalVariableDefs.obj (NmiIntruptRegsFile)

XintRegsFile 
*          1    00007070    0000000b     UNINITIALIZED
                  00007070    0000000b     F2837xD_GlobalVariableDefs.obj (XintRegsFile)

SciaRegsFile 
*          1    00007200    00000010     UNINITIALIZED
                  00007200    00000010     F2837xD_GlobalVariableDefs.obj (SciaRegsFile)

ScibRegsFile 
*          1    00007210    00000010     UNINITIALIZED
                  00007210    00000010     F2837xD_GlobalVariableDefs.obj (ScibRegsFile)

ScicRegsFile 
*          1    00007220    00000010     UNINITIALIZED
                  00007220    00000010     F2837xD_GlobalVariableDefs.obj (ScicRegsFile)

ScidRegsFile 
*          1    00007230    00000010     UNINITIALIZED
                  00007230    00000010     F2837xD_GlobalVariableDefs.obj (ScidRegsFile)

I2caRegsFile 
*          1    00007300    00000022     UNINITIALIZED
                  00007300    00000022     F2837xD_GlobalVariableDefs.obj (I2caRegsFile)

I2cbRegsFile 
*          1    00007340    00000022     UNINITIALIZED
                  00007340    00000022     F2837xD_GlobalVariableDefs.obj (I2cbRegsFile)

AdcaRegsFile 
*          1    00007400    0000007c     UNINITIALIZED
                  00007400    0000007c     F2837xD_GlobalVariableDefs.obj (AdcaRegsFile)

AdcbRegsFile 
*          1    00007480    0000007c     UNINITIALIZED
                  00007480    0000007c     F2837xD_GlobalVariableDefs.obj (AdcbRegsFile)

AdccRegsFile 
*          1    00007500    0000007c     UNINITIALIZED
                  00007500    0000007c     F2837xD_GlobalVariableDefs.obj (AdccRegsFile)

AdcdRegsFile 
*          1    00007580    0000007c     UNINITIALIZED
                  00007580    0000007c     F2837xD_GlobalVariableDefs.obj (AdcdRegsFile)

InputXbarRegsFile 
*          1    00007900    00000020     UNINITIALIZED
                  00007900    00000020     F2837xD_GlobalVariableDefs.obj (InputXbarRegsFile)

XbarRegsFile 
*          1    00007920    0000000e     UNINITIALIZED
                  00007920    0000000e     F2837xD_GlobalVariableDefs.obj (XbarRegsFile)

SyncSocRegsFile 
*          1    00007940    00000006     UNINITIALIZED
                  00007940    00000006     F2837xD_GlobalVariableDefs.obj (SyncSocRegsFile)

DmaClaSrcSelRegsFile 
*          1    00007980    0000001a     UNINITIALIZED
                  00007980    0000001a     F2837xD_GlobalVariableDefs.obj (DmaClaSrcSelRegsFile)

EPwmXbarRegsFile 
*          1    00007a00    00000040     UNINITIALIZED
                  00007a00    00000040     F2837xD_GlobalVariableDefs.obj (EPwmXbarRegsFile)

ClbXbarRegsFile 
*          1    00007a40    00000040     UNINITIALIZED
                  00007a40    00000040     F2837xD_GlobalVariableDefs.obj (ClbXbarRegsFile)

OutputXbarRegsFile 
*          1    00007a80    00000040     UNINITIALIZED
                  00007a80    00000040     F2837xD_GlobalVariableDefs.obj (OutputXbarRegsFile)

GpioCtrlRegsFile 
*          1    00007c00    00000180     UNINITIALIZED
                  00007c00    00000180     F2837xD_GlobalVariableDefs.obj (GpioCtrlRegsFile)

GpioDataRegsFile 
*          1    00007f00    00000030     UNINITIALIZED
                  00007f00    00000030     F2837xD_GlobalVariableDefs.obj (GpioDataRegsFile)

Emif1RegsFile 
*          1    00047000    00000028     UNINITIALIZED
                  00047000    00000028     F2837xD_GlobalVariableDefs.obj (Emif1RegsFile)

Emif2RegsFile 
*          1    00047800    00000028     UNINITIALIZED
                  00047800    00000028     F2837xD_GlobalVariableDefs.obj (Emif2RegsFile)

CanaRegsFile 
*          1    00048000    00000164     UNINITIALIZED
                  00048000    00000164     F2837xD_GlobalVariableDefs.obj (CanaRegsFile)

CanbRegsFile 
*          1    0004a000    00000164     UNINITIALIZED
                  0004a000    00000164     F2837xD_GlobalVariableDefs.obj (CanbRegsFile)

IpcRegsFile 
*          1    00050000    00000024     UNINITIALIZED
                  00050000    00000024     F2837xD_GlobalVariableDefs.obj (IpcRegsFile)

FlashPumpSemaphoreRegsFile 
*          1    00050024    00000002     UNINITIALIZED
                  00050024    00000002     F2837xD_GlobalVariableDefs.obj (FlashPumpSemaphoreRegsFile)

DevCfgRegsFile 
*          1    0005d000    0000012e     UNINITIALIZED
                  0005d000    0000012e     F2837xD_GlobalVariableDefs.obj (DevCfgRegsFile)

AnalogSubsysRegsFile 
*          1    0005d180    0000003e     UNINITIALIZED
                  0005d180    0000003e     F2837xD_GlobalVariableDefs.obj (AnalogSubsysRegsFile)

ClkCfgRegsFile 
*          1    0005d200    00000032     UNINITIALIZED
                  0005d200    00000032     F2837xD_GlobalVariableDefs.obj (ClkCfgRegsFile)

CpuSysRegsFile 
*          1    0005d300    00000082     UNINITIALIZED
                  0005d300    00000082     F2837xD_GlobalVariableDefs.obj (CpuSysRegsFile)

DcsmZ1RegsFile 
*          1    0005f000    00000022     UNINITIALIZED
                  0005f000    00000022     F2837xD_GlobalVariableDefs.obj (DcsmZ1RegsFile)

DcsmZ2RegsFile 
*          1    0005f040    00000022     UNINITIALIZED
                  0005f040    00000022     F2837xD_GlobalVariableDefs.obj (DcsmZ2RegsFile)

DcsmCommonRegsFile 
*          1    0005f070    00000006     UNINITIALIZED
                  0005f070    00000006     F2837xD_GlobalVariableDefs.obj (DcsmCommonRegsFile)

MemCfgRegsFile 
*          1    0005f400    00000076     UNINITIALIZED
                  0005f400    00000076     F2837xD_GlobalVariableDefs.obj (MemCfgRegsFile)

Emif1ConfigRegsFile 
*          1    0005f480    0000000a     UNINITIALIZED
                  0005f480    0000000a     F2837xD_GlobalVariableDefs.obj (Emif1ConfigRegsFile)

Emif2ConfigRegsFile 
*          1    0005f4a0    0000000a     UNINITIALIZED
                  0005f4a0    0000000a     F2837xD_GlobalVariableDefs.obj (Emif2ConfigRegsFile)

AccessProtectionRegsFile 
*          1    0005f4c0    0000002e     UNINITIALIZED
                  0005f4c0    0000002e     F2837xD_GlobalVariableDefs.obj (AccessProtectionRegsFile)

MemoryErrorRegsFile 
*          1    0005f500    0000003a     UNINITIALIZED
                  0005f500    0000003a     F2837xD_GlobalVariableDefs.obj (MemoryErrorRegsFile)

Flash0CtrlRegsFile 
*          1    0005f800    00000182     UNINITIALIZED
                  0005f800    00000182     F2837xD_GlobalVariableDefs.obj (Flash0CtrlRegsFile)

Flash0EccRegsFile 
*          1    0005fb00    00000028     UNINITIALIZED
                  0005fb00    00000028     F2837xD_GlobalVariableDefs.obj (Flash0EccRegsFile)

RomPrefetchRegsFile 
*          1    0005e608    00000002     UNINITIALIZED
                  0005e608    00000002     F2837xD_GlobalVariableDefs.obj (RomPrefetchRegsFile)

RomWaitStateRegsFile 
*          1    0005f540    00000002     UNINITIALIZED
                  0005f540    00000002     F2837xD_GlobalVariableDefs.obj (RomWaitStateRegsFile)

.pinit     0    00080002    00000000     UNINITIALIZED

.text      0    00088000    000048e7     
                  00088000    00000ce4     rts2800_fpu32.lib : _printfi.c.obj (.text)
                  00088ce4    0000023b     ti.targets.rts2800.a28FP : System.o28FP (.text:_xdc_runtime_System_doPrint__I)
                  00088f1f    000001d8     sysbios.a28FP : BIOS.obj (.text:_ti_sysbios_knl_Semaphore_pend__E)
                  000890f7    000001a1                   : BIOS.obj (.text:_ti_sysbios_heaps_HeapMem_freeUnprotected__E)
                  00089298    0000016c                   : BIOS.obj (.text:_ti_sysbios_heaps_HeapMem_allocUnprotected__E)
                  00089404    0000015d     main.obj (.text:_lidar_sample_task)
                  00089561    0000013e     sysbios.a28FP : BIOS.obj (.text:_ti_sysbios_knl_Task_sleep__E)
                  0008969f    00000107     rts2800_fpu32.lib : ll_div28.asm.obj (.text)
                  000897a6    000000ef     sysbios.a28FP : BIOS.obj (.text:_ti_sysbios_heaps_HeapMem_Instance_init__E)
                  00089895    000000dc                   : BIOS.obj (.text:_ti_sysbios_family_c28_Hwi_clearInterrupt__E)
                  00089971    000000d8                   : BIOS.obj (.text:_ti_sysbios_knl_Mailbox_Instance_init__E)
                  00089a49    000000c2                   : BIOS.obj (.text:_ti_sysbios_family_c28_Hwi_dispatchCore__I)
                  00089b0b    000000c2     app_p28FP.o28FP (.text:_xdc_runtime_System_printfExtend__I)
                  00089bcd    000000c0     ti.targets.rts2800.a28FP : LoggerBuf.o28FP (.text:_xdc_runtime_LoggerBuf_write8__E)
                  00089c8d    000000bf     sysbios.a28FP : BIOS.obj (.text:_ti_sysbios_knl_Semaphore_Instance_init__E)
                  00089d4c    000000b8                   : BIOS.obj (.text:_ti_sysbios_knl_Semaphore_post__E)
                  00089e04    000000b1                   : BIOS.obj (.text:_ti_sysbios_knl_Clock_workFunc__E)
                  00089eb5    000000ae     rts2800_fpu32.lib : s_scalbn.c.obj (.text)
                  00089f63    000000a9     sysbios.a28FP : BIOS.obj (.text:_ti_sysbios_knl_Swi_run__I)
                  0008a00c    000000a0     ti.targets.rts2800.a28FP : Core-mem.o28FP (.text:_xdc_runtime_Core_createObject__I)
                  0008a0ac    0000009d     sysbios.a28FP : c28_Hwi_disp_asm.obj (.text:_ti_sysbios_family_c28_Hwi_dispatch)
                  0008a149    0000009c     rts2800_fpu32.lib : fd_add28.asm.obj (.text)
                  0008a1e5    00000001     Boot.a28FP : Boot.o28FP (.text:_ti_catalog_c2800_initF2837x_Boot_defaultLimpAbortFunction)
                  0008a1e6    00000095     rts2800_fpu32.lib : trgmsg.c.obj (.text)
                  0008a27b    00000092     28379D_uart.obj (.text:_uart_init)
                  0008a30d    0000008e     sysbios.a28FP : BIOS.obj (.text:_ti_sysbios_family_c28_Hwi_enableInterrupt__E)
                  0008a39b    0000008d     ti.targets.rts2800.a28FP : Core-smem.o28FP (.text:_xdc_runtime_Core_constructObject__I)
                  0008a428    0000008b     rts2800_fpu32.lib : fd_div28.asm.obj (.text)
                  0008a4b3    00000088                       : fs_div28.asm.obj (.text)
                  0008a53b    00000083                       : fd_mpy28.asm.obj (.text)
                  0008a5be    00000081     sysbios.a28FP : BIOS.obj (.text:_ti_sysbios_family_c28_Hwi_disableInterrupt__E)
                  0008a63f    00000080                   : BIOS.obj (.text:_ti_sysbios_family_c28_Hwi_disablePIEIER__E)
                  0008a6bf    0000007f                   : BIOS.obj (.text:_ti_sysbios_family_c28_Hwi_enablePIEIER__E)
                  0008a73e    0000007a     ti.targets.rts2800.a28FP : LoggerBuf.o28FP (.text:_xdc_runtime_LoggerBuf_write4__E)
                  0008a7b8    00000075     sysbios.a28FP : BIOS.obj (.text:_ti_sysbios_knl_Task_checkStacks__E)
                  0008a82d    00000072                   : BIOS.obj (.text:_ti_sysbios_knl_Task_startCore__E)
                  0008a89f    00000072     ti.targets.rts2800.a28FP : Startup.o28FP (.text:_xdc_runtime_Startup_startMods__I)
                  0008a911    00000071     sysbios.a28FP : BIOS.obj (.text:_ti_sysbios_gates_GateMutex_enter__E)
                  0008a982    0000006e     main.obj (.text:_oled_display_task)
                  0008a9f0    0000006e     sysbios.a28FP : BIOS.obj (.text:_ti_sysbios_knl_Task_schedule__I)
                  0008aa5e    00000069     boot.a28FP : boot_cg.o28FP (.text)
                  0008aac7    00000066     sysbios.a28FP : BIOS.obj (.text:_ti_sysbios_family_c28_Timer_stopAndClear__I)
                  0008ab2d    00000061                   : BIOS.obj (.text:_ti_sysbios_knl_Swi_post__E)
                  0008ab8e    00000061                   : BIOS.obj (.text:_ti_sysbios_knl_Task_blockI__E)
                  0008abef    00000060     stepper.obj (.text:_stepper_step)
                  0008ac4f    00000060     ti.targets.rts2800.a28FP : Error.o28FP (.text:_xdc_runtime_Error_policyDefault__E)
                  0008acaf    00000060                              : Text.o28FP (.text:_xdc_runtime_Text_putSite__E)
                  0008ad0f    0000005f     28379D_spi.obj (.text:_spi_init)
                  0008ad6e    0000005a     rts2800_fpu32.lib : s_frexp.c.obj (.text)
                  0008adc8    00000059                       : s_floorf.c.obj (.text)
                  0008ae21    00000058     sysbios.a28FP : BIOS.obj (.text:_ti_sysbios_knl_Task_exit__E)
                  0008ae79    00000057     28379D_i2c.obj (.text:_i2c_init)
                  0008aed0    00000057     rts2800_fpu32.lib : vsnprintf.c.obj (.text)
                  0008af27    00000054     sysbios.a28FP : BIOS.obj (.text:_ti_sysbios_knl_Mailbox_post__E)
                  0008af7b    00000052                   : BIOS.obj (.text:_ti_sysbios_knl_Task_unblockI__E)
                  0008afcd    00000049     Boot.a28FP : Boot.o28FP (.text:.bootCodeSection:_ti_catalog_c2800_initF2837x_Boot_configurePllDivs)
                  0008b016    00000049     sysbios.a28FP : BIOS.obj (.text:_ti_sysbios_knl_Task_postInit__I)
                  0008b05f    00000047     SH1122_oled.obj (.text:_oled_draw_line)
                  0008b0a6    00000047     sysbios.a28FP : BIOS.obj (.text:_ti_sysbios_family_c28_Hwi_Module_startup__E)
                  0008b0ed    00000043     stepper.obj (.text:_ir_sensor_ISR)
                  0008b130    00000043     sysbios.a28FP : BIOS.obj (.text:_ti_sysbios_knl_Mailbox_Instance_finalize__E)
                  0008b173    00000042                   : BIOS.obj (.text:_ti_sysbios_family_c28_Hwi_unPluggedInterrupt__I)
                  0008b1b5    00000041     SH1122_oled.obj (.text:_oled_draw_progres_bar)
                  0008b1f6    00000041     ti.targets.rts2800.a28FP : Text.o28FP (.text:_xdc_runtime_Text_putLab__E)
                  0008b237    00000040     SH1122_oled.obj (.text:_oled_send_buffer)
                  0008b277    00000040     sysbios.a28FP : BIOS.obj (.text:_ti_sysbios_family_c28_Timer_postInit__I)
                  0008b2b7    00000040     ti.targets.rts2800.a28FP : Memory.o28FP (.text:_xdc_runtime_Memory_alloc__E)
                  0008b2f7    0000003e     SH1122_oled.obj (.text:_oled_draw_string)
                  0008b335    0000003e     sysbios.a28FP : BIOS.obj (.text:_ti_sysbios_knl_Swi_restoreHwi__E)
                  0008b373    0000003e     ti.targets.rts2800.a28FP : Core-mem.o28FP (.text:_xdc_runtime_Core_deleteObject__I)
                  0008b3b1    0000003d     SH1122_oled.obj (.text:_oled_draw_frame)
                  0008b3ee    0000003d     sysbios.a28FP : BIOS.obj (.text:_ti_sysbios_knl_Mailbox_pend__E)
                  0008b42b    0000003d     ti.targets.rts2800.a28FP : LoggerBuf.o28FP (.text:_xdc_runtime_LoggerBuf_getFilterLevel__E)
                  0008b468    0000003c                              : LoggerBuf.o28FP (.text:_xdc_runtime_LoggerBuf_setFilterLevel__E)
                  0008b4a4    0000003a     SH1122_oled.obj (.text:_oled_draw_char)
                  0008b4de    00000039     28379D_i2c.obj (.text:_i2c_rx_handler_SWI)
                  0008b517    00000039     sysbios.a28FP : BIOS.obj (.text:_ti_sysbios_family_c28_TaskSupport_start__E)
                  0008b550    00000039     rts2800_fpu32.lib : hostwrite.c.obj (.text)
                  0008b589    00000039                       : s_roundf.c.obj (.text)
                  0008b5c2    00000038     ti.targets.rts2800.a28FP : Text.o28FP (.text:_xdc_runtime_Text_putMod__E)
                  0008b5fa    00000037     sysbios.a28FP : BIOS.obj (.text:_ti_sysbios_knl_Clock_logTick__E)
                  0008b631    00000036     stepper.obj (.text:_stepper_init)
                  0008b667    00000035     28379D_i2c.obj (.text:_i2c_master_rx)
                  0008b69c    00000035     main.obj (.text:_main)
                  0008b6d1    00000035     ti.targets.rts2800.a28FP : System.o28FP (.text:_xdc_runtime_System_formatNum__I)
                  0008b706    00000033     28379D_i2c.obj (.text:_i2c_master_tx)
                  0008b739    00000032     app_p28FP.o28FP (.text:_ti_sysbios_knl_Mailbox_create)
                  0008b76b    00000032     sysbios.a28FP : BIOS.obj (.text:_ti_sysbios_knl_Task_Module_startup__E)
                  0008b79d    00000031     main.obj (.text:_pc_data_tx_task)
                  0008b7ce    00000031     sysbios.a28FP : BIOS.obj (.text:_ti_sysbios_heaps_HeapMem_alloc__E)
                  0008b7ff    00000031     ti.targets.rts2800.a28FP : Error.o28FP (.text:_xdc_runtime_Error_print__E)
                  0008b830    00000031     rts2800_fpu32.lib : atoi.c.obj (.text)
                  0008b861    00000030     ti.targets.rts2800.a28FP : LoggerBuf.o28FP (.text:_xdc_runtime_LoggerBuf_Instance_init__E)
                  0008b891    00000030     rts2800_fpu32.lib : _ltoa.c.obj (.text)
                  0008b8c1    0000002f     28379D_i2c.obj (.text:_i2c_tx_handler_SWI)
                  0008b8f0    0000002f     SH1122_oled.obj (.text:_oled_init)
                  0008b91f    0000002f     ti.targets.rts2800.a28FP : Core-params.o28FP (.text:_xdc_runtime_Core_assignParams__I)
                  0008b94e    0000002f                              : Startup.o28FP (.text:_xdc_runtime_Startup_exec__E)
                  0008b97d    0000002e     main.obj (.text:_step_task)
                  0008b9ab    0000002e     sysbios.a28FP : BIOS.obj (.text:_ti_sysbios_family_c28_Hwi_getStackInfo__E)
                  0008b9d9    0000002e                   : BIOS.obj (.text:_ti_sysbios_knl_Swi_runLoop__I)
                  0008ba07    0000002e                   : BIOS.obj (.text:_ti_sysbios_knl_Swi_schedule__I)
                  0008ba35    0000002d     28379D_spi.obj (.text:_spi_transmit)
                  0008ba62    0000002d     sysbios.a28FP : BIOS.obj (.text:_ti_sysbios_heaps_HeapMem_getStats__E)
                  0008ba8f    0000002d     ti.targets.rts2800.a28FP : Assert.o28FP (.text:_xdc_runtime_Assert_raise__I)
                  0008babc    0000002d                              : Error.o28FP (.text:_xdc_runtime_Error_setX__E)
                  0008bae9    0000002d                              : Text.o28FP (.text:_xdc_runtime_Text_visitRope2__I)
                  0008bb16    0000002c     sysbios.a28FP : BIOS.obj (.text:_ti_sysbios_family_c28_Timer_start__E)
                  0008bb42    0000002c     app_p28FP.o28FP (.text:_xdc_runtime_LoggerBuf_Object__create__S)
                  0008bb6e    0000002a     28379D_uart.obj (.text:_uart_tx_str)
                  0008bb98    0000002a     rts2800_fpu32.lib : fd_cmp28.asm.obj (.text)
                  0008bbc2    0000002a                       : l_div28.asm.obj (.text)
                  0008bbec    00000029     sysbios.a28FP : BIOS.obj (.text:_ti_sysbios_knl_Mailbox_Module_startup__E)
                  0008bc15    00000029     28379D_uart.obj (.text:_uart_rx_SWI)
                  0008bc3e    00000029     ti.targets.rts2800.a28FP : Text.o28FP (.text:_xdc_runtime_Text_xprintf__I)
                  0008bc67    00000029     rts2800_fpu32.lib : exit.c.obj (.text)
                  0008bc90    00000027     sysbios.a28FP : BIOS.obj (.text:_ti_sysbios_heaps_HeapMem_init__I)
                  0008bcb7    00000026     ti.targets.rts2800.a28FP : SysMin.o28FP (.text:_xdc_runtime_SysMin_flush__E)
                  0008bcdd    00000025     sysbios.a28FP : c28_TaskSupport_asm.obj (.text:_ti_sysbios_family_c28_TaskSupport_buildTaskStack)
                  0008bd02    00000025     rts2800_fpu32.lib : s_copysign.c.obj (.text)
                  0008bd27    00000024                       : cpy_tbl.c.obj (.text)
                  0008bd4b    00000023     delay_timer.obj (.text:_delay_task_ticks)
                  0008bd6e    00000023     ti.targets.rts2800.a28FP : System.o28FP (.text:_xdc_runtime_System_processAtExit__E)
                  0008bd91    00000022     28379D_i2c.obj (.text:_i2c_handler_ISR)
                  0008bdb3    00000021     sysbios.a28FP : BIOS.obj (.text:_ti_sysbios_knl_Task_allBlockedFunction__I)
                  0008bdd4    00000021     rts2800_fpu32.lib : fd_toi28.asm.obj (.text)
                  0008bdf5    00000020     sysbios.a28FP : BIOS.obj (.text:_ti_sysbios_family_c28_Timer_setPrescale__E)
                  0008be15    00000020     ti.targets.rts2800.a28FP : System.o28FP (.text:_xdc_runtime_System_atexit__E)
                  0008be35    0000001f     delay_timer.obj (.text:_delay_timer_ISR)
                  0008be54    0000001f     SH1122_oled.obj (.text:_oled_set_pixel)
                  0008be73    0000001f     app_p28FP.o28FP (.text:_ti_sysbios_rts_MemAlloc_alloc)
                  0008be92    0000001f     ti.targets.rts2800.a28FP : LoggerBuf.o28FP (.text:_xdc_runtime_LoggerBuf_filterOutEvent__I)
                  0008beb1    0000001f     rts2800_fpu32.lib : fd_tol28.asm.obj (.text)
                  0008bed0    0000001e     SH1122_oled.obj (.text:_oled_draw_rectangle)
                  0008beee    0000001e     app_p28FP.o28FP (.text:_xdc_runtime_Error_policyLog__I)
                  0008bf0c    0000001e     rts2800_fpu32.lib : ll_cmp28.asm.obj (.text)
                  0008bf2a    0000001d     sysbios.a28FP : c28_TaskSupport_asm.obj (.text:_ti_sysbios_family_c28_TaskSupport_swap__E)
                  0008bf47    0000001d     app_p28FP.o28FP (.text:_ti_sysbios_gates_GateHwi_Object__create__S)
                  0008bf64    0000001d     app_p28FP.o28FP (.text:_ti_sysbios_gates_GateMutex_Object__create__S)
                  0008bf81    0000001d     app_p28FP.o28FP (.text:_ti_sysbios_heaps_HeapMem_Object__create__S)
                  0008bf9e    0000001d     app_p28FP.o28FP (.text:_ti_sysbios_knl_Semaphore_construct)
                  0008bfbb    0000001d     ti.targets.rts2800.a28FP : SysMin.o28FP (.text:_xdc_runtime_SysMin_putch__E)
                  0008bfd8    0000001d     rts2800_fpu32.lib : i_tofd28.asm.obj (.text)
                  0008bff5    0000001d                       : memcpy.c.obj (.text)
                  0008c012    0000001c     sysbios.a28FP : BIOS.obj (.text:_ti_sysbios_hal_Hwi_checkStack)
                  0008c02e    0000001c                   : BIOS.obj (.text:_ti_sysbios_heaps_HeapMem_free__E)
                  0008c04a    0000001c     app_p28FP.o28FP (.text:_xdc_runtime_SysMin_output__I)
                  0008c066    0000001c     rts2800_fpu32.lib : fs_tofdfpu32.asm.obj (.text)
                  0008c082    0000001c                       : l_tofd28.asm.obj (.text)
                  0008c09e    0000001b     sysbios.a28FP : c28_Hwi_asm.obj (.text:_ti_sysbios_family_c28_Hwi_switchAndDispatch__I)
                  0008c0b9    0000001b                   : BIOS.obj (.text:_ti_sysbios_hal_Hwi_initStack)
                  0008c0d4    0000001b                   : BIOS.obj (.text:_ti_sysbios_knl_Task_processVitalTaskFlag__I)
                  0008c0ef    0000001a     ti.targets.rts2800.a28FP : System.o28FP (.text:_xdc_runtime_System_avprintf__E)
                  0008c109    00000019     sysbios.a28FP : BIOS.obj (.text:_ti_sysbios_knl_Mailbox_postInit__I)
                  0008c122    00000019     app_p28FP.o28FP (.text:_ti_sysbios_knl_Queue_construct)
                  0008c13b    00000019     sysbios.a28FP : BIOS.obj (.text:_ti_sysbios_knl_Semaphore_pendTimeout__I)
                  0008c154    00000019                   : BIOS.obj (.text:_ti_sysbios_knl_Swi_restore__E)
                  0008c16d    00000019     ti.targets.rts2800.a28FP : System.o28FP (.text:_xdc_runtime_System_vprintf__E)
                  0008c186    00000018     sysbios.a28FP : c28_Hwi_asm.obj (.text:_ti_sysbios_family_xxx_Hwi_switchAndRunFunc)
                  0008c19e    00000018     ti.targets.rts2800.a28FP : LoggerBuf.o28FP (.text:_xdc_runtime_LoggerBuf_reset__E)
                  0008c1b6    00000018                              : System.o28FP (.text:_xdc_runtime_System_putchar__I)
                  0008c1ce    00000018     rts2800_fpu32.lib : ll_aox28.asm.obj (.text)
                  0008c1e6    00000017     sysbios.a28FP : BIOS.obj (.text:_ti_sysbios_family_c28_Timer_startup__E)
                  0008c1fd    00000017     app_p28FP.o28FP (.text:_ti_sysbios_knl_Clock_doTick__I)
                  0008c214    00000017     sysbios.a28FP : BIOS.obj (.text:_ti_sysbios_knl_Task_restore__E)
                  0008c22b    00000017     ti.targets.rts2800.a28FP : LoggerBuf.o28FP (.text:_xdc_runtime_LoggerBuf_Module_startup__E)
                  0008c242    00000017                              : Memory.o28FP (.text:_xdc_runtime_Memory_valloc__E)
                  0008c259    00000017                              : SysMin.o28FP (.text:_xdc_runtime_SysMin_abort__E)
                  0008c270    00000016     app_p28FP.o28FP (.text:_ti_sysbios_BIOS_atExitFunc__I)
                  0008c286    00000016     sysbios.a28FP : BIOS.obj (.text:_ti_sysbios_family_c28_Timer_Module_startup__E)
                  0008c29c    00000016     28379D_uart.obj (.text:_uart_tx_char)
                  0008c2b2    00000016     ti.targets.rts2800.a28FP : Text.o28FP (.text:_xdc_runtime_Text_printVisFxn__I)
                  0008c2c8    00000015     SH1122_fonts.obj (.text:_decode_char)
                  0008c2dd    00000015     tf_mini_s_lidar.obj (.text:_lidar_read_distance)
                  0008c2f2    00000015     app_p28FP.o28FP (.text:_ti_sysbios_BIOS_startFunc__I)
                  0008c307    00000015     sysbios.a28FP : BIOS.obj (.text:_ti_sysbios_knl_Swi_Module_startup__E)
                  0008c31c    00000014                   : BIOS.obj (.text:_ti_sysbios_knl_Idle_run__E)
                  0008c330    00000013     app_p28FP.o28FP (.text:_ti_sysbios_gates_GateMutex_Object__delete__S)
                  0008c343    00000013     sysbios.a28FP : BIOS.obj (.text:_ti_sysbios_knl_Clock_Module_startup__E)
                  0008c356    00000013     ti.targets.rts2800.a28FP : Error.o28FP (.text:_xdc_runtime_Error_raiseX__E)
                  0008c369    00000012     SH1122_font_f10x16f.obj (.text:_f10x16f_decode_char)
                  0008c37b    00000012     SH1122_font_f6x8_mono.obj (.text:_f6x8_mono_decode_char)
                  0008c38d    00000012     app_p28FP.o28FP (.text:_ti_sysbios_gates_GateHwi_Object__delete__S)
                  0008c39f    00000012     app_p28FP.o28FP (.text:_ti_sysbios_heaps_HeapMem_Object__delete__S)
                  0008c3b1    00000012     app_p28FP.o28FP (.text:_xdc_runtime_LoggerBuf_Object__delete__S)
                  0008c3c3    00000012     rts2800_fpu32.lib : args_main.c.obj (.text)
                  0008c3d5    00000011     tf_mini_s_lidar.obj (.text:_lidar_init)
                  0008c3e6    00000011     sysbios.a28FP : BIOS.obj (.text:_ti_sysbios_knl_Task_restoreHwi__E)
                  0008c3f7    00000010     stepper.obj (.text:_stepper_zero)
                  0008c407    00000010     app_p28FP.o28FP (.text:_ti_sysbios_BIOS_errorRaiseHook__I)
                  0008c417    00000010     sysbios.a28FP : BIOS.obj (.text:_ti_sysbios_family_c28_Timer_stop__E)
                  0008c427    00000010     ti.targets.rts2800.a28FP : SysMin.o28FP (.text:_xdc_runtime_SysMin_Module_startup__E)
                  0008c437    00000010     rts2800_fpu32.lib : memccpy.c.obj (.text)
                  0008c447    0000000f     SH1122_oled.obj (.text:_oled_reset)
                  0008c456    0000000f     app_p28FP.o28FP (.text:_ti_sysbios_BIOS_removeRTSLock__I)
                  0008c465    0000000f     sysbios.a28FP : BIOS.obj (.text:_ti_sysbios_gates_GateMutex_Instance_init__E)
                  0008c474    0000000f     ti.targets.rts2800.a28FP : LoggerBuf.o28FP (.text:_xdc_runtime_LoggerBuf_write2__E)
                  0008c483    0000000f                              : Registry.o28FP (.text:_xdc_runtime_Registry_findById__E)
                  0008c492    0000000e     gpio.obj (.text:_gpio_init)
                  0008c4a0    0000000e     28379D_i2c.obj (.text:_i2c_nack_check)
                  0008c4ae    0000000e     tf_mini_s_lidar.obj (.text:_lidar_request_distance)
                  0008c4bc    0000000e     28379D_spi.obj (.text:_spi_handler_ISR)
                  0008c4ca    0000000e     sysbios.a28FP : BIOS.obj (.text:_ti_sysbios_family_c28_f2837x_TimestampProvider_get64__E)
                  0008c4d8    0000000e     app_p28FP.o28FP (.text:_ti_sysbios_heaps_HeapMem_Object__get__S)
                  0008c4e6    0000000e     app_p28FP.o28FP (.text:_ti_sysbios_knl_Semaphore_destruct)
                  0008c4f4    0000000e     app_p28FP.o28FP (.text:_ti_sysbios_knl_Swi_Object__get__S)
                  0008c502    0000000e     app_p28FP.o28FP (.text:_ti_sysbios_knl_Task_Object__get__S)
                  0008c510    0000000e     app_p28FP.o28FP (.text:_xdc_runtime_LoggerBuf_Object__get__S)
                  0008c51e    0000000e     rts2800_fpu32.lib : fd_sub28.asm.obj (.text)
                  0008c52c    0000000d     app_p28FP.o28FP (.text:_ti_sysbios_BIOS_registerRTSLock__I)
                  0008c539    0000000d     app_p28FP.o28FP (.text:_ti_sysbios_BIOS_rtsLock__I)
                  0008c546    0000000d     sysbios.a28FP : BIOS.obj (.text:_ti_sysbios_family_c28_Hwi_dispatchC__I)
                  0008c553    0000000d                   : BIOS.obj (.text:_ti_sysbios_knl_Clock_enqueueI__E)
                  0008c560    0000000d     app_p28FP.o28FP (.text:_ti_sysbios_knl_Queue_destruct)
                  0008c56d    0000000d     app_p28FP.o28FP (.text:_ti_sysbios_knl_Semaphore_Params__init__S)
                  0008c57a    0000000d     sysbios.a28FP : BIOS.obj (.text:_ti_sysbios_knl_Task_enter__I)
                  0008c587    0000000d                   : BIOS.obj (.text:_ti_sysbios_knl_Task_sleepTimeout__I)
                  0008c594    0000000d     ti.targets.rts2800.a28FP : Error.o28FP (.text:_xdc_runtime_Error_check__E)
                  0008c5a1    0000000d                              : LoggerBuf.o28FP (.text:_xdc_runtime_LoggerBuf_write0__E)
                  0008c5ae    0000000d                              : LoggerBuf.o28FP (.text:_xdc_runtime_LoggerBuf_write1__E)
                  0008c5bb    0000000d                              : System.o28FP (.text:_xdc_runtime_System_abort__E)
                  0008c5c8    0000000c     app_p28FP.o28FP (.text:.bootCodeSection:_ti_catalog_c2800_initF2837x_Boot_init)
                  0008c5d4    0000000c     SH1122_oled.obj (.text:_oled_write_data)
                  0008c5e0    0000000c     app_p28FP.o28FP (.text:_ti_sysbios_BIOS_exitFunc__I)
                  0008c5ec    0000000c     app_p28FP.o28FP (.text:_ti_sysbios_family_c28_Hwi_disableIER__E)
                  0008c5f8    0000000c     sysbios.a28FP : BIOS.obj (.text:_ti_sysbios_gates_GateMutex_leave__E)
                  0008c604    0000000c                   : BIOS.obj (.text:_ti_sysbios_knl_Queue_get__E)
                  0008c610    0000000c                   : BIOS.obj (.text:_ti_sysbios_knl_Queue_put__E)
                  0008c61c    0000000c                   : BIOS.obj (.text:_ti_sysbios_knl_Task_enabled__E)
                  0008c628    0000000c     ti.targets.rts2800.a28FP : SysMin.o28FP (.text:_xdc_runtime_SysMin_exit__E)
                  0008c634    0000000c     rts2800_fpu32.lib : strchr.c.obj (.text)
                  0008c640    0000000b     app_p28FP.o28FP (.text:_free)
                  0008c64b    0000000b     SH1122_oled.obj (.text:_oled_cmd_power_off)
                  0008c656    0000000b     SH1122_oled.obj (.text:_oled_cmd_power_on)
                  0008c661    0000000b     SH1122_oled.obj (.text:_oled_send_cmd)
                  0008c66c    0000000b     app_p28FP.o28FP (.text:_ti_sysbios_family_c28_Hwi_Module__startupDone__F)
                  0008c677    0000000b     app_p28FP.o28FP (.text:_ti_sysbios_family_c28_Hwi_Object__get__S)
                  0008c682    0000000b     app_p28FP.o28FP (.text:_ti_sysbios_family_c28_Hwi_enableIER__E)
                  0008c68d    0000000b     app_p28FP.o28FP (.text:_ti_sysbios_family_c28_Timer_Module__startupDone__F)
                  0008c698    0000000b     app_p28FP.o28FP (.text:_ti_sysbios_knl_Queue_Object__get__S)
                  0008c6a3    0000000b     app_p28FP.o28FP (.text:_ti_sysbios_knl_Task_SupportProxy_start__E)
                  0008c6ae    0000000b     sysbios.a28FP : BIOS.obj (.text:_ti_sysbios_knl_Task_unblock__E)
                  0008c6b9    0000000b     ti.targets.rts2800.a28FP : LoggerBuf.o28FP (.text:_xdc_runtime_LoggerBuf_Instance_finalize__E)
                  0008c6c4    0000000b                              : System.o28FP (.text:_xdc_runtime_System_exit__E)
                  0008c6cf    0000000a     app_p28FP.o28FP (.text:_ti_sysbios_knl_Mailbox_Object__get__S)
                  0008c6d9    0000000a     28379D_uart.obj (.text:_uart_rx_handler_ISR)
                  0008c6e3    0000000a     28379D_uart.obj (.text:_uart_tx_handler_ISR)
                  0008c6ed    0000000a     ti.targets.rts2800.a28FP : Error.o28FP (.text:_xdc_runtime_Error_init__E)
                  0008c6f7    0000000a                              : Memory.o28FP (.text:_xdc_runtime_Memory_free__E)
[...]
0     00093b0a  _ti_sysbios_knl_Task_Module_State_inactiveQ__O             
0     00093b0c  _ti_sysbios_knl_Task_Module__diagsEnabled__C               
0     00093b0e  _ti_sysbios_knl_Task_Module__diagsIncluded__C              
0     00093b10  _ti_sysbios_knl_Task_Module__diagsMask__C                  
0     00093b12  _ti_sysbios_knl_Task_Module__loggerFxn2__C                 
0     00093b14  _ti_sysbios_knl_Task_Module__loggerFxn4__C                 
0     00093b16  _ti_sysbios_knl_Task_Module__loggerObj__C                  
0     00093b18  _ti_sysbios_knl_Task_allBlockedFunc__C                     
0     00093b1a  _xdc_runtime_Assert_E_assertFailed__C                      
0     00093b1c  _xdc_runtime_Core_A_initializedParams__C                   
0     00093b1e  _xdc_runtime_Core_Module__diagsEnabled__C                  
0     00093b20  _xdc_runtime_Core_Module__diagsIncluded__C                 
0     00093b22  _xdc_runtime_Core_Module__diagsMask__C                     
0     00093b24  _xdc_runtime_Error_E_memory__C                             
0     00093b26  _xdc_runtime_Error_policyFxn__C                            
0     00093b28  _xdc_runtime_Error_raiseHook__C                            
0     00093b2a  _xdc_runtime_IFilterLogger_Interface__BASE__C              
0     00093b2c  _xdc_runtime_IGateProvider_Interface__BASE__C              
0     00093b2e  _xdc_runtime_IHeap_Interface__BASE__C                      
0     00093b30  _xdc_runtime_ILogger_Interface__BASE__C                    
0     00093b32  _xdc_runtime_IModule_Interface__BASE__C                    
0     00093b34  _xdc_runtime_LoggerBuf_E_badLevel__C                       
0     00093b36  _xdc_runtime_LoggerBuf_Module__gateObj__C                  
0     00093b38  _xdc_runtime_LoggerBuf_statusLogger__C                     
0     00093b3a  _xdc_runtime_Memory_defaultHeapInstance__C                 
0     00093b3c  _xdc_runtime_Startup_execImpl__C                           
0     00093b3e  _xdc_runtime_Startup_sfxnRts__C                            
0     00093b40  _xdc_runtime_Startup_sfxnTab__C                            
0     00093b42  _xdc_runtime_SysMin_bufSize__C                             
0     00093b44  _xdc_runtime_SysMin_outputFunc__C                          
0     00093b46  _xdc_runtime_System_Module__gateObj__C                     
0     00093b48  _xdc_runtime_System_abortFxn__C                            
0     00093b4a  _xdc_runtime_System_exitFxn__C                             
0     00093b4c  _xdc_runtime_System_extendFxn__C                           
0     00093b4e  _xdc_runtime_Text_charTab__C                               
0     00093b50  _xdc_runtime_Text_nodeTab__C                               
0     00093b52  _xdc_runtime_Text_visitRopeFxn__C                          
0     00093b54  _ti_sysbios_hal_Hwi_Module__id__C                          
0     00093b55  _ti_sysbios_heaps_HeapMem_Module__id__C                    
0     00093b56  _ti_sysbios_heaps_HeapMem_Object__count__C                 
0     00093b57  _ti_sysbios_knl_Clock_Module__id__C                        
0     00093b58  _ti_sysbios_knl_Clock_Module__loggerDefined__C             
0     00093b59  _ti_sysbios_knl_Mailbox_Module__id__C                      
0     00093b5a  _ti_sysbios_knl_Mailbox_Object__count__C                   
0     00093b5b  _ti_sysbios_knl_Mailbox_maxTypeAlign__C                    
0     00093b5c  _ti_sysbios_knl_Semaphore_Module__id__C                    
0     00093b5d  _ti_sysbios_knl_Semaphore_Module__loggerDefined__C         
0     00093b5e  _ti_sysbios_knl_Swi_Module__id__C                          
0     00093b5f  _ti_sysbios_knl_Swi_Module__loggerDefined__C               
0     00093b60  _ti_sysbios_knl_Swi_Object__count__C                       
0     00093b61  _ti_sysbios_knl_Task_Module__id__C                         
0     00093b62  _ti_sysbios_knl_Task_Module__loggerDefined__C              
0     00093b63  _ti_sysbios_knl_Task_Object__count__C                      
0     00093b64  _ti_sysbios_knl_Task_numConstructedTasks__C                
0     00093b65  _xdc_runtime_Core_Module__id__C                            
0     00093b66  _xdc_runtime_Error_Module__loggerDefined__C                
0     00093b67  _xdc_runtime_Error_maxDepth__C                             
0     00093b68  _xdc_runtime_Error_policy__C                               
0     00093b69  _xdc_runtime_LoggerBuf_Module__id__C                       
0     00093b6a  _xdc_runtime_LoggerBuf_Object__count__C                    
0     00093b6b  _xdc_runtime_LoggerBuf_filterByLevel__C                    
0     00093b6c  _xdc_runtime_Memory_Module__id__C                          
0     00093b6d  _xdc_runtime_Startup_maxPasses__C                          
0     00093b6e  _xdc_runtime_SysMin_flushAtExit__C                         
0     00093b6f  _xdc_runtime_System_maxAtexitHandlers__C                   
0     00093b70  _xdc_runtime_Text_isLoaded__C                              
0     00093b71  _xdc_runtime_Text_registryModsLastId__C                    
0     00093b72  _xdc_runtime_Text_unnamedModsLastId__C                     
1     00000122  __stack                                                    
1     00000222  .data                                                      
1     00000222  __STACK_END                                                
1     00000222  ___data__                                                  
1     00000222  _ti_sysbios_knl_Clock_Module__state__V                     
1     00000238  _ti_sysbios_family_c28_Timer_Module__state__V              
1     00000240  _ti_sysbios_knl_Task_Module__state__V                      
1     00000260  _ti_sysbios_BIOS_Module__state__V                          
1     00000272  _ti_sysbios_knl_Swi_Module__state__V                       
1     0000027e  _xdc_runtime_Memory_Module__state__V                       
1     00000280  _ti_sysbios_family_c28_Hwi_Module__state__V                
1     00000290  _xdc_runtime_Registry_Module__state__V                     
1     00000294  _xdc_runtime_Startup_Module__state__V                      
1     00000298  _xdc_runtime_SysMin_Module__state__V                       
1     0000029c  _xdc_runtime_System_Module__state__V                       
1     000002a0  _xdc_runtime_Text_Module__state__V                         
1     000002a4  _xdc_runtime_LoggerBuf_Module__state__V                    
1     000002a7  _xdc_runtime_Error_Module__state__V                        
1     000002a8  ___edata__                                                 
1     000002a8  edata                                                      
1     00000b00  _AdcaResultRegs                                            
1     00000b20  _AdcbResultRegs                                            
1     00000b40  _AdccResultRegs                                            
1     00000b60  _AdcdResultRegs                                            
1     00000c00  _CpuTimer0Regs                                             
1     00000c08  _CpuTimer1Regs                                             
1     00000c10  _CpuTimer2Regs                                             
1     00000ce0  _PieCtrlRegs                                               
1     00001000  _DmaRegs                                                   
1     00001400  _Cla1Regs                                                  
1     00003000  _Clb1LogicCfgRegs                                          
1     00003100  _Clb1LogicCtrlRegs                                         
1     00003200  _Clb1DataExchRegs                                          
1     00003400  _Clb2LogicCfgRegs                                          
1     00003500  _Clb2LogicCtrlRegs                                         
1     00003600  _Clb2DataExchRegs                                          
1     00003800  _Clb3LogicCfgRegs                                          
1     00003900  _Clb3LogicCtrlRegs                                         
1     00003a00  _Clb3DataExchRegs                                          
1     00003c00  _Clb4LogicCfgRegs                                          
1     00003d00  _Clb4LogicCtrlRegs                                         
1     00003e00  _Clb4DataExchRegs                                          
1     00004000  _EPwm1Regs                                                 
1     00004100  _EPwm2Regs                                                 
1     00004200  _EPwm3Regs                                                 
1     00004300  _EPwm4Regs                                                 
1     00004400  _EPwm5Regs                                                 
1     00004500  _EPwm6Regs                                                 
1     00004600  _EPwm7Regs                                                 
1     00004700  _EPwm8Regs                                                 
1     00004800  _EPwm9Regs                                                 
1     00004900  _EPwm10Regs                                                
1     00004a00  _EPwm11Regs                                                
1     00004b00  _EPwm12Regs                                                
1     00005000  _ECap1Regs                                                 
1     00005020  _ECap2Regs                                                 
1     00005040  _ECap3Regs                                                 
1     00005060  _ECap4Regs                                                 
1     00005080  _ECap5Regs                                                 
1     000050a0  _ECap6Regs                                                 
1     00005100  _EQep1Regs                                                 
1     00005140  _EQep2Regs                                                 
1     00005180  _EQep3Regs                                                 
1     00005c00  _DacaRegs                                                  
1     00005c10  _DacbRegs                                                  
1     00005c20  _DaccRegs                                                  
1     00005c80  _Cmpss1Regs                                                
1     00005ca0  _Cmpss2Regs                                                
1     00005cc0  _Cmpss3Regs                                                
1     00005ce0  _Cmpss4Regs                                                
1     00005d00  _Cmpss5Regs                                                
1     00005d20  _Cmpss6Regs                                                
1     00005d40  _Cmpss7Regs                                                
1     00005d60  _Cmpss8Regs                                                
1     00005e00  _Sdfm1Regs                                                 
1     00005e80  _Sdfm2Regs                                                 
1     00006000  _McbspaRegs                                                
1     00006040  _McbspbRegs                                                
1     00006100  _SpiaRegs                                                  
1     00006110  _SpibRegs                                                  
1     00006120  _SpicRegs                                                  
1     00006200  _UppRegs                                                   
1     00007000  _WdRegs                                                    
1     00007060  _NmiIntruptRegs                                            
1     00007070  _XintRegs                                                  
1     00007200  _SciaRegs                                                  
1     00007210  _ScibRegs                                                  
1     00007220  _ScicRegs                                                  
1     00007230  _ScidRegs                                                  
1     00007300  _I2caRegs                                                  
1     00007340  _I2cbRegs                                                  
1     00007400  _AdcaRegs                                                  
1     00007480  _AdcbRegs                                                  
1     00007500  _AdccRegs                                                  
1     00007580  _AdcdRegs                                                  
1     00007900  _InputXbarRegs                                             
1     00007920  _XbarRegs                                                  
1     00007940  _SyncSocRegs                                               
1     00007980  _DmaClaSrcSelRegs                                          
1     00007a00  _EPwmXbarRegs                                              
1     00007a40  _ClbXbarRegs                                               
1     00007a80  _OutputXbarRegs                                            
1     00007c00  _GpioCtrlRegs                                              
1     00007f00  _GpioDataRegs                                              
1     00008000  _RamfuncsLoadEnd                                           
1     00008000  _RamfuncsLoadStart                                         
1     00008000  _RamfuncsRunEnd                                            
1     00008000  _RamfuncsRunStart                                          
1     0000e000  _ti_sysbios_knl_Task_Instance_State_0_stack__A             
1     0000e400  _ti_sysbios_knl_Task_Instance_State_1_stack__A             
1     0000e800  _ti_sysbios_knl_Task_Instance_State_2_stack__A             
1     0000ec00  _ti_sysbios_knl_Task_Instance_State_3_stack__A             
1     0000f000  _ti_sysbios_knl_Task_Instance_State_4_stack__A             
1     0000f400  _ti_sysbios_heaps_HeapMem_Instance_State_0_buf__A          
1     0000fc04  _ti_sysbios_family_c28_Timer_Object__table__V              
1     0000fc34  _ti_sysbios_heaps_HeapMem_Object__table__V                 
1     0000fc40  _xdc_runtime_LoggerBuf_Instance_State_0_entryArr__A        
1     0000fe40  _xdc_runtime_SysMin_Module_State_0_outbuf__A               
1     00010040  _ti_sysbios_family_c28_Hwi_Module_State_0_dispatchTable__A 
1     00010200  _ti_sysbios_knl_Task_Object__table__V                      
1     000102d2  _ti_sysbios_gates_GateMutex_Object__table__V               
1     000102ee  _xdc_runtime_LoggerBuf_Object__table__V                    
1     00010300  _ti_sysbios_family_c28_Hwi_Object__table__V                
1     0001037a  ___TI_enable_exit_profile_output                           
1     0001037c  ___TI_cleanup_ptr                                          
1     0001037e  ___TI_dtors_ptr                                            
1     000103f8  _parmbuf                                                   
1     00010400  _ti_sysbios_knl_Semaphore_Object__table__V                 
1     0001045a  _xdc_runtime_System_Module_State_0_atexitHandlers__A       
1     00010464  _distance_to_oled_mailbox                                  
1     00010466  _distance_to_pc_mailbox                                    
1     00010468  _angle_to_pc_mailbox                                       
1     00010470  _ti_sysbios_hal_Timer_Object__table__V                     
1     00010474  __lock                                                     
1     00010476  __unlock                                                   
1     0001047a  _ti_sysbios_gates_GateHwi_Object__table__V                 
1     0001047c  _ti_sysbios_knl_Task_Module_State_0_idleTask__A            
1     0001047f  _errno                                                     
1     00010480  _ti_sysbios_knl_Swi_Object__table__V                       
1     00010500  ___xdc__init__addr                                         
1     00010502  _ti_sysbios_family_c28_Hwi_Module__root__V                 
1     00010506  _ti_sysbios_family_c28_Timer_Module__root__V               
1     0001050a  _ti_sysbios_gates_GateHwi_Module__root__V                  
1     0001050e  _ti_sysbios_gates_GateMutex_Module__root__V                
1     00010512  _ti_sysbios_hal_Hwi_Module__root__V                        
1     00010516  _ti_sysbios_hal_Timer_Module__root__V                      
1     0001051a  _ti_sysbios_heaps_HeapMem_Module__root__V                  
1     0001051e  _ti_sysbios_knl_Clock_Module__root__V                      
1     00010522  _ti_sysbios_knl_Event_Module__root__V                      
1     00010526  _ti_sysbios_knl_Mailbox_Module__root__V                    
1     0001052a  _ti_sysbios_knl_Queue_Module__root__V                      
1     0001052e  _ti_sysbios_knl_Semaphore_Module__root__V                  
1     00010532  _ti_sysbios_knl_Swi_Module__root__V                        
1     00010536  _ti_sysbios_knl_Task_Module__root__V                       
1     0001053a  _xdc_runtime_LoggerBuf_Module__root__V                     
1     00010540  _xdc_runtime_Error_IgnoreBlock                             
1     00010580  _ti_sysbios_knl_Swi_Module_State_0_readyQ__A               
1     000105c0  _ti_sysbios_knl_Task_Module_State_0_readyQ__A              
1     00010600  __CIOBUF_                                                  
1     00047000  _Emif1Regs                                                 
1     00047800  _Emif2Regs                                                 
1     00048000  _CanaRegs                                                  
1     0004a000  _CanbRegs                                                  
1     00050000  _IpcRegs                                                   
1     00050024  _FlashPumpSemaphoreRegs                                    
1     0005d000  _DevCfgRegs                                                
1     0005d180  _AnalogSubsysRegs                                          
1     0005d200  _ClkCfgRegs                                                
1     0005d300  _CpuSysRegs                                                
1     0005e608  _RomPrefetchRegs                                           
1     0005f000  _DcsmZ1Regs                                                
1     0005f040  _DcsmZ2Regs                                                
1     0005f070  _DcsmCommonRegs                                            
1     0005f400  _MemCfgRegs                                                
1     0005f480  _Emif1ConfigRegs                                           
1     0005f4a0  _Emif2ConfigRegs                                           
1     0005f4c0  _AccessProtectionRegs                                      
1     0005f500  _MemoryErrorRegs                                           
1     0005f540  _RomWaitStateRegs                                          
1     0005f800  _Flash0CtrlRegs                                            
1     0005fb00  _Flash0EccRegs                                             
abs   00000000  _RamfuncsLoadSize                                          
abs   00000000  _RamfuncsRunSize                                           
abs   00000001  _xdc_rov_runtime_Mon__checksum                             
abs   00000001  _xdc_rov_runtime_Mon__write                                
abs   00000001  _xdc_runtime_Startup__EXECFXN__C                           
abs   00000001  _xdc_runtime_Startup__RESETFXN__C                          
abs   00000100  __STACK_SIZE                                               
abs   ffffffff  ___TI_pprof_out_hndl                                       
abs   ffffffff  ___TI_prof_data_size                                       
abs   ffffffff  ___TI_prof_data_start                                      
abs   ffffffff  ___c_args__                                                
abs   ffffffff  ___pinit__                                                 
abs   ffffffff  pinit                                                      

[787 symbols]
